
Allocating common symbols
Common symbol       size              file

netbufpool          0x4               binaries/net.o
readylist           0x2               binaries/ready.o
rfltab              0x5a0             binaries/rflinit.o
sleepq              0x2               binaries/clkinit.o
nnames              0x4               binaries/naminit.o
udptab              0x168             binaries/udp.o
minheap             0x4               binaries/meminit.o
marks               0x50              binaries/mark.o
currpid             0x4               binaries/initialize.o
Lf_data             0x20c             binaries/lfsinit.o
porttab             0x2d0             binaries/ptinit.o
girmask             0x2               binaries/evec.o
ttytab              0x10c             binaries/ttyinit.o
proctab             0x15e0            binaries/initialize.o
prcount             0x4               binaries/initialize.o
lfltab              0xf00             binaries/lflinit.o
rdstab              0x8c              binaries/rdsinit.o
ethertab            0x138             binaries/ethinit.o
NetData             0xa8              binaries/net.o
nmarks              0x4               binaries/mark.o
xts_conf            0x2d0             binaries/initialize.o
Defer               0x8               binaries/resched.o
semtab              0x4b0             binaries/initialize.o
maxheap             0x4               binaries/meminit.o
preempt             0x4               binaries/clkinit.o
buftab              0xf0              binaries/bufinit.o
Rf_data             0x18              binaries/rfsinit.o
mkmutex             0x4               binaries/mark.o
clktime             0x4               binaries/clkinit.o
arpcache            0x140             binaries/arp.o
icmptab             0x230             binaries/icmp.o
nbpools             0x4               binaries/bufinit.o
queuetab            0x980             binaries/queue.o
ptnextid            0x4               binaries/ptinit.o
Ram                 0x19000           binaries/raminit.o
ipoqueue            0x2c              binaries/ip.o
memlist             0x8               binaries/initialize.o
nametab             0x19a0            binaries/naminit.o
ptfree              0x4               binaries/ptinit.o

Memory Configuration

Name             Origin             Length             Attributes
*default*        0x0000000000000000 0xffffffffffffffff

Linker script and memory map

                0x0000000000100000                physbase = 0x100000
                0x0000000000100000                . = physbase
                0x0000000000100000                . = ALIGN (0x1000)

.text           0x0000000000100000    0x14000
                0x0000000000100000                text = ABSOLUTE (.)
 *(.text .text.*)
 .text          0x0000000000100000      0x1a8 binaries/start.o
                0x0000000000100024                start
                0x00000000001000f6                inb
                0x00000000001000fe                inw
                0x0000000000100107                inl
                0x000000000010010f                outb
                0x0000000000100119                outw
                0x0000000000100124                outl
                0x000000000010012e                _rtcin
                0x0000000000100139                ___udivsi3
                0x0000000000100144                ___divsi3
                0x0000000000100150                sbzero
                0x0000000000100160                bcopy
                0x0000000000100174                insw
                0x000000000010018a                outsw
                0x00000000001001a0                lidt
 .text          0x00000000001001a8      0x2d5 binaries/ascdate.o
                0x00000000001001a8                ascdate
 .text          0x000000000010047d       0x10 binaries/bufinit.o
                0x000000000010047d                bufinit
 .text          0x000000000010048d       0x6c binaries/chprio.o
                0x000000000010048d                chprio
 .text          0x00000000001004f9       0x73 binaries/clkhandler.o
                0x00000000001004f9                clkhandler
 .text          0x000000000010056c       0x59 binaries/clkinit.o
                0x000000000010056c                clkinit
 .text          0x00000000001005c5       0x56 binaries/close.o
                0x00000000001005c5                close
 .text          0x000000000010061b        0x0 binaries/conf.o
 .text          0x000000000010061b       0x5f binaries/control.o
                0x000000000010061b                control
 .text          0x000000000010067a      0x25c binaries/create.o
                0x000000000010067a                create
 .text          0x00000000001008d6      0x205 binaries/early_imr.o
                0x00000000001008d6                intel_cln_early_sb_read_reg
                0x000000000010092e                intel_cln_early_sb_write_reg
                0x00000000001009dd                remove_irm_protections
 .text          0x0000000000100adb      0x2e6 binaries/evec.o
                0x0000000000100adb                setirmask
                0x0000000000100b0f                set_evec
                0x0000000000100b6b                initevec
                0x0000000000100c3a                trap
 .text          0x0000000000100dc1       0x78 binaries/freebuf.o
                0x0000000000100dc1                freebuf
 .text          0x0000000000100e39      0x107 binaries/freemem.o
                0x0000000000100e39                freemem
 .text          0x0000000000100f40       0x65 binaries/getbuf.o
                0x0000000000100f40                getbuf
 .text          0x0000000000100fa5       0x56 binaries/getc.o
                0x0000000000100fa5                getc
 .text          0x0000000000100ffb       0x63 binaries/getdev.o
                0x0000000000100ffb                getdev
 .text          0x000000000010105e       0x77 binaries/getitem.o
                0x000000000010105e                getitem
                0x000000000010108a                getfirst
                0x00000000001010ad                getlast
 .text          0x00000000001010d5       0xc2 binaries/getmem.o
                0x00000000001010d5                getmem
 .text          0x0000000000101197        0x6 binaries/getpid.o
                0x0000000000101197                getpid
 .text          0x000000000010119d       0x64 binaries/getprio.o
                0x000000000010119d                getprio
 .text          0x0000000000101201       0xa5 binaries/getstk.o
                0x0000000000101201                getstk
 .text          0x00000000001012a6       0x34 binaries/gettime.o
                0x00000000001012a6                gettime
 .text          0x00000000001012da      0x19d binaries/getutime.o
                0x00000000001012da                getutime
 .text          0x0000000000101477       0x56 binaries/init.o
                0x0000000000101477                init
 .text          0x00000000001014cd      0x25c binaries/initialize.o
                0x00000000001014cd                nulluser
                0x00000000001016e4                stop
                0x0000000000101706                delay
 .text          0x0000000000101729       0xa0 binaries/insert.o
                0x0000000000101729                insert
 .text          0x00000000001017c9       0xe9 binaries/insertd.o
                0x00000000001017c9                insertd
 .text          0x00000000001018b2        0x6 binaries/ioerr.o
                0x00000000001018b2                ioerr
 .text          0x00000000001018b8        0x6 binaries/ionull.o
                0x00000000001018b8                ionull
 .text          0x00000000001018be      0x18c binaries/kill.o
                0x00000000001018be                kill
 .text          0x0000000000101a4a       0xa5 binaries/kprintf.o
                0x0000000000101a4a                kputc
                0x0000000000101a79                console_init
                0x0000000000101aab                kgetc
                0x0000000000101acd                kprintf
 .text          0x0000000000101aef       0xda binaries/main.o
                0x0000000000101aef                main
 .text          0x0000000000101bc9       0x93 binaries/mark.o
                0x0000000000101bc9                markinit
                0x0000000000101be6                mark
 .text          0x0000000000101c5c      0x1d7 binaries/meminit.o
                0x0000000000101c5c                meminit
                0x0000000000101dc5                setsegs
 .text          0x0000000000101e33      0x12a binaries/mkbufpool.o
                0x0000000000101e33                mkbufpool
 .text          0x0000000000101f5d       0x5e binaries/newqueue.o
                0x0000000000101f5d                newqueue
 .text          0x0000000000101fbb       0x5e binaries/open.o
                0x0000000000101fbb                open
 .text          0x0000000000102019       0x1e binaries/panic.o
                0x0000000000102019                panic
 .text          0x0000000000102037      0x27c binaries/pci.o
                0x0000000000102037                pci_init
                0x000000000010203d                find_pci_device
                0x00000000001020fb                pci_read_config_byte
                0x0000000000102138                pci_read_config_word
                0x0000000000102177                pci_read_config_dword
                0x00000000001021b4                pci_write_config_byte
                0x00000000001021ef                pci_write_config_word
                0x000000000010222b                pci_write_config_dword
                0x0000000000102266                pci_get_dev_mmio_base_addr
 .text          0x00000000001022b3       0x4f binaries/platinit.o
                0x00000000001022b3                platinit
 .text          0x0000000000102302       0xa3 binaries/ptclear.o
                0x0000000000102302                _ptclear
 .text          0x00000000001023a5       0x7c binaries/ptcount.o
                0x00000000001023a5                ptcount
 .text          0x0000000000102421       0xeb binaries/ptcreate.o
                0x0000000000102421                ptcreate
 .text          0x000000000010250c       0x64 binaries/ptdelete.o
                0x000000000010250c                ptdelete
 .text          0x0000000000102570       0x88 binaries/ptinit.o
                0x0000000000102570                ptinit
 .text          0x00000000001025f8       0xec binaries/ptrecv.o
                0x00000000001025f8                ptrecv
 .text          0x00000000001026e4       0x67 binaries/ptreset.o
                0x00000000001026e4                ptreset
 .text          0x000000000010274b      0x10d binaries/ptsend.o
                0x000000000010274b                ptsend
 .text          0x0000000000102858       0x5c binaries/putc.o
                0x0000000000102858                putc
 .text          0x00000000001028b4       0xb6 binaries/quark_irq.o
                0x00000000001028b4                quark_irq_routing
 .text          0x000000000010296a      0x19d binaries/quark_pdat.o
                0x000000000010296a                get_quark_pdat_entry_data_by_id
                0x0000000000102a37                get_quark_pdat_entry_data_by_desc
 .text          0x0000000000102b07       0xb7 binaries/queue.o
                0x0000000000102b07                enqueue
                0x0000000000102b73                dequeue
 .text          0x0000000000102bbe       0x5e binaries/read.o
                0x0000000000102bbe                read
 .text          0x0000000000102c1c       0x6c binaries/ready.o
                0x0000000000102c1c                ready
 .text          0x0000000000102c88       0x67 binaries/receive.o
                0x0000000000102c88                receive
 .text          0x0000000000102cef       0x54 binaries/recvclr.o
                0x0000000000102cef                recvclr
 .text          0x0000000000102d43       0xc2 binaries/recvtime.o
                0x0000000000102d43                recvtime
 .text          0x0000000000102e05      0x150 binaries/resched.o
                0x0000000000102e05                resched
                0x0000000000102ee2                resched_cntl
 .text          0x0000000000102f55       0x87 binaries/resume.o
                0x0000000000102f55                resume
 .text          0x0000000000102fdc       0x5a binaries/seek.o
                0x0000000000102fdc                seek
 .text          0x0000000000103036       0x4f binaries/semcount.o
                0x0000000000103036                semcount
 .text          0x0000000000103085       0x86 binaries/semcreate.o
                0x0000000000103085                semcreate
 .text          0x000000000010310b       0xc3 binaries/semdelete.o
                0x000000000010310b                semdelete
 .text          0x00000000001031ce       0xa7 binaries/semreset.o
                0x00000000001031ce                semreset
 .text          0x0000000000103275       0xd2 binaries/send.o
                0x0000000000103275                send
 .text          0x0000000000103347       0x95 binaries/signal.o
                0x0000000000103347                signal
 .text          0x00000000001033dc       0xb2 binaries/signaln.o
                0x00000000001033dc                signaln
 .text          0x000000000010348e       0xc9 binaries/sleep.o
                0x000000000010348e                sleepms
                0x0000000000103521                sleep
 .text          0x0000000000103557       0xd3 binaries/suspend.o
                0x0000000000103557                suspend
 .text          0x000000000010362a       0x9a binaries/unsleep.o
                0x000000000010362a                unsleep
 .text          0x00000000001036c4       0x15 binaries/userret.o
                0x00000000001036c4                userret
 .text          0x00000000001036d9       0xb7 binaries/wait.o
                0x00000000001036d9                wait
 .text          0x0000000000103790       0x6d binaries/wakeup.o
                0x0000000000103790                wakeup
 .text          0x00000000001037fd       0x5e binaries/write.o
                0x00000000001037fd                write
 .text          0x000000000010385b       0x16 binaries/xdone.o
                0x000000000010385b                xdone
 .text          0x0000000000103871       0x23 binaries/yield.o
                0x0000000000103871                yield
 .text          0x0000000000103894        0xe binaries/abs.o
                0x0000000000103894                abs
 .text          0x00000000001038a2       0x7d binaries/atoi.o
                0x00000000001038a2                atoi
 .text          0x000000000010391f       0x7d binaries/atol.o
                0x000000000010391f                atol
 .text          0x000000000010399c       0x18 binaries/bzero.o
                0x000000000010399c                bzero
 .text          0x00000000001039b4        0x0 binaries/ctype_.o
 .text          0x00000000001039b4      0x6e7 binaries/doprnt.o
                0x0000000000103b08                _doprnt
 .text          0x000000000010409b      0x678 binaries/doscan.o
                0x000000000010409b                _doscan
 .text          0x0000000000104713      0x6a9 binaries/fdoprnt.o
                0x0000000000104797                _fdoprnt
 .text          0x0000000000104dbc       0x1c binaries/fgetc.o
                0x0000000000104dbc                fgetc
 .text          0x0000000000104dd8       0x5c binaries/fgets.o
                0x0000000000104dd8                fgets
 .text          0x0000000000104e34       0x23 binaries/fprintf.o
                0x0000000000104e34                fprintf
 .text          0x0000000000104e57       0x29 binaries/fputc.o
                0x0000000000104e57                fputc
 .text          0x0000000000104e80       0x3b binaries/fputs.o
                0x0000000000104e80                fputs
 .text          0x0000000000104ebb       0x6a binaries/fscanf.o
                0x0000000000104ef5                fscanf
 .text          0x0000000000104f25       0x25 binaries/getchar.o
                0x0000000000104f25                getchar
 .text          0x0000000000104f4a        0xe binaries/labs.o
                0x0000000000104f4a                labs
 .text          0x0000000000104f58       0x32 binaries/memchr.o
                0x0000000000104f58                memchr
 .text          0x0000000000104f8a       0x49 binaries/memcmp.o
                0x0000000000104f8a                memcmp
 .text          0x0000000000104fd3       0x25 binaries/memcpy.o
                0x0000000000104fd3                memcpy
 .text          0x0000000000104ff8       0x1e binaries/memset.o
                0x0000000000104ff8                memset
 .text          0x0000000000105016       0x38 binaries/printf.o
                0x0000000000105016                printf
 .text          0x000000000010504e       0x29 binaries/putchar.o
                0x000000000010504e                putchar
 .text          0x0000000000105077      0x1cb binaries/qsort.o
                0x0000000000105217                qsort
 .text          0x0000000000105242       0x45 binaries/rand.o
                0x0000000000105242                srand
                0x000000000010524c                rand
 .text          0x0000000000105287       0x49 binaries/sprintf.o
                0x000000000010529e                sprintf
 .text          0x00000000001052d0       0x57 binaries/sscanf.o
                0x00000000001052f9                sscanf
 .text          0x0000000000105327       0x2d binaries/strchr.o
                0x0000000000105327                strchr
 .text          0x0000000000105354       0x43 binaries/strcmp.o
                0x0000000000105354                strcmp
 .text          0x0000000000105397       0x1a binaries/strcpy.o
                0x0000000000105397                strcpy
 .text          0x00000000001053b1       0x1c binaries/strlen.o
                0x00000000001053b1                strlen
 .text          0x00000000001053cd       0x3c binaries/strncat.o
                0x00000000001053cd                strncat
 .text          0x0000000000105409       0x3a binaries/strncmp.o
                0x0000000000105409                strncmp
 .text          0x0000000000105443       0x58 binaries/strncpy.o
                0x0000000000105443                strncpy
 .text          0x000000000010549b       0x36 binaries/strnlen.o
                0x000000000010549b                strnlen
 .text          0x00000000001054d1       0x30 binaries/strrchr.o
                0x00000000001054d1                strrchr
 .text          0x0000000000105501       0x66 binaries/strstr.o
                0x0000000000105501                strstr
 .text          0x0000000000105567      0x10a binaries/ttycontrol.o
                0x0000000000105567                ttycontrol
 .text          0x0000000000105671       0xaa binaries/ttygetc.o
                0x0000000000105671                ttygetc
 .text          0x000000000010571b      0x48a binaries/ttyhandle_in.o
                0x00000000001057d1                ttyhandle_in
 .text          0x0000000000105ba5      0x14c binaries/ttyhandle_out.o
                0x0000000000105ba5                ttyhandle_out
 .text          0x0000000000105cf1       0x84 binaries/ttyhandler.o
                0x0000000000105cf1                ttyhandler
 .text          0x0000000000105d75      0x15a binaries/ttyinit.o
                0x0000000000105d75                ttyinit
 .text          0x0000000000105ecf        0xc binaries/ttykickout.o
                0x0000000000105ecf                ttykickout
 .text          0x0000000000105edb       0xac binaries/ttyputc.o
                0x0000000000105edb                ttyputc
 .text          0x0000000000105f87       0xf3 binaries/ttyread.o
                0x0000000000105f87                ttyread
 .text          0x000000000010607a       0x46 binaries/ttywrite.o
                0x000000000010607a                ttywrite
 .text          0x00000000001060c0      0x125 binaries/mount.o
                0x00000000001060c0                namlen
                0x00000000001060f8                mount
 .text          0x00000000001061e5      0x196 binaries/naminit.o
                0x00000000001061e5                naminit
 .text          0x000000000010637b      0x1ff binaries/nammap.o
                0x000000000010637b                namrepl
                0x000000000010649c                namcpy
                0x00000000001064e9                nammap
 .text          0x000000000010657a       0x4e binaries/namopen.o
                0x000000000010657a                namopen
 .text          0x00000000001065c8       0xce binaries/colon2mac.o
                0x00000000001065c8                colon2mac
 .text          0x0000000000106696       0x81 binaries/ethcontrol.o
                0x0000000000106696                ethcontrol
 .text          0x0000000000106717      0x162 binaries/ethhandler.o
                0x0000000000106717                ethhandler
 .text          0x0000000000106879      0x500 binaries/ethinit.o
                0x0000000000106879                eth_phy_read
                0x00000000001068b6                eth_phy_write
                0x00000000001068f6                eth_phy_reset
                0x00000000001069d0                ethinit
 .text          0x0000000000106d79       0xee binaries/ethmcast.o
                0x0000000000106d79                ethmcast_add
                0x0000000000106dc6                ethmcast_remove
 .text          0x0000000000106e67      0x14f binaries/ethread.o
                0x0000000000106e67                ethread
 .text          0x0000000000106fb6       0xc3 binaries/ethwrite.o
                0x0000000000106fb6                ethwrite
 .text          0x0000000000107079       0x66 binaries/rdsbufalloc.o
                0x0000000000107079                rdsbufalloc
 .text          0x00000000001070df       0xc2 binaries/rdsclose.o
                0x00000000001070df                rdsclose
 .text          0x00000000001071a1      0x1ea binaries/rdscomm.o
                0x00000000001071a1                rdscomm
 .text          0x000000000010738b      0x1c2 binaries/rdscontrol.o
                0x000000000010738b                rdscontrol
 .text          0x000000000010754d      0x1e3 binaries/rdsinit.o
                0x000000000010754d                rdsinit
 .text          0x0000000000107730      0x1a1 binaries/rdsopen.o
                0x0000000000107730                rdsopen
 .text          0x00000000001078d1      0x2ab binaries/rdsprocess.o
                0x00000000001078d1                rdsprocess
 .text          0x0000000000107b7c      0x1e2 binaries/rdsread.o
                0x0000000000107b7c                rdsread
 .text          0x0000000000107d5e      0x1ac binaries/rdswrite.o
                0x0000000000107d5e                rdswrite
 .text          0x0000000000107f0a        0x6 binaries/ramclose.o
                0x0000000000107f0a                ramclose
 .text          0x0000000000107f10       0x34 binaries/raminit.o
                0x0000000000107f10                raminit
 .text          0x0000000000107f44        0x7 binaries/ramopen.o
                0x0000000000107f44                ramopen
 .text          0x0000000000107f4b       0x27 binaries/ramread.o
                0x0000000000107f4b                ramread
 .text          0x0000000000107f72       0x27 binaries/ramwrite.o
                0x0000000000107f72                ramwrite
 .text          0x0000000000107f99       0x87 binaries/lfdballoc.o
                0x0000000000107f99                lfdballoc
 .text          0x0000000000108020       0x4d binaries/lfdbfree.o
                0x0000000000108020                lfdbfree
 .text          0x000000000010806d       0x9f binaries/lfflush.o
                0x000000000010806d                lfflush
 .text          0x000000000010810c       0x7a binaries/lfgetmode.o
                0x000000000010810c                lfgetmode
 .text          0x0000000000108186       0x5f binaries/lfiballoc.o
                0x0000000000108186                lfiballoc
 .text          0x00000000001081e5       0x25 binaries/lfibclear.o
                0x00000000001081e5                lfibclear
 .text          0x000000000010820a       0x74 binaries/lfibget.o
                0x000000000010820a                lfibget
 .text          0x000000000010827e       0x91 binaries/lfibput.o
                0x000000000010827e                lfibput
 .text          0x000000000010830f       0xa1 binaries/lflclose.o
                0x000000000010830f                lflclose
 .text          0x00000000001083b0       0xbe binaries/lflcontrol.o
                0x00000000001083b0                lflcontrol
 .text          0x000000000010846e       0xf8 binaries/lflgetc.o
                0x000000000010846e                lflgetc
 .text          0x0000000000108566       0xe4 binaries/lflinit.o
                0x0000000000108566                lflinit
 .text          0x000000000010864a      0x123 binaries/lflputc.o
                0x000000000010864a                lflputc
 .text          0x000000000010876d       0x6a binaries/lflread.o
                0x000000000010876d                lflread
 .text          0x00000000001087d7       0xb8 binaries/lflseek.o
                0x00000000001087d7                lflseek
 .text          0x000000000010888f       0x4e binaries/lflwrite.o
                0x000000000010888f                lflwrite
 .text          0x00000000001088dd      0x11a binaries/lfsckfmt.o
                0x00000000001088dd                lfsckfmt
 .text          0x00000000001089f7      0x1bd binaries/lfscreate.o
                0x00000000001089f7                lfscreate
 .text          0x0000000000108bb4      0x1a4 binaries/lfsetup.o
                0x0000000000108bb4                lfsetup
 .text          0x0000000000108d58       0x44 binaries/lfsinit.o
                0x0000000000108d58                lfsinit
 .text          0x0000000000108d9c      0x2ff binaries/lfsopen.o
                0x0000000000108d9c                lfsopen
 .text          0x000000000010909b      0x11d binaries/lftruncate.o
                0x000000000010909b                lftruncate
 .text          0x00000000001091b8       0x69 binaries/rflclose.o
                0x00000000001091b8                rflclose
 .text          0x0000000000109221       0x2b binaries/rflgetc.o
                0x0000000000109221                rflgetc
 .text          0x000000000010924c       0x69 binaries/rflinit.o
                0x000000000010924c                rflinit
 .text          0x00000000001092b5       0x2c binaries/rflputc.o
                0x00000000001092b5                rflputc
 .text          0x00000000001092e1      0x2ce binaries/rflread.o
                0x00000000001092e1                rflread
 .text          0x00000000001095af       0x69 binaries/rflseek.o
                0x00000000001095af                rflseek
 .text          0x0000000000109618      0x2ec binaries/rflwrite.o
                0x0000000000109618                rflwrite
 .text          0x0000000000109904      0x17c binaries/rfscomm.o
                0x0000000000109904                rfscomm
 .text          0x0000000000109a80      0x246 binaries/rfscontrol.o
                0x0000000000109a80                rfscontrol
 .text          0x0000000000109cc6       0x7a binaries/rfsgetmode.o
                0x0000000000109cc6                rfsgetmode
 .text          0x0000000000109d40       0x7d binaries/rfsinit.o
                0x0000000000109d40                rfsinit
 .text          0x0000000000109dbd       0xb7 binaries/rfsndmsg.o
                0x0000000000109dbd                rfsndmsg
 .text          0x0000000000109e74      0x24f binaries/rfsopen.o
                0x0000000000109e74                rfsopen
 .text          0x000000000010a0c3      0x619 binaries/arp.o
                0x000000000010a0c3                arp_init
                0x000000000010a0db                arp_alloc
                0x000000000010a17f                arp_ntoh
                0x000000000010a1e9                arp_hton
                0x000000000010a253                arp_resolve
                0x000000000010a4a5                arp_in
 .text          0x000000000010a6dc      0x59d binaries/dhcp.o
                0x000000000010a6dc                dhcp_get_opt_val
                0x000000000010a72f                dhcp_bld_bootp_msg
                0x000000000010a7fd                dhcp_bld_disc
                0x000000000010a84d                dhcp_bld_req
                0x000000000010a8e7                getlocalip
 .text          0x000000000010ac79       0xd7 binaries/dot2ip.o
                0x000000000010ac79                dot2ip
 .text          0x000000000010ad50      0x379 binaries/hexdump.o
                0x000000000010ad50                hexdump
                0x000000000010aea0                hexadump
 .text          0x000000000010b0c9      0x6dc binaries/icmp.o
                0x000000000010b0c9                icmp_init
                0x000000000010b0e1                icmp_register
                0x000000000010b19f                icmp_recv
                0x000000000010b342                icmp_mkpkt
                0x000000000010b413                icmp_in
                0x000000000010b5a6                icmp_send
                0x000000000010b615                icmp_release
                0x000000000010b724                icmp_cksum
                0x000000000010b77d                icmp_hton
                0x000000000010b791                icmp_ntoh
 .text          0x000000000010b7a5      0x5ca binaries/ip.o
                0x000000000010b7a5                ip_local
                0x000000000010b7e5                ipcksum
                0x000000000010b832                ip_ntoh
                0x000000000010b89c                ip_in
                0x000000000010b9bf                ip_hton
                0x000000000010ba29                ip_out
                0x000000000010badc                ip_send
                0x000000000010bbe8                ipout
                0x000000000010bcd8                ip_enqueue
 .text          0x000000000010bd6f      0x1a8 binaries/net.o
                0x000000000010bd6f                net_init
                0x000000000010be65                eth_hton
                0x000000000010be6f                eth_ntoh
                0x000000000010be79                netin
 .text          0x000000000010bf17       0xb3 binaries/netstart.o
                0x000000000010bf17                netstart
 .text          0x000000000010bfca      0xa2d binaries/pdump.o
                0x000000000010bfca                pdump
                0x000000000010c5ae                pdumph
 .text          0x000000000010c9f7      0x5c8 binaries/tftp.o
                0x000000000010c9f7                tftp_send1
                0x000000000010cb13                tftpget_mb
                0x000000000010cf98                tftpget
 .text          0x000000000010cfbf      0x9fe binaries/udp.o
                0x000000000010cfbf                udp_init
                0x000000000010cffc                udp_in
                0x000000000010d11b                udp_register
                0x000000000010d238                udp_recv
                0x000000000010d3c5                udp_recvaddr
                0x000000000010d566                udp_send
                0x000000000010d721                udp_sendto
                0x000000000010d894                udp_release
                0x000000000010d995                udp_ntoh
                0x000000000010d9a9                udp_hton
 .text          0x000000000010d9bd      0x12c binaries/addargs.o
                0x000000000010d9bd                addargs
 .text          0x000000000010dae9      0x1e2 binaries/lexan.o
                0x000000000010dae9                lexan
 .text          0x000000000010dccb      0x5b8 binaries/shell.o
                0x000000000010dccb                shell
 .text          0x000000000010e283       0x57 binaries/xsh_argecho.o
                0x000000000010e283                xsh_argecho
 .text          0x000000000010e2da      0x1f8 binaries/xsh_arp.o
                0x000000000010e2da                xsh_arp
 .text          0x000000000010e4d2      0x211 binaries/xsh_cat.o
                0x000000000010e4d2                xsh_cat
 .text          0x000000000010e6e3       0x59 binaries/xsh_clear.o
                0x000000000010e6e3                xsh_clear
 .text          0x000000000010e73c      0x28f binaries/xsh_date.o
                0x000000000010e73c                xsh_date
 .text          0x000000000010e9cb       0x89 binaries/xsh_devdump.o
                0x000000000010e9cb                xsh_devdump
 .text          0x000000000010ea54       0x5e binaries/xsh_echo.o
                0x000000000010ea54                xsh_echo
 .text          0x000000000010eab2        0x6 binaries/xsh_exit.o
                0x000000000010eab2                xsh_exit
 .text          0x000000000010eab8      0x332 binaries/xsh_help.o
                0x000000000010eab8                xsh_help
 .text          0x000000000010edea      0x391 binaries/xsh_ipaddr.o
                0x000000000010edea                xsh_ipaddr
 .text          0x000000000010f17b      0x1df binaries/xsh_kill.o
                0x000000000010f17b                xsh_kill
 .text          0x000000000010f35a      0x3f5 binaries/xsh_memdump.o
                0x000000000010f41c                xsh_memdump
 .text          0x000000000010f74f      0x1d7 binaries/xsh_memstat.o
                0x000000000010f74f                xsh_memstat
 .text          0x000000000010f926      0x2cb binaries/xsh_ping.o
                0x000000000010f926                xsh_ping
 .text          0x000000000010fbf1      0x1ac binaries/xsh_ps.o
                0x000000000010fbf1                xsh_ps
 .text          0x000000000010fd9d      0x1cc binaries/xsh_sleep.o
                0x000000000010fd9d                xsh_sleep
 .text          0x000000000010ff69      0x1d8 binaries/xsh_udpdump.o
                0x000000000010ff69                xsh_udpdump
 .text          0x0000000000110141      0x406 binaries/xsh_udpecho.o
                0x0000000000110141                xsh_udpecho
 .text          0x0000000000110547      0x243 binaries/xsh_udpeserver.o
                0x0000000000110547                xsh_udpeserver
 .text          0x000000000011078a      0x1c0 binaries/xsh_uptime.o
                0x000000000011078a                xsh_uptime
 .text          0x000000000011094a        0xe binaries/clkdisp.o
                0x000000000011094a                clkdisp
 .text          0x0000000000110958       0x19 binaries/ctxsw.o
                0x0000000000110958                ctxsw
 .text          0x0000000000110971      0x368 binaries/intr.o
                0x0000000000110971                disable
                0x000000000011097a                restore
                0x0000000000110988                enable
                0x000000000011098a                pause
                0x0000000000110991                halt
                0x0000000000110994                spurious_irq7
                0x0000000000110999                spurious_irq15
                0x00000000001109a8                _Xint0
                0x00000000001109b3                _Xint1
                0x00000000001109be                _Xint2
                0x00000000001109c9                _Xint3
                0x00000000001109d4                _Xint4
                0x00000000001109df                _Xint5
                0x00000000001109ea                _Xint6
                0x00000000001109f5                _Xint7
                0x0000000000110a00                _Xint8
                0x0000000000110a0b                _Xint9
                0x0000000000110a16                _Xint10
                0x0000000000110a21                _Xint11
                0x0000000000110a2f                _Xint12
                0x0000000000110a3d                _Xint13
                0x0000000000110a4b                _Xint14
                0x0000000000110a59                _Xint15
                0x0000000000110a67                _Xint16
                0x0000000000110a75                _Xint17
                0x0000000000110a83                _Xint18
                0x0000000000110a91                _Xint19
                0x0000000000110a9f                _Xint20
                0x0000000000110aad                _Xint21
                0x0000000000110abb                _Xint22
                0x0000000000110ac9                _Xint23
                0x0000000000110ad7                _Xint24
                0x0000000000110ae5                _Xint25
                0x0000000000110af3                _Xint26
                0x0000000000110b01                _Xint27
                0x0000000000110b0f                _Xint28
                0x0000000000110b1d                _Xint29
                0x0000000000110b2b                _Xint30
                0x0000000000110b39                _Xint31
                0x0000000000110b47                _Xint32
                0x0000000000110b55                _Xint33
                0x0000000000110b63                _Xint34
                0x0000000000110b71                _Xint35
                0x0000000000110b7f                _Xint36
                0x0000000000110b8d                _Xint37
                0x0000000000110b9b                _Xint38
                0x0000000000110ba9                _Xint39
                0x0000000000110bb7                _Xint40
                0x0000000000110bc5                _Xint41
                0x0000000000110bd3                _Xint42
                0x0000000000110be1                _Xint43
                0x0000000000110bef                _Xint44
                0x0000000000110bfd                _Xint45
                0x0000000000110c0b                _Xint46
                0x0000000000110c19                defevec
 .text          0x0000000000110cd9        0xf binaries/ttydispatch.o
                0x0000000000110cd9                ttydispatch
 .text          0x0000000000110ce8       0x13 binaries/ethdispatch.o
                0x0000000000110ce8                ethdispatch
 *(.rodata .rodata.*)
 .rodata.str1.1
                0x0000000000110cfb       0x54 binaries/ascdate.o
 *fill*         0x0000000000110d4f        0x1 
 .rodata.str1.4
                0x0000000000110d50       0x22 binaries/ascdate.o
 .rodata.str1.1
                0x0000000000110d72       0x5f binaries/conf.o
 *fill*         0x0000000000110dd1        0x3 
 .rodata.str1.4
                0x0000000000110dd4       0x4f binaries/early_imr.o
 *fill*         0x0000000000110e23        0x1 
 .rodata        0x0000000000110e24       0x33 binaries/early_imr.o
 .rodata.str1.1
                0x0000000000110e57      0x20c binaries/evec.o
 *fill*         0x0000000000111063        0x1 
 .rodata.str1.4
                0x0000000000111064       0x23 binaries/evec.o
 .rodata.str1.1
                0x0000000000111087        0xb binaries/getutime.o
 *fill*         0x0000000000111092        0x2 
 .rodata.str1.4
                0x0000000000111094       0x54 binaries/getutime.o
 .rodata.str1.1
                0x00000000001110e8       0x63 binaries/initialize.o
                                         0x67 (size before relaxing)
 *fill*         0x000000000011114b        0x1 
 .rodata.str1.4
                0x000000000011114c       0xd4 binaries/initialize.o
 .rodata        0x0000000000111220       0x20 binaries/kill.o
 .rodata.str1.1
                0x0000000000111240       0x2b binaries/main.o
 *fill*         0x000000000011126b        0x1 
 .rodata.str1.4
                0x000000000011126c      0x18e binaries/main.o
 *fill*         0x00000000001113fa        0x2 
 .rodata.str1.4
                0x00000000001113fc       0x23 binaries/meminit.o
 .rodata.str1.1
                0x000000000011141f       0x1b binaries/meminit.o
 .rodata.str1.1
                0x000000000011143a        0xf binaries/panic.o
 .rodata.str1.1
                0x0000000000111449       0x1c binaries/ptinit.o
 *fill*         0x0000000000111465        0x3 
 .rodata.str1.4
                0x0000000000111468       0x25 binaries/ptsend.o
 .rodata.str1.1
                0x000000000011148d       0x22 binaries/quark_pdat.o
 *fill*         0x00000000001114af        0x1 
 .rodata.str1.4
                0x00000000001114b0       0x27 binaries/xdone.o
 *fill*         0x00000000001114d7        0x9 
 .rodata        0x00000000001114e0       0x81 binaries/ctype_.o
                0x00000000001114e0                _ctype_
 .rodata.str1.1
                0x0000000000111561       0x29 binaries/doprnt.o
 *fill*         0x000000000011158a        0x2 
 .rodata        0x000000000011158c       0xc4 binaries/doprnt.o
 .rodata        0x0000000000111650       0x98 binaries/doscan.o
 .rodata.str1.1
                0x00000000001116e8       0x29 binaries/fdoprnt.o
 .rodata        0x00000000001116e8       0x84 binaries/fdoprnt.o
 .rodata        0x000000000011176c       0x20 binaries/ttycontrol.o
 .rodata.str1.4
                0x000000000011178c       0x4c binaries/naminit.o
 .rodata.str1.1
                0x00000000001117d8       0x32 binaries/naminit.o
                                         0x35 (size before relaxing)
 .rodata.str1.1
                0x000000000011180a       0x15 binaries/ethinit.o
 *fill*         0x000000000011181f        0x1 
 .rodata.str1.4
                0x0000000000111820       0x2e binaries/ethinit.o
 *fill*         0x000000000011184e        0x2 
 .rodata.str1.4
                0x0000000000111850       0x2c binaries/rdsbufalloc.o
 .rodata.str1.4
                0x000000000011187c       0x76 binaries/rdscomm.o
 *fill*         0x00000000001118f2        0x2 
 .rodata.str1.4
                0x00000000001118f4       0x48 binaries/rdscontrol.o
 .rodata.str1.4
                0x000000000011193c       0x7e binaries/rdsinit.o
 .rodata.str1.1
                0x00000000001119ba       0x18 binaries/rdsinit.o
 *fill*         0x00000000001119d2        0x2 
 .rodata.str1.4
                0x00000000001119d4       0x22 binaries/rdsopen.o
 *fill*         0x00000000001119f6        0x2 
 .rodata.str1.4
                0x00000000001119f8       0x4d binaries/rdsprocess.o
 .rodata.str1.1
                0x0000000000111a45        0x9 binaries/raminit.o
 .rodata.str1.1
                0x0000000000111a4e       0x13 binaries/lfdballoc.o
 *fill*         0x0000000000111a61        0x3 
 .rodata.str1.4
                0x0000000000111a64       0x23 binaries/lfdballoc.o
 .rodata.str1.1
                0x0000000000111a87       0x14 binaries/lfiballoc.o
 *fill*         0x0000000000111a9b        0x1 
 .rodata.str1.4
                0x0000000000111a9c       0x23 binaries/lflcontrol.o
 .rodata.str1.1
                0x0000000000111abf       0x64 binaries/lfsckfmt.o
 *fill*         0x0000000000111b23        0x1 
 .rodata.str1.4
                0x0000000000111b24       0x51 binaries/lfsckfmt.o
 *fill*         0x0000000000111b75        0x3 
 .rodata.str1.4
                0x0000000000111b78       0x21 binaries/rflread.o
 .rodata.str1.4
                0x0000000000111b99       0x21 binaries/rflwrite.o
 *fill*         0x0000000000111b99        0x3 
 .rodata.str1.4
                0x0000000000111b9c       0x75 binaries/rfscomm.o
 *fill*         0x0000000000111c11        0x3 
 .rodata.str1.4
                0x0000000000111c14       0x23 binaries/rfscontrol.o
 *fill*         0x0000000000111c37        0x1 
 .rodata        0x0000000000111c38       0x18 binaries/rfscontrol.o
 .rodata.str1.1
                0x0000000000111c50       0x10 binaries/rfsinit.o
 .rodata.str1.4
                0x0000000000111c50       0x57 binaries/rfsinit.o
 *fill*         0x0000000000111ca7        0x1 
 .rodata.str1.4
                0x0000000000111ca8       0x2a binaries/rfsndmsg.o
 .rodata.str1.4
                0x0000000000111cd2       0x22 binaries/rfsopen.o
 .rodata.str1.1
                0x0000000000111cd2       0x19 binaries/arp.o
 *fill*         0x0000000000111ceb        0x1 
 .rodata.str1.4
                0x0000000000111cec       0x21 binaries/arp.o
 *fill*         0x0000000000111d0d        0x3 
 .rodata.str1.4
                0x0000000000111d10       0xa6 binaries/dhcp.o
 .rodata.str1.1
                0x0000000000111db6       0x4a binaries/dhcp.o
 .rodata.str1.1
                0x0000000000111e00       0x5a binaries/hexdump.o
                                         0x61 (size before relaxing)
 *fill*         0x0000000000111e5a        0x2 
 .rodata.str1.4
                0x0000000000111e5c       0x67 binaries/hexdump.o
 *fill*         0x0000000000111ec3        0x1 
 .rodata.str1.4
                0x0000000000111ec4       0x29 binaries/icmp.o
 .rodata.str1.1
                0x0000000000111eed       0x4e binaries/ip.o
 *fill*         0x0000000000111f3b        0x1 
 .rodata.str1.4
                0x0000000000111f3c       0x20 binaries/ip.o
 .rodata.str1.4
                0x0000000000111f5c       0x28 binaries/net.o
 .rodata.str1.1
                0x0000000000111f84       0x27 binaries/net.o
 *fill*         0x0000000000111fab        0x1 
 .rodata.str1.4
                0x0000000000111fac       0xcf binaries/netstart.o
 .rodata.str1.1
                0x000000000011207b      0x141 binaries/pdump.o
                                        0x14b (size before relaxing)
 .rodata.str1.4
                0x00000000001121bc      0x126 binaries/pdump.o
 *fill*         0x00000000001122e2        0x2 
 .rodata.str1.4
                0x00000000001122e4      0x148 binaries/tftp.o
 .rodata.str1.1
                0x000000000011242c        0x6 binaries/tftp.o
                                          0xa (size before relaxing)
 .rodata.str1.1
                0x0000000000112432       0xe3 binaries/shell.o
                                         0xff (size before relaxing)
 *fill*         0x0000000000112515        0x3 
 .rodata.str1.4
                0x0000000000112518      0x1c4 binaries/shell.o
 *fill*         0x00000000001126dc        0x4 
 .rodata        0x00000000001126e0       0xfc binaries/shell.o
                0x00000000001126e0                cmdtab
 .rodata.str1.1
                0x00000000001127dc       0x26 binaries/xsh_argecho.o
                                         0x28 (size before relaxing)
 .rodata.str1.1
                0x0000000000112802       0x70 binaries/xsh_arp.o
                                         0x72 (size before relaxing)
 *fill*         0x0000000000112872        0x2 
 .rodata.str1.4
                0x0000000000112874       0xb4 binaries/xsh_arp.o
 .rodata.str1.1
                0x0000000000112928       0x2d binaries/xsh_cat.o
                                         0x4f (size before relaxing)
 *fill*         0x0000000000112955        0x3 
 .rodata.str1.4
                0x0000000000112958       0x52 binaries/xsh_cat.o
                                         0x79 (size before relaxing)
 .rodata.str1.1
                0x00000000001129aa       0x15 binaries/xsh_clear.o
 .rodata.str1.1
                0x00000000001129bf       0x46 binaries/xsh_date.o
                                         0x5f (size before relaxing)
 *fill*         0x0000000000112a05        0x3 
 .rodata.str1.4
                0x0000000000112a08      0x163 binaries/xsh_date.o
 .rodata.str1.1
                0x0000000000112b6b       0x5d binaries/xsh_devdump.o
 .rodata.str1.1
                0x0000000000112bc8        0x4 binaries/xsh_echo.o
                                          0x9 (size before relaxing)
 .rodata.str1.1
                0x0000000000112bcc       0x65 binaries/xsh_help.o
                                         0xa3 (size before relaxing)
 *fill*         0x0000000000112c31        0x3 
 .rodata.str1.4
                0x0000000000112c34       0x7c binaries/xsh_help.o
                                         0xc6 (size before relaxing)
 .rodata.str1.1
                0x0000000000112cb0       0x9c binaries/xsh_ipaddr.o
                                         0xf8 (size before relaxing)
 .rodata.str1.4
                0x0000000000112d4c       0x4d binaries/xsh_ipaddr.o
                                         0x99 (size before relaxing)
 .rodata.str1.1
                0x0000000000112d99       0x78 binaries/xsh_kill.o
                                         0x97 (size before relaxing)
 *fill*         0x0000000000112e11        0x3 
 .rodata.str1.4
                0x0000000000112e14       0x4a binaries/xsh_kill.o
                                         0x96 (size before relaxing)
 .rodata.str1.1
                0x0000000000112e5e       0x84 binaries/xsh_memdump.o
                                         0xa8 (size before relaxing)
 *fill*         0x0000000000112ee2        0x2 
 .rodata.str1.4
                0x0000000000112ee4      0x15a binaries/xsh_memdump.o
                                        0x1aa (size before relaxing)
 .rodata.str1.1
                0x000000000011303e       0x40 binaries/xsh_memstat.o
                                         0x79 (size before relaxing)
 *fill*         0x000000000011307e        0x2 
 .rodata.str1.4
                0x0000000000113080      0x187 binaries/xsh_memstat.o
                                        0x1af (size before relaxing)
 .rodata.str1.1
                0x0000000000113207       0x90 binaries/xsh_ping.o
                                         0xaf (size before relaxing)
 *fill*         0x0000000000113297        0x1 
 .rodata.str1.4
                0x0000000000113298       0x77 binaries/xsh_ping.o
                                         0xc6 (size before relaxing)
 .rodata.str1.1
                0x000000000011330f       0x74 binaries/xsh_ps.o
                                         0xd5 (size before relaxing)
 *fill*         0x0000000000113383        0x1 
 .rodata.str1.4
                0x0000000000113384       0x80 binaries/xsh_ps.o
                                         0xd0 (size before relaxing)
 *fill*         0x0000000000113404       0x1c 
 .rodata        0x0000000000113420       0x20 binaries/xsh_ps.o
 .rodata.str1.1
                0x0000000000113440       0x31 binaries/xsh_sleep.o
                                         0x72 (size before relaxing)
 *fill*         0x0000000000113471        0x3 
 .rodata.str1.4
                0x0000000000113474       0x2a binaries/xsh_sleep.o
                                         0x7a (size before relaxing)
 .rodata.str1.1
                0x000000000011349e       0x6b binaries/xsh_udpdump.o
                                         0xd2 (size before relaxing)
 *fill*         0x0000000000113509        0x3 
 .rodata.str1.4
                0x000000000011350c       0x94 binaries/xsh_udpdump.o
                                         0xe4 (size before relaxing)
 .rodata.str1.1
                0x00000000001135a0       0xdb binaries/xsh_udpecho.o
                                         0xfa (size before relaxing)
 *fill*         0x000000000011367b        0x1 
 .rodata.str1.4
                0x000000000011367c       0xc7 binaries/xsh_udpecho.o
                                        0x116 (size before relaxing)
 .rodata.str1.1
                0x0000000000113743       0x66 binaries/xsh_udpeserver.o
                                         0x8f (size before relaxing)
 *fill*         0x00000000001137a9        0x3 
 .rodata.str1.4
                0x00000000001137ac       0x29 binaries/xsh_udpeserver.o
                                         0x9f (size before relaxing)
 .rodata.str1.1
                0x00000000001137d5       0x49 binaries/xsh_uptime.o
                                         0x8c (size before relaxing)
 *fill*         0x000000000011381e        0x2 
 .rodata.str1.4
                0x0000000000113820       0x28 binaries/xsh_uptime.o
                                         0x76 (size before relaxing)
                0x0000000000113848                etext = ABSOLUTE (.)
                0x0000000000114000                . = ALIGN (0x1000)
 *fill*         0x0000000000113848      0x7b8 

.eh_frame       0x0000000000114000     0x6608
 .eh_frame      0x0000000000114000       0x78 binaries/ascdate.o
 .eh_frame      0x0000000000114078       0x14 binaries/bufinit.o
                                         0x2c (size before relaxing)
 .eh_frame      0x000000000011408c       0x40 binaries/chprio.o
                                         0x58 (size before relaxing)
 .eh_frame      0x00000000001140cc       0x18 binaries/clkhandler.o
                                         0x30 (size before relaxing)
 .eh_frame      0x00000000001140e4       0x3c binaries/clkinit.o
                                         0x54 (size before relaxing)
 .eh_frame      0x0000000000114120       0x3c binaries/close.o
                                         0x54 (size before relaxing)
 .eh_frame      0x000000000011415c       0x44 binaries/control.o
                                         0x5c (size before relaxing)
 .eh_frame      0x00000000001141a0       0x5c binaries/create.o
                                         0x74 (size before relaxing)
 .eh_frame      0x00000000001141fc      0x148 binaries/early_imr.o
                                        0x160 (size before relaxing)
 .eh_frame      0x0000000000114344      0x1a8 binaries/evec.o
                                        0x1c0 (size before relaxing)
 .eh_frame      0x00000000001144ec       0x50 binaries/freebuf.o
                                         0x68 (size before relaxing)
 .eh_frame      0x000000000011453c       0x58 binaries/freemem.o
                                         0x70 (size before relaxing)
 .eh_frame      0x0000000000114594       0x40 binaries/getbuf.o
                                         0x58 (size before relaxing)
 .eh_frame      0x00000000001145d4       0x3c binaries/getc.o
                                         0x54 (size before relaxing)
 .eh_frame      0x0000000000114610       0x5c binaries/getdev.o
                                         0x74 (size before relaxing)
 .eh_frame      0x000000000011466c       0x4c binaries/getitem.o
                                         0x64 (size before relaxing)
 .eh_frame      0x00000000001146b8       0x50 binaries/getmem.o
                                         0x68 (size before relaxing)
 .eh_frame      0x0000000000114708       0x14 binaries/getpid.o
                                         0x2c (size before relaxing)
 .eh_frame      0x000000000011471c       0x34 binaries/getprio.o
                                         0x4c (size before relaxing)
 .eh_frame      0x0000000000114750       0x58 binaries/getstk.o
                                         0x70 (size before relaxing)
 .eh_frame      0x00000000001147a8       0x20 binaries/gettime.o
                                         0x38 (size before relaxing)
 .eh_frame      0x00000000001147c8       0x8c binaries/getutime.o
                                         0xa4 (size before relaxing)
 .eh_frame      0x0000000000114854       0x3c binaries/init.o
                                         0x54 (size before relaxing)
 .eh_frame      0x0000000000114890       0xdc binaries/initialize.o
                                         0xf4 (size before relaxing)
 .eh_frame      0x000000000011496c       0x24 binaries/insert.o
                                         0x3c (size before relaxing)
 .eh_frame      0x0000000000114990       0x38 binaries/insertd.o
                                         0x50 (size before relaxing)
 .eh_frame      0x00000000001149c8       0x14 binaries/ioerr.o
                                         0x2c (size before relaxing)
 .eh_frame      0x00000000001149dc       0x14 binaries/ionull.o
                                         0x2c (size before relaxing)
 .eh_frame      0x00000000001149f0       0x78 binaries/kill.o
                                         0x90 (size before relaxing)
 .eh_frame      0x0000000000114a68       0x80 binaries/kprintf.o
                                         0x98 (size before relaxing)
 .eh_frame      0x0000000000114ae8       0x24 binaries/main.o
                                         0x3c (size before relaxing)
 .eh_frame      0x0000000000114b0c       0x4c binaries/mark.o
                                         0x64 (size before relaxing)
 .eh_frame      0x0000000000114b58       0x74 binaries/meminit.o
                                         0x8c (size before relaxing)
 .eh_frame      0x0000000000114bcc       0x74 binaries/mkbufpool.o
                                         0x8c (size before relaxing)
 .eh_frame      0x0000000000114c40       0x14 binaries/newqueue.o
                                         0x2c (size before relaxing)
 .eh_frame      0x0000000000114c54       0x44 binaries/open.o
                                         0x5c (size before relaxing)
 .eh_frame      0x0000000000114c98       0x20 binaries/panic.o
                                         0x38 (size before relaxing)
 .eh_frame      0x0000000000114cb8       0xec binaries/pci.o
                                        0x104 (size before relaxing)
 .eh_frame      0x0000000000114da4       0x38 binaries/platinit.o
                                         0x50 (size before relaxing)
 .eh_frame      0x0000000000114ddc       0x68 binaries/ptclear.o
                                         0x80 (size before relaxing)
 .eh_frame      0x0000000000114e44       0x50 binaries/ptcount.o
                                         0x68 (size before relaxing)
 .eh_frame      0x0000000000114e94       0x60 binaries/ptcreate.o
                                         0x78 (size before relaxing)
 .eh_frame      0x0000000000114ef4       0x44 binaries/ptdelete.o
                                         0x5c (size before relaxing)
 .eh_frame      0x0000000000114f38       0x3c binaries/ptinit.o
                                         0x54 (size before relaxing)
 .eh_frame      0x0000000000114f74       0x54 binaries/ptrecv.o
                                         0x6c (size before relaxing)
 .eh_frame      0x0000000000114fc8       0x44 binaries/ptreset.o
                                         0x5c (size before relaxing)
 .eh_frame      0x000000000011500c       0x5c binaries/ptsend.o
                                         0x74 (size before relaxing)
 .eh_frame      0x0000000000115068       0x44 binaries/putc.o
                                         0x5c (size before relaxing)
 .eh_frame      0x00000000001150ac       0x60 binaries/quark_irq.o
                                         0x78 (size before relaxing)
 .eh_frame      0x000000000011510c       0xd0 binaries/quark_pdat.o
                                         0xe8 (size before relaxing)
 .eh_frame      0x00000000001151dc       0x3c binaries/queue.o
                                         0x54 (size before relaxing)
 .eh_frame      0x0000000000115218       0x44 binaries/read.o
                                         0x5c (size before relaxing)
 .eh_frame      0x000000000011525c       0x28 binaries/ready.o
                                         0x40 (size before relaxing)
 .eh_frame      0x0000000000115284       0x38 binaries/receive.o
                                         0x50 (size before relaxing)
 .eh_frame      0x00000000001152bc       0x28 binaries/recvclr.o
                                         0x40 (size before relaxing)
 .eh_frame      0x00000000001152e4       0x50 binaries/recvtime.o
                                         0x68 (size before relaxing)
 .eh_frame      0x0000000000115334       0x64 binaries/resched.o
                                         0x7c (size before relaxing)
 .eh_frame      0x0000000000115398       0x48 binaries/resume.o
                                         0x60 (size before relaxing)
 .eh_frame      0x00000000001153e0       0x40 binaries/seek.o
                                         0x58 (size before relaxing)
 .eh_frame      0x0000000000115420       0x34 binaries/semcount.o
                                         0x4c (size before relaxing)
 .eh_frame      0x0000000000115454       0x40 binaries/semcreate.o
                                         0x58 (size before relaxing)
 .eh_frame      0x0000000000115494       0x5c binaries/semdelete.o
                                         0x74 (size before relaxing)
 .eh_frame      0x00000000001154f0       0x68 binaries/semreset.o
                                         0x80 (size before relaxing)
 .eh_frame      0x0000000000115558       0x58 binaries/send.o
                                         0x70 (size before relaxing)
 .eh_frame      0x00000000001155b0       0x50 binaries/signal.o
                                         0x68 (size before relaxing)
 .eh_frame      0x0000000000115600       0x5c binaries/signaln.o
                                         0x74 (size before relaxing)
 .eh_frame      0x000000000011565c       0x74 binaries/sleep.o
                                         0x8c (size before relaxing)
 .eh_frame      0x00000000001156d0       0x50 binaries/suspend.o
                                         0x68 (size before relaxing)
 .eh_frame      0x0000000000115720       0x44 binaries/unsleep.o
                                         0x5c (size before relaxing)
 .eh_frame      0x0000000000115764       0x20 binaries/userret.o
                                         0x38 (size before relaxing)
 .eh_frame      0x0000000000115784       0x54 binaries/wait.o
                                         0x6c (size before relaxing)
 .eh_frame      0x00000000001157d8       0x2c binaries/wakeup.o
                                         0x44 (size before relaxing)
 .eh_frame      0x0000000000115804       0x44 binaries/write.o
                                         0x5c (size before relaxing)
 .eh_frame      0x0000000000115848       0x1c binaries/xdone.o
                                         0x34 (size before relaxing)
 .eh_frame      0x0000000000115864       0x28 binaries/yield.o
                                         0x40 (size before relaxing)
 .eh_frame      0x000000000011588c       0x14 binaries/abs.o
                                         0x2c (size before relaxing)
 .eh_frame      0x00000000001158a0       0x24 binaries/atoi.o
                                         0x3c (size before relaxing)
 .eh_frame      0x00000000001158c4       0x24 binaries/atol.o
                                         0x3c (size before relaxing)
 .eh_frame      0x00000000001158e8       0x14 binaries/bzero.o
                                         0x2c (size before relaxing)
 .eh_frame      0x00000000001158fc      0x130 binaries/doprnt.o
                                        0x148 (size before relaxing)
 .eh_frame      0x0000000000115a2c      0x104 binaries/doscan.o
                                        0x11c (size before relaxing)
 .eh_frame      0x0000000000115b30       0xf4 binaries/fdoprnt.o
                                        0x10c (size before relaxing)
 .eh_frame      0x0000000000115c24       0x20 binaries/fgetc.o
                                         0x38 (size before relaxing)
 .eh_frame      0x0000000000115c44       0x44 binaries/fgets.o
                                         0x5c (size before relaxing)
 .eh_frame      0x0000000000115c88       0x24 binaries/fprintf.o
                                         0x3c (size before relaxing)
 .eh_frame      0x0000000000115cac       0x20 binaries/fputc.o
                                         0x38 (size before relaxing)
 .eh_frame      0x0000000000115ccc       0x38 binaries/fputs.o
                                         0x50 (size before relaxing)
 .eh_frame      0x0000000000115d04       0x6c binaries/fscanf.o
                                         0x84 (size before relaxing)
 .eh_frame      0x0000000000115d70       0x1c binaries/getchar.o
                                         0x34 (size before relaxing)
 .eh_frame      0x0000000000115d8c       0x14 binaries/labs.o
                                         0x2c (size before relaxing)
 .eh_frame      0x0000000000115da0       0x14 binaries/memchr.o
                                         0x2c (size before relaxing)
 .eh_frame      0x0000000000115db4       0x24 binaries/memcmp.o
                                         0x3c (size before relaxing)
 .eh_frame      0x0000000000115dd8       0x24 binaries/memcpy.o
                                         0x3c (size before relaxing)
 .eh_frame      0x0000000000115dfc       0x1c binaries/memset.o
                                         0x34 (size before relaxing)
 .eh_frame      0x0000000000115e18       0x24 binaries/printf.o
                                         0x3c (size before relaxing)
 .eh_frame      0x0000000000115e3c       0x20 binaries/putchar.o
                                         0x38 (size before relaxing)
 .eh_frame      0x0000000000115e5c       0xc0 binaries/qsort.o
                                         0xd8 (size before relaxing)
 .eh_frame      0x0000000000115f1c       0x28 binaries/rand.o
                                         0x40 (size before relaxing)
 .eh_frame      0x0000000000115f44       0x48 binaries/sprintf.o
                                         0x60 (size before relaxing)
 .eh_frame      0x0000000000115f8c       0x54 binaries/sscanf.o
                                         0x6c (size before relaxing)
 .eh_frame      0x0000000000115fe0       0x1c binaries/strchr.o
                                         0x34 (size before relaxing)
 .eh_frame      0x0000000000115ffc       0x1c binaries/strcmp.o
                                         0x34 (size before relaxing)
 .eh_frame      0x0000000000116018       0x14 binaries/strcpy.o
                                         0x2c (size before relaxing)
 .eh_frame      0x000000000011602c       0x14 binaries/strlen.o
                                         0x2c (size before relaxing)
 .eh_frame      0x0000000000116040       0x2c binaries/strncat.o
                                         0x44 (size before relaxing)
 .eh_frame      0x000000000011606c       0x1c binaries/strncmp.o
                                         0x34 (size before relaxing)
 .eh_frame      0x0000000000116088       0x30 binaries/strncpy.o
                                         0x48 (size before relaxing)
 .eh_frame      0x00000000001160b8       0x1c binaries/strnlen.o
                                         0x34 (size before relaxing)
 .eh_frame      0x00000000001160d4       0x1c binaries/strrchr.o
                                         0x34 (size before relaxing)
 .eh_frame      0x00000000001160f0       0x38 binaries/strstr.o
                                         0x50 (size before relaxing)
 .eh_frame      0x0000000000116128       0x48 binaries/ttycontrol.o
                                         0x60 (size before relaxing)
 .eh_frame      0x0000000000116170       0x38 binaries/ttygetc.o
                                         0x50 (size before relaxing)
 .eh_frame      0x00000000001161a8       0xd8 binaries/ttyhandle_in.o
                                         0xf0 (size before relaxing)
 .eh_frame      0x0000000000116280       0x64 binaries/ttyhandle_out.o
                                         0x7c (size before relaxing)
 .eh_frame      0x00000000001162e4       0x54 binaries/ttyhandler.o
                                         0x6c (size before relaxing)
 .eh_frame      0x0000000000116338       0x48 binaries/ttyinit.o
                                         0x60 (size before relaxing)
 .eh_frame      0x0000000000116380       0x14 binaries/ttykickout.o
                                         0x2c (size before relaxing)
 .eh_frame      0x0000000000116394       0x58 binaries/ttyputc.o
                                         0x70 (size before relaxing)
 .eh_frame      0x00000000001163ec       0x60 binaries/ttyread.o
                                         0x78 (size before relaxing)
 .eh_frame      0x000000000011644c       0x38 binaries/ttywrite.o
                                         0x50 (size before relaxing)
 .eh_frame      0x0000000000116484       0x78 binaries/mount.o
                                         0x90 (size before relaxing)
 .eh_frame      0x00000000001164fc       0xe4 binaries/naminit.o
                                         0xfc (size before relaxing)
 .eh_frame      0x00000000001165e0       0xe8 binaries/nammap.o
                                        0x100 (size before relaxing)
 .eh_frame      0x00000000001166c8       0x3c binaries/namopen.o
                                         0x54 (size before relaxing)
 .eh_frame      0x0000000000116704       0x3c binaries/colon2mac.o
                                         0x54 (size before relaxing)
 .eh_frame      0x0000000000116740       0x40 binaries/ethcontrol.o
                                         0x58 (size before relaxing)
 .eh_frame      0x0000000000116780       0x58 binaries/ethhandler.o
                                         0x70 (size before relaxing)
 .eh_frame      0x00000000001167d8      0x14c binaries/ethinit.o
                                        0x164 (size before relaxing)
 .eh_frame      0x0000000000116924       0xa0 binaries/ethmcast.o
                                         0xb8 (size before relaxing)
 .eh_frame      0x00000000001169c4       0x80 binaries/ethread.o
                                         0x98 (size before relaxing)
 .eh_frame      0x0000000000116a44       0x44 binaries/ethwrite.o
                                         0x5c (size before relaxing)
 .eh_frame      0x0000000000116a88       0x30 binaries/rdsbufalloc.o
                                         0x48 (size before relaxing)
 .eh_frame      0x0000000000116ab8       0x38 binaries/rdsclose.o
                                         0x50 (size before relaxing)
 .eh_frame      0x0000000000116af0       0x8c binaries/rdscomm.o
                                         0xa4 (size before relaxing)
 .eh_frame      0x0000000000116b7c       0xb0 binaries/rdscontrol.o
                                         0xc8 (size before relaxing)
 .eh_frame      0x0000000000116c2c       0x90 binaries/rdsinit.o
                                         0xa8 (size before relaxing)
 .eh_frame      0x0000000000116cbc       0x74 binaries/rdsopen.o
                                         0x8c (size before relaxing)
 .eh_frame      0x0000000000116d30       0xf8 binaries/rdsprocess.o
                                        0x110 (size before relaxing)
 .eh_frame      0x0000000000116e28       0x7c binaries/rdsread.o
                                         0x94 (size before relaxing)
 .eh_frame      0x0000000000116ea4       0x80 binaries/rdswrite.o
                                         0x98 (size before relaxing)
 .eh_frame      0x0000000000116f24       0x14 binaries/ramclose.o
                                         0x2c (size before relaxing)
 .eh_frame      0x0000000000116f38       0x2c binaries/raminit.o
                                         0x44 (size before relaxing)
 .eh_frame      0x0000000000116f64       0x14 binaries/ramopen.o
                                         0x2c (size before relaxing)
 .eh_frame      0x0000000000116f78       0x20 binaries/ramread.o
                                         0x38 (size before relaxing)
 .eh_frame      0x0000000000116f98       0x20 binaries/ramwrite.o
                                         0x38 (size before relaxing)
 .eh_frame      0x0000000000116fb8       0x64 binaries/lfdballoc.o
                                         0x7c (size before relaxing)
 .eh_frame      0x000000000011701c       0x40 binaries/lfdbfree.o
                                         0x58 (size before relaxing)
 .eh_frame      0x000000000011705c       0x50 binaries/lfflush.o
                                         0x68 (size before relaxing)
 .eh_frame      0x00000000001170ac       0x14 binaries/lfgetmode.o
                                         0x2c (size before relaxing)
 .eh_frame      0x00000000001170c0       0x44 binaries/lfiballoc.o
                                         0x5c (size before relaxing)
 .eh_frame      0x0000000000117104       0x14 binaries/lfibclear.o
                                         0x2c (size before relaxing)
 .eh_frame      0x0000000000117118       0x4c binaries/lfibget.o
                                         0x64 (size before relaxing)
 .eh_frame      0x0000000000117164       0x68 binaries/lfibput.o
                                         0x80 (size before relaxing)
 .eh_frame      0x00000000001171cc       0x4c binaries/lflclose.o
                                         0x64 (size before relaxing)
 .eh_frame      0x0000000000117218       0x68 binaries/lflcontrol.o
                                         0x80 (size before relaxing)
 .eh_frame      0x0000000000117280       0x54 binaries/lflgetc.o
                                         0x6c (size before relaxing)
 .eh_frame      0x00000000001172d4       0x50 binaries/lflinit.o
                                         0x68 (size before relaxing)
 .eh_frame      0x0000000000117324       0x68 binaries/lflputc.o
                                         0x80 (size before relaxing)
 .eh_frame      0x000000000011738c       0x44 binaries/lflread.o
                                         0x5c (size before relaxing)
 .eh_frame      0x00000000001173d0       0x50 binaries/lflseek.o
                                         0x68 (size before relaxing)
 .eh_frame      0x0000000000117420       0x48 binaries/lflwrite.o
                                         0x60 (size before relaxing)
 .eh_frame      0x0000000000117468       0xc8 binaries/lfsckfmt.o
                                         0xe0 (size before relaxing)
 .eh_frame      0x0000000000117530       0xd4 binaries/lfscreate.o
                                         0xec (size before relaxing)
 .eh_frame      0x0000000000117604       0xbc binaries/lfsetup.o
                                         0xd4 (size before relaxing)
 .eh_frame      0x00000000001176c0       0x28 binaries/lfsinit.o
                                         0x40 (size before relaxing)
 .eh_frame      0x00000000001176e8       0x90 binaries/lfsopen.o
                                         0xa8 (size before relaxing)
 .eh_frame      0x0000000000117778       0x84 binaries/lftruncate.o
                                         0x9c (size before relaxing)
 .eh_frame      0x00000000001177fc       0x30 binaries/rflclose.o
                                         0x48 (size before relaxing)
 .eh_frame      0x000000000011782c       0x24 binaries/rflgetc.o
                                         0x3c (size before relaxing)
 .eh_frame      0x0000000000117850       0x1c binaries/rflinit.o
                                         0x34 (size before relaxing)
 .eh_frame      0x000000000011786c       0x24 binaries/rflputc.o
                                         0x3c (size before relaxing)
 .eh_frame      0x0000000000117890       0xd8 binaries/rflread.o
                                         0xf0 (size before relaxing)
 .eh_frame      0x0000000000117968       0x30 binaries/rflseek.o
                                         0x48 (size before relaxing)
 .eh_frame      0x0000000000117998       0xcc binaries/rflwrite.o
                                         0xe4 (size before relaxing)
 .eh_frame      0x0000000000117a64       0x88 binaries/rfscomm.o
                                         0xa0 (size before relaxing)
 .eh_frame      0x0000000000117aec      0x110 binaries/rfscontrol.o
                                        0x128 (size before relaxing)
 .eh_frame      0x0000000000117bfc       0x14 binaries/rfsgetmode.o
                                         0x2c (size before relaxing)
 .eh_frame      0x0000000000117c10       0x3c binaries/rfsinit.o
                                         0x54 (size before relaxing)
 .eh_frame      0x0000000000117c4c       0x3c binaries/rfsndmsg.o
                                         0x54 (size before relaxing)
 .eh_frame      0x0000000000117c88       0xd0 binaries/rfsopen.o
                                         0xe8 (size before relaxing)
 .eh_frame      0x0000000000117d58      0x244 binaries/arp.o
                                        0x25c (size before relaxing)
 .eh_frame      0x0000000000117f9c      0x264 binaries/dhcp.o
                                        0x27c (size before relaxing)
 .eh_frame      0x0000000000118200       0x3c binaries/dot2ip.o
                                         0x54 (size before relaxing)
 .eh_frame      0x000000000011823c      0x1b0 binaries/hexdump.o
                                        0x1c8 (size before relaxing)
 .eh_frame      0x00000000001183ec      0x2e0 binaries/icmp.o
                                        0x2f8 (size before relaxing)
 .eh_frame      0x00000000001186cc      0x2a4 binaries/ip.o
                                        0x2bc (size before relaxing)
 .eh_frame      0x0000000000118970      0x114 binaries/net.o
                                        0x12c (size before relaxing)
 .eh_frame      0x0000000000118a84       0x64 binaries/netstart.o
                                         0x7c (size before relaxing)
 .eh_frame      0x0000000000118ae8      0x380 binaries/pdump.o
                                        0x398 (size before relaxing)
 .eh_frame      0x0000000000118e68      0x25c binaries/tftp.o
                                        0x274 (size before relaxing)
 .eh_frame      0x00000000001190c4      0x34c binaries/udp.o
                                        0x364 (size before relaxing)
 .eh_frame      0x0000000000119410       0x68 binaries/addargs.o
                                         0x80 (size before relaxing)
 .eh_frame      0x0000000000119478       0x38 binaries/lexan.o
                                         0x50 (size before relaxing)
 .eh_frame      0x00000000001194b0      0x24c binaries/shell.o
                                        0x264 (size before relaxing)
 .eh_frame      0x00000000001196fc       0x50 binaries/xsh_argecho.o
                                         0x68 (size before relaxing)
 .eh_frame      0x000000000011974c       0xe0 binaries/xsh_arp.o
                                         0xf8 (size before relaxing)
 .eh_frame      0x000000000011982c       0xac binaries/xsh_cat.o
                                         0xc4 (size before relaxing)
 .eh_frame      0x00000000001198d8       0x30 binaries/xsh_clear.o
                                         0x48 (size before relaxing)
 .eh_frame      0x0000000000119908       0xe4 binaries/xsh_date.o
                                         0xfc (size before relaxing)
 .eh_frame      0x00000000001199ec       0x50 binaries/xsh_devdump.o
                                         0x68 (size before relaxing)
 .eh_frame      0x0000000000119a3c       0x50 binaries/xsh_echo.o
                                         0x68 (size before relaxing)
 .eh_frame      0x0000000000119a8c       0x14 binaries/xsh_exit.o
                                         0x2c (size before relaxing)
 .eh_frame      0x0000000000119aa0       0xd4 binaries/xsh_help.o
                                         0xec (size before relaxing)
 .eh_frame      0x0000000000119b74      0x174 binaries/xsh_ipaddr.o
                                        0x18c (size before relaxing)
 .eh_frame      0x0000000000119ce8       0x98 binaries/xsh_kill.o
                                         0xb0 (size before relaxing)
 .eh_frame      0x0000000000119d80      0x128 binaries/xsh_memdump.o
[...]
 .comment       0x0000000000000034       0x35 binaries/arp.o
 .comment       0x0000000000000034       0x35 binaries/dhcp.o
 .comment       0x0000000000000034       0x35 binaries/dot2ip.o
 .comment       0x0000000000000034       0x35 binaries/hexdump.o
 .comment       0x0000000000000034       0x35 binaries/icmp.o
 .comment       0x0000000000000034       0x35 binaries/ip.o
 .comment       0x0000000000000034       0x35 binaries/net.o
 .comment       0x0000000000000034       0x35 binaries/netstart.o
 .comment       0x0000000000000034       0x35 binaries/pdump.o
 .comment       0x0000000000000034       0x35 binaries/tftp.o
 .comment       0x0000000000000034       0x35 binaries/udp.o
 .comment       0x0000000000000034       0x35 binaries/addargs.o
 .comment       0x0000000000000034       0x35 binaries/lexan.o
 .comment       0x0000000000000034       0x35 binaries/shell.o
 .comment       0x0000000000000034       0x35 binaries/xsh_argecho.o
 .comment       0x0000000000000034       0x35 binaries/xsh_arp.o
 .comment       0x0000000000000034       0x35 binaries/xsh_cat.o
 .comment       0x0000000000000034       0x35 binaries/xsh_clear.o
 .comment       0x0000000000000034       0x35 binaries/xsh_date.o
 .comment       0x0000000000000034       0x35 binaries/xsh_devdump.o
 .comment       0x0000000000000034       0x35 binaries/xsh_echo.o
 .comment       0x0000000000000034       0x35 binaries/xsh_exit.o
 .comment       0x0000000000000034       0x35 binaries/xsh_help.o
 .comment       0x0000000000000034       0x35 binaries/xsh_ipaddr.o
 .comment       0x0000000000000034       0x35 binaries/xsh_kill.o
 .comment       0x0000000000000034       0x35 binaries/xsh_memdump.o
 .comment       0x0000000000000034       0x35 binaries/xsh_memstat.o
 .comment       0x0000000000000034       0x35 binaries/xsh_ping.o
 .comment       0x0000000000000034       0x35 binaries/xsh_ps.o
 .comment       0x0000000000000034       0x35 binaries/xsh_sleep.o
 .comment       0x0000000000000034       0x35 binaries/xsh_udpdump.o
 .comment       0x0000000000000034       0x35 binaries/xsh_udpecho.o
 .comment       0x0000000000000034       0x35 binaries/xsh_udpeserver.o
 .comment       0x0000000000000034       0x35 binaries/xsh_uptime.o

.note.GNU-stack
                0x0000000000000000        0x0
 .note.GNU-stack
                0x0000000000000000        0x0 binaries/ascdate.o
 .note.GNU-stack
                0x0000000000000000        0x0 binaries/bufinit.o
 .note.GNU-stack
                0x0000000000000000        0x0 binaries/chprio.o
 .note.GNU-stack
                0x0000000000000000        0x0 binaries/clkhandler.o
 .note.GNU-stack
                0x0000000000000000        0x0 binaries/clkinit.o
 .note.GNU-stack
                0x0000000000000000        0x0 binaries/close.o
 .note.GNU-stack
                0x0000000000000000        0x0 binaries/conf.o
 .note.GNU-stack
                0x0000000000000000        0x0 binaries/control.o
 .note.GNU-stack
                0x0000000000000000        0x0 binaries/create.o
 .note.GNU-stack
                0x0000000000000000        0x0 binaries/early_imr.o
 .note.GNU-stack
                0x0000000000000000        0x0 binaries/evec.o
 .note.GNU-stack
                0x0000000000000000        0x0 binaries/freebuf.o
 .note.GNU-stack
                0x0000000000000000        0x0 binaries/freemem.o
 .note.GNU-stack
                0x0000000000000000        0x0 binaries/getbuf.o
 .note.GNU-stack
                0x0000000000000000        0x0 binaries/getc.o
 .note.GNU-stack
                0x0000000000000000        0x0 binaries/getdev.o
 .note.GNU-stack
                0x0000000000000000        0x0 binaries/getitem.o
 .note.GNU-stack
                0x0000000000000000        0x0 binaries/getmem.o
 .note.GNU-stack
                0x0000000000000000        0x0 binaries/getpid.o
 .note.GNU-stack
                0x0000000000000000        0x0 binaries/getprio.o
 .note.GNU-stack
                0x0000000000000000        0x0 binaries/getstk.o
 .note.GNU-stack
                0x0000000000000000        0x0 binaries/gettime.o
 .note.GNU-stack
                0x0000000000000000        0x0 binaries/getutime.o
 .note.GNU-stack
                0x0000000000000000        0x0 binaries/init.o
 .note.GNU-stack
                0x0000000000000000        0x0 binaries/initialize.o
 .note.GNU-stack
                0x0000000000000000        0x0 binaries/insert.o
 .note.GNU-stack
                0x0000000000000000        0x0 binaries/insertd.o
 .note.GNU-stack
                0x0000000000000000        0x0 binaries/ioerr.o
 .note.GNU-stack
                0x0000000000000000        0x0 binaries/ionull.o
 .note.GNU-stack
                0x0000000000000000        0x0 binaries/kill.o
 .note.GNU-stack
                0x0000000000000000        0x0 binaries/kprintf.o
 .note.GNU-stack
                0x0000000000000000        0x0 binaries/main.o
 .note.GNU-stack
                0x0000000000000000        0x0 binaries/mark.o
 .note.GNU-stack
                0x0000000000000000        0x0 binaries/meminit.o
 .note.GNU-stack
                0x0000000000000000        0x0 binaries/mkbufpool.o
 .note.GNU-stack
                0x0000000000000000        0x0 binaries/newqueue.o
 .note.GNU-stack
                0x0000000000000000        0x0 binaries/open.o
 .note.GNU-stack
                0x0000000000000000        0x0 binaries/panic.o
 .note.GNU-stack
                0x0000000000000000        0x0 binaries/pci.o
 .note.GNU-stack
                0x0000000000000000        0x0 binaries/platinit.o
 .note.GNU-stack
                0x0000000000000000        0x0 binaries/ptclear.o
 .note.GNU-stack
                0x0000000000000000        0x0 binaries/ptcount.o
 .note.GNU-stack
                0x0000000000000000        0x0 binaries/ptcreate.o
 .note.GNU-stack
                0x0000000000000000        0x0 binaries/ptdelete.o
 .note.GNU-stack
                0x0000000000000000        0x0 binaries/ptinit.o
 .note.GNU-stack
                0x0000000000000000        0x0 binaries/ptrecv.o
 .note.GNU-stack
                0x0000000000000000        0x0 binaries/ptreset.o
 .note.GNU-stack
                0x0000000000000000        0x0 binaries/ptsend.o
 .note.GNU-stack
                0x0000000000000000        0x0 binaries/putc.o
 .note.GNU-stack
                0x0000000000000000        0x0 binaries/quark_irq.o
 .note.GNU-stack
                0x0000000000000000        0x0 binaries/quark_pdat.o
 .note.GNU-stack
                0x0000000000000000        0x0 binaries/queue.o
 .note.GNU-stack
                0x0000000000000000        0x0 binaries/read.o
 .note.GNU-stack
                0x0000000000000000        0x0 binaries/ready.o
 .note.GNU-stack
                0x0000000000000000        0x0 binaries/receive.o
 .note.GNU-stack
                0x0000000000000000        0x0 binaries/recvclr.o
 .note.GNU-stack
                0x0000000000000000        0x0 binaries/recvtime.o
 .note.GNU-stack
                0x0000000000000000        0x0 binaries/resched.o
 .note.GNU-stack
                0x0000000000000000        0x0 binaries/resume.o
 .note.GNU-stack
                0x0000000000000000        0x0 binaries/seek.o
 .note.GNU-stack
                0x0000000000000000        0x0 binaries/semcount.o
 .note.GNU-stack
                0x0000000000000000        0x0 binaries/semcreate.o
 .note.GNU-stack
                0x0000000000000000        0x0 binaries/semdelete.o
 .note.GNU-stack
                0x0000000000000000        0x0 binaries/semreset.o
 .note.GNU-stack
                0x0000000000000000        0x0 binaries/send.o
 .note.GNU-stack
                0x0000000000000000        0x0 binaries/signal.o
 .note.GNU-stack
                0x0000000000000000        0x0 binaries/signaln.o
 .note.GNU-stack
                0x0000000000000000        0x0 binaries/sleep.o
 .note.GNU-stack
                0x0000000000000000        0x0 binaries/suspend.o
 .note.GNU-stack
                0x0000000000000000        0x0 binaries/unsleep.o
 .note.GNU-stack
                0x0000000000000000        0x0 binaries/userret.o
 .note.GNU-stack
                0x0000000000000000        0x0 binaries/wait.o
 .note.GNU-stack
                0x0000000000000000        0x0 binaries/wakeup.o
 .note.GNU-stack
                0x0000000000000000        0x0 binaries/write.o
 .note.GNU-stack
                0x0000000000000000        0x0 binaries/xdone.o
 .note.GNU-stack
                0x0000000000000000        0x0 binaries/yield.o
 .note.GNU-stack
                0x0000000000000000        0x0 binaries/abs.o
 .note.GNU-stack
                0x0000000000000000        0x0 binaries/atoi.o
 .note.GNU-stack
                0x0000000000000000        0x0 binaries/atol.o
 .note.GNU-stack
                0x0000000000000000        0x0 binaries/bzero.o
 .note.GNU-stack
                0x0000000000000000        0x0 binaries/ctype_.o
 .note.GNU-stack
                0x0000000000000000        0x0 binaries/doprnt.o
 .note.GNU-stack
                0x0000000000000000        0x0 binaries/doscan.o
 .note.GNU-stack
                0x0000000000000000        0x0 binaries/fdoprnt.o
 .note.GNU-stack
                0x0000000000000000        0x0 binaries/fgetc.o
 .note.GNU-stack
                0x0000000000000000        0x0 binaries/fgets.o
 .note.GNU-stack
                0x0000000000000000        0x0 binaries/fprintf.o
 .note.GNU-stack
                0x0000000000000000        0x0 binaries/fputc.o
 .note.GNU-stack
                0x0000000000000000        0x0 binaries/fputs.o
 .note.GNU-stack
                0x0000000000000000        0x0 binaries/fscanf.o
 .note.GNU-stack
                0x0000000000000000        0x0 binaries/getchar.o
 .note.GNU-stack
                0x0000000000000000        0x0 binaries/labs.o
 .note.GNU-stack
                0x0000000000000000        0x0 binaries/memchr.o
 .note.GNU-stack
                0x0000000000000000        0x0 binaries/memcmp.o
 .note.GNU-stack
                0x0000000000000000        0x0 binaries/memcpy.o
 .note.GNU-stack
                0x0000000000000000        0x0 binaries/memset.o
 .note.GNU-stack
                0x0000000000000000        0x0 binaries/printf.o
 .note.GNU-stack
                0x0000000000000000        0x0 binaries/putchar.o
 .note.GNU-stack
                0x0000000000000000        0x0 binaries/qsort.o
 .note.GNU-stack
                0x0000000000000000        0x0 binaries/rand.o
 .note.GNU-stack
                0x0000000000000000        0x0 binaries/sprintf.o
 .note.GNU-stack
                0x0000000000000000        0x0 binaries/sscanf.o
 .note.GNU-stack
                0x0000000000000000        0x0 binaries/strchr.o
 .note.GNU-stack
                0x0000000000000000        0x0 binaries/strcmp.o
 .note.GNU-stack
                0x0000000000000000        0x0 binaries/strcpy.o
 .note.GNU-stack
                0x0000000000000000        0x0 binaries/strlen.o
 .note.GNU-stack
                0x0000000000000000        0x0 binaries/strncat.o
 .note.GNU-stack
                0x0000000000000000        0x0 binaries/strncmp.o
 .note.GNU-stack
                0x0000000000000000        0x0 binaries/strncpy.o
 .note.GNU-stack
                0x0000000000000000        0x0 binaries/strnlen.o
 .note.GNU-stack
                0x0000000000000000        0x0 binaries/strrchr.o
 .note.GNU-stack
                0x0000000000000000        0x0 binaries/strstr.o
 .note.GNU-stack
                0x0000000000000000        0x0 binaries/ttycontrol.o
 .note.GNU-stack
                0x0000000000000000        0x0 binaries/ttygetc.o
 .note.GNU-stack
                0x0000000000000000        0x0 binaries/ttyhandle_in.o
 .note.GNU-stack
                0x0000000000000000        0x0 binaries/ttyhandle_out.o
 .note.GNU-stack
                0x0000000000000000        0x0 binaries/ttyhandler.o
 .note.GNU-stack
                0x0000000000000000        0x0 binaries/ttyinit.o
 .note.GNU-stack
                0x0000000000000000        0x0 binaries/ttykickout.o
 .note.GNU-stack
                0x0000000000000000        0x0 binaries/ttyputc.o
 .note.GNU-stack
                0x0000000000000000        0x0 binaries/ttyread.o
 .note.GNU-stack
                0x0000000000000000        0x0 binaries/ttywrite.o
 .note.GNU-stack
                0x0000000000000000        0x0 binaries/mount.o
 .note.GNU-stack
                0x0000000000000000        0x0 binaries/naminit.o
 .note.GNU-stack
                0x0000000000000000        0x0 binaries/nammap.o
 .note.GNU-stack
                0x0000000000000000        0x0 binaries/namopen.o
 .note.GNU-stack
                0x0000000000000000        0x0 binaries/colon2mac.o
 .note.GNU-stack
                0x0000000000000000        0x0 binaries/ethcontrol.o
 .note.GNU-stack
                0x0000000000000000        0x0 binaries/ethhandler.o
 .note.GNU-stack
                0x0000000000000000        0x0 binaries/ethinit.o
 .note.GNU-stack
                0x0000000000000000        0x0 binaries/ethmcast.o
 .note.GNU-stack
                0x0000000000000000        0x0 binaries/ethread.o
 .note.GNU-stack
                0x0000000000000000        0x0 binaries/ethwrite.o
 .note.GNU-stack
                0x0000000000000000        0x0 binaries/rdsbufalloc.o
 .note.GNU-stack
                0x0000000000000000        0x0 binaries/rdsclose.o
 .note.GNU-stack
                0x0000000000000000        0x0 binaries/rdscomm.o
 .note.GNU-stack
                0x0000000000000000        0x0 binaries/rdscontrol.o
 .note.GNU-stack
                0x0000000000000000        0x0 binaries/rdsinit.o
 .note.GNU-stack
                0x0000000000000000        0x0 binaries/rdsopen.o
 .note.GNU-stack
                0x0000000000000000        0x0 binaries/rdsprocess.o
 .note.GNU-stack
                0x0000000000000000        0x0 binaries/rdsread.o
 .note.GNU-stack
                0x0000000000000000        0x0 binaries/rdswrite.o
 .note.GNU-stack
                0x0000000000000000        0x0 binaries/ramclose.o
 .note.GNU-stack
                0x0000000000000000        0x0 binaries/raminit.o
 .note.GNU-stack
                0x0000000000000000        0x0 binaries/ramopen.o
 .note.GNU-stack
                0x0000000000000000        0x0 binaries/ramread.o
 .note.GNU-stack
                0x0000000000000000        0x0 binaries/ramwrite.o
 .note.GNU-stack
                0x0000000000000000        0x0 binaries/lfdballoc.o
 .note.GNU-stack
                0x0000000000000000        0x0 binaries/lfdbfree.o
 .note.GNU-stack
                0x0000000000000000        0x0 binaries/lfflush.o
 .note.GNU-stack
                0x0000000000000000        0x0 binaries/lfgetmode.o
 .note.GNU-stack
                0x0000000000000000        0x0 binaries/lfiballoc.o
 .note.GNU-stack
                0x0000000000000000        0x0 binaries/lfibclear.o
 .note.GNU-stack
                0x0000000000000000        0x0 binaries/lfibget.o
 .note.GNU-stack
                0x0000000000000000        0x0 binaries/lfibput.o
 .note.GNU-stack
                0x0000000000000000        0x0 binaries/lflclose.o
 .note.GNU-stack
                0x0000000000000000        0x0 binaries/lflcontrol.o
 .note.GNU-stack
                0x0000000000000000        0x0 binaries/lflgetc.o
 .note.GNU-stack
                0x0000000000000000        0x0 binaries/lflinit.o
 .note.GNU-stack
                0x0000000000000000        0x0 binaries/lflputc.o
 .note.GNU-stack
                0x0000000000000000        0x0 binaries/lflread.o
 .note.GNU-stack
                0x0000000000000000        0x0 binaries/lflseek.o
 .note.GNU-stack
                0x0000000000000000        0x0 binaries/lflwrite.o
 .note.GNU-stack
                0x0000000000000000        0x0 binaries/lfsckfmt.o
 .note.GNU-stack
                0x0000000000000000        0x0 binaries/lfscreate.o
 .note.GNU-stack
                0x0000000000000000        0x0 binaries/lfsetup.o
 .note.GNU-stack
                0x0000000000000000        0x0 binaries/lfsinit.o
 .note.GNU-stack
                0x0000000000000000        0x0 binaries/lfsopen.o
 .note.GNU-stack
                0x0000000000000000        0x0 binaries/lftruncate.o
 .note.GNU-stack
                0x0000000000000000        0x0 binaries/rflclose.o
 .note.GNU-stack
                0x0000000000000000        0x0 binaries/rflgetc.o
 .note.GNU-stack
                0x0000000000000000        0x0 binaries/rflinit.o
 .note.GNU-stack
                0x0000000000000000        0x0 binaries/rflputc.o
 .note.GNU-stack
                0x0000000000000000        0x0 binaries/rflread.o
 .note.GNU-stack
                0x0000000000000000        0x0 binaries/rflseek.o
 .note.GNU-stack
                0x0000000000000000        0x0 binaries/rflwrite.o
 .note.GNU-stack
                0x0000000000000000        0x0 binaries/rfscomm.o
 .note.GNU-stack
                0x0000000000000000        0x0 binaries/rfscontrol.o
 .note.GNU-stack
                0x0000000000000000        0x0 binaries/rfsgetmode.o
 .note.GNU-stack
                0x0000000000000000        0x0 binaries/rfsinit.o
 .note.GNU-stack
                0x0000000000000000        0x0 binaries/rfsndmsg.o
 .note.GNU-stack
                0x0000000000000000        0x0 binaries/rfsopen.o
 .note.GNU-stack
                0x0000000000000000        0x0 binaries/arp.o
 .note.GNU-stack
                0x0000000000000000        0x0 binaries/dhcp.o
 .note.GNU-stack
                0x0000000000000000        0x0 binaries/dot2ip.o
 .note.GNU-stack
                0x0000000000000000        0x0 binaries/hexdump.o
 .note.GNU-stack
                0x0000000000000000        0x0 binaries/icmp.o
 .note.GNU-stack
                0x0000000000000000        0x0 binaries/ip.o
 .note.GNU-stack
                0x0000000000000000        0x0 binaries/net.o
 .note.GNU-stack
                0x0000000000000000        0x0 binaries/netstart.o
 .note.GNU-stack
                0x0000000000000000        0x0 binaries/pdump.o
 .note.GNU-stack
                0x0000000000000000        0x0 binaries/tftp.o
 .note.GNU-stack
                0x0000000000000000        0x0 binaries/udp.o
 .note.GNU-stack
                0x0000000000000000        0x0 binaries/addargs.o
 .note.GNU-stack
                0x0000000000000000        0x0 binaries/lexan.o
 .note.GNU-stack
                0x0000000000000000        0x0 binaries/shell.o
 .note.GNU-stack
                0x0000000000000000        0x0 binaries/xsh_argecho.o
 .note.GNU-stack
                0x0000000000000000        0x0 binaries/xsh_arp.o
 .note.GNU-stack
                0x0000000000000000        0x0 binaries/xsh_cat.o
 .note.GNU-stack
                0x0000000000000000        0x0 binaries/xsh_clear.o
 .note.GNU-stack
                0x0000000000000000        0x0 binaries/xsh_date.o
 .note.GNU-stack
                0x0000000000000000        0x0 binaries/xsh_devdump.o
 .note.GNU-stack
                0x0000000000000000        0x0 binaries/xsh_echo.o
 .note.GNU-stack
                0x0000000000000000        0x0 binaries/xsh_exit.o
 .note.GNU-stack
                0x0000000000000000        0x0 binaries/xsh_help.o
 .note.GNU-stack
                0x0000000000000000        0x0 binaries/xsh_ipaddr.o
 .note.GNU-stack
                0x0000000000000000        0x0 binaries/xsh_kill.o
 .note.GNU-stack
                0x0000000000000000        0x0 binaries/xsh_memdump.o
 .note.GNU-stack
                0x0000000000000000        0x0 binaries/xsh_memstat.o
 .note.GNU-stack
                0x0000000000000000        0x0 binaries/xsh_ping.o
 .note.GNU-stack
                0x0000000000000000        0x0 binaries/xsh_ps.o
 .note.GNU-stack
                0x0000000000000000        0x0 binaries/xsh_sleep.o
 .note.GNU-stack
                0x0000000000000000        0x0 binaries/xsh_udpdump.o
 .note.GNU-stack
                0x0000000000000000        0x0 binaries/xsh_udpecho.o
 .note.GNU-stack
                0x0000000000000000        0x0 binaries/xsh_udpeserver.o
 .note.GNU-stack
                0x0000000000000000        0x0 binaries/xsh_uptime.o
