
Allocating common symbols
Common symbol       size              file

netbufpool          0x4               binaries/net.o
readylist           0x2               binaries/ready.o
rfltab              0x5a0             binaries/rflinit.o
sleepq              0x2               binaries/clkinit.o
nnames              0x4               binaries/naminit.o
udptab              0x168             binaries/udp.o
minheap             0x4               binaries/meminit.o
marks               0x50              binaries/mark.o
currpid             0x4               binaries/initialize.o
Lf_data             0x20c             binaries/lfsinit.o
porttab             0x2d0             binaries/ptinit.o
girmask             0x2               binaries/evec.o
ttytab              0x10c             binaries/ttyinit.o
proctab             0x1900            binaries/initialize.o
prcount             0x4               binaries/initialize.o
lfltab              0xf00             binaries/lflinit.o
clkmilli            0x4               binaries/clkinit.o
rdstab              0x8c              binaries/rdsinit.o
ethertab            0x138             binaries/ethinit.o
NetData             0xa8              binaries/net.o
nmarks              0x4               binaries/mark.o
xts_conf            0x2d0             binaries/initialize.o
Defer               0x8               binaries/resched.o
semtab              0x4b0             binaries/initialize.o
maxheap             0x4               binaries/meminit.o
preempt             0x4               binaries/clkinit.o
buftab              0xf0              binaries/bufinit.o
Rf_data             0x18              binaries/rfsinit.o
mkmutex             0x4               binaries/mark.o
xts_ready           0x1e0             binaries/initialize.o
clktime             0x4               binaries/clkinit.o
arpcache            0x140             binaries/arp.o
icmptab             0x230             binaries/icmp.o
nbpools             0x4               binaries/bufinit.o
queuetab            0x980             binaries/queue.o
ptnextid            0x4               binaries/ptinit.o
Ram                 0x19000           binaries/raminit.o
ipoqueue            0x2c              binaries/ip.o
memlist             0x8               binaries/initialize.o
nametab             0x19a0            binaries/naminit.o
ptfree              0x4               binaries/ptinit.o

Memory Configuration

Name             Origin             Length             Attributes
*default*        0x0000000000000000 0xffffffffffffffff

Linker script and memory map

                0x0000000000100000                physbase = 0x100000
                0x0000000000100000                . = physbase
                0x0000000000100000                . = ALIGN (0x1000)

.text           0x0000000000100000    0x14000
                0x0000000000100000                text = ABSOLUTE (.)
 *(.text .text.*)
 .text          0x0000000000100000      0x1a8 binaries/start.o
                0x0000000000100024                start
                0x00000000001000f6                inb
                0x00000000001000fe                inw
                0x0000000000100107                inl
                0x000000000010010f                outb
                0x0000000000100119                outw
                0x0000000000100124                outl
                0x000000000010012e                _rtcin
                0x0000000000100139                ___udivsi3
                0x0000000000100144                ___divsi3
                0x0000000000100150                sbzero
                0x0000000000100160                bcopy
                0x0000000000100174                insw
                0x000000000010018a                outsw
                0x00000000001001a0                lidt
 .text          0x00000000001001a8      0x2d5 binaries/ascdate.o
                0x00000000001001a8                ascdate
 .text          0x000000000010047d       0x10 binaries/bufinit.o
                0x000000000010047d                bufinit
 .text          0x000000000010048d       0x6c binaries/chprio.o
                0x000000000010048d                chprio
 .text          0x00000000001004f9       0x79 binaries/clkhandler.o
                0x00000000001004f9                clkhandler
 .text          0x0000000000100572       0x63 binaries/clkinit.o
                0x0000000000100572                clkinit
 .text          0x00000000001005d5       0x56 binaries/close.o
                0x00000000001005d5                close
 .text          0x000000000010062b        0x0 binaries/conf.o
 .text          0x000000000010062b       0x5f binaries/control.o
                0x000000000010062b                control
 .text          0x000000000010068a      0x222 binaries/create.o
                0x000000000010068a                create
 .text          0x00000000001008ac      0x205 binaries/early_imr.o
                0x00000000001008ac                intel_cln_early_sb_read_reg
                0x0000000000100904                intel_cln_early_sb_write_reg
                0x00000000001009b3                remove_irm_protections
 .text          0x0000000000100ab1      0x2e6 binaries/evec.o
                0x0000000000100ab1                setirmask
                0x0000000000100ae5                set_evec
                0x0000000000100b41                initevec
                0x0000000000100c10                trap
 .text          0x0000000000100d97       0x78 binaries/freebuf.o
                0x0000000000100d97                freebuf
 .text          0x0000000000100e0f      0x107 binaries/freemem.o
                0x0000000000100e0f                freemem
 .text          0x0000000000100f16       0x65 binaries/getbuf.o
                0x0000000000100f16                getbuf
 .text          0x0000000000100f7b       0x56 binaries/getc.o
                0x0000000000100f7b                getc
 .text          0x0000000000100fd1       0x63 binaries/getdev.o
                0x0000000000100fd1                getdev
 .text          0x0000000000101034       0x77 binaries/getitem.o
                0x0000000000101034                getitem
                0x0000000000101060                getfirst
                0x0000000000101083                getlast
 .text          0x00000000001010ab       0xc2 binaries/getmem.o
                0x00000000001010ab                getmem
 .text          0x000000000010116d        0x6 binaries/getpid.o
                0x000000000010116d                getpid
 .text          0x0000000000101173       0x64 binaries/getprio.o
                0x0000000000101173                getprio
 .text          0x00000000001011d7       0xa5 binaries/getstk.o
                0x00000000001011d7                getstk
 .text          0x000000000010127c       0x34 binaries/gettime.o
                0x000000000010127c                gettime
 .text          0x00000000001012b0      0x19d binaries/getutime.o
                0x00000000001012b0                getutime
 .text          0x000000000010144d       0x56 binaries/init.o
                0x000000000010144d                init
 .text          0x00000000001014a3      0x3ba binaries/initialize.o
                0x00000000001014a3                nulluser
                0x0000000000101818                stop
                0x000000000010183a                delay
 .text          0x000000000010185d       0xa0 binaries/insert.o
                0x000000000010185d                insert
 .text          0x00000000001018fd       0xe9 binaries/insertd.o
                0x00000000001018fd                insertd
 .text          0x00000000001019e6        0x6 binaries/ioerr.o
                0x00000000001019e6                ioerr
 .text          0x00000000001019ec        0x6 binaries/ionull.o
                0x00000000001019ec                ionull
 .text          0x00000000001019f2      0x18c binaries/kill.o
                0x00000000001019f2                kill
 .text          0x0000000000101b7e       0xa5 binaries/kprintf.o
                0x0000000000101b7e                kputc
                0x0000000000101bad                console_init
                0x0000000000101bdf                kgetc
                0x0000000000101c01                kprintf
 .text          0x0000000000101c23       0xda binaries/main.o
                0x0000000000101c23                main
 .text          0x0000000000101cfd       0x93 binaries/mark.o
                0x0000000000101cfd                markinit
                0x0000000000101d1a                mark
 .text          0x0000000000101d90      0x1d7 binaries/meminit.o
                0x0000000000101d90                meminit
                0x0000000000101ef9                setsegs
 .text          0x0000000000101f67      0x12a binaries/mkbufpool.o
                0x0000000000101f67                mkbufpool
 .text          0x0000000000102091       0x5e binaries/newqueue.o
                0x0000000000102091                newqueue
 .text          0x00000000001020ef       0x5e binaries/open.o
                0x00000000001020ef                open
 .text          0x000000000010214d       0x1e binaries/panic.o
                0x000000000010214d                panic
 .text          0x000000000010216b      0x27c binaries/pci.o
                0x000000000010216b                pci_init
                0x0000000000102171                find_pci_device
                0x000000000010222f                pci_read_config_byte
                0x000000000010226c                pci_read_config_word
                0x00000000001022ab                pci_read_config_dword
                0x00000000001022e8                pci_write_config_byte
                0x0000000000102323                pci_write_config_word
                0x000000000010235f                pci_write_config_dword
                0x000000000010239a                pci_get_dev_mmio_base_addr
 .text          0x00000000001023e7       0x4f binaries/platinit.o
                0x00000000001023e7                platinit
 .text          0x0000000000102436       0xa3 binaries/ptclear.o
                0x0000000000102436                _ptclear
 .text          0x00000000001024d9       0x7c binaries/ptcount.o
                0x00000000001024d9                ptcount
 .text          0x0000000000102555       0xeb binaries/ptcreate.o
                0x0000000000102555                ptcreate
 .text          0x0000000000102640       0x64 binaries/ptdelete.o
                0x0000000000102640                ptdelete
 .text          0x00000000001026a4       0x88 binaries/ptinit.o
                0x00000000001026a4                ptinit
 .text          0x000000000010272c       0xec binaries/ptrecv.o
                0x000000000010272c                ptrecv
 .text          0x0000000000102818       0x67 binaries/ptreset.o
                0x0000000000102818                ptreset
 .text          0x000000000010287f      0x10d binaries/ptsend.o
                0x000000000010287f                ptsend
 .text          0x000000000010298c       0x5c binaries/putc.o
                0x000000000010298c                putc
 .text          0x00000000001029e8       0xb6 binaries/quark_irq.o
                0x00000000001029e8                quark_irq_routing
 .text          0x0000000000102a9e      0x19d binaries/quark_pdat.o
                0x0000000000102a9e                get_quark_pdat_entry_data_by_id
                0x0000000000102b6b                get_quark_pdat_entry_data_by_desc
 .text          0x0000000000102c3b       0xb7 binaries/queue.o
                0x0000000000102c3b                enqueue
                0x0000000000102ca7                dequeue
 .text          0x0000000000102cf2       0x5e binaries/read.o
                0x0000000000102cf2                read
 .text          0x0000000000102d50       0x6c binaries/ready.o
                0x0000000000102d50                ready
 .text          0x0000000000102dbc       0x67 binaries/receive.o
                0x0000000000102dbc                receive
 .text          0x0000000000102e23       0x54 binaries/recvclr.o
                0x0000000000102e23                recvclr
 .text          0x0000000000102e77       0xc2 binaries/recvtime.o
                0x0000000000102e77                recvtime
 .text          0x0000000000102f39      0x128 binaries/resched.o
                0x0000000000102f39                resched
                0x0000000000102fee                resched_cntl
 .text          0x0000000000103061       0x87 binaries/resume.o
                0x0000000000103061                resume
 .text          0x00000000001030e8       0x5a binaries/seek.o
                0x00000000001030e8                seek
 .text          0x0000000000103142       0x4f binaries/semcount.o
                0x0000000000103142                semcount
 .text          0x0000000000103191       0x86 binaries/semcreate.o
                0x0000000000103191                semcreate
 .text          0x0000000000103217       0xc3 binaries/semdelete.o
                0x0000000000103217                semdelete
 .text          0x00000000001032da       0xa7 binaries/semreset.o
                0x00000000001032da                semreset
 .text          0x0000000000103381       0xd2 binaries/send.o
                0x0000000000103381                send
 .text          0x0000000000103453       0x95 binaries/signal.o
                0x0000000000103453                signal
 .text          0x00000000001034e8       0xb2 binaries/signaln.o
                0x00000000001034e8                signaln
 .text          0x000000000010359a       0xc9 binaries/sleep.o
                0x000000000010359a                sleepms
                0x000000000010362d                sleep
 .text          0x0000000000103663       0xd3 binaries/suspend.o
                0x0000000000103663                suspend
 .text          0x0000000000103736       0x9a binaries/unsleep.o
                0x0000000000103736                unsleep
 .text          0x00000000001037d0       0x15 binaries/userret.o
                0x00000000001037d0                userret
 .text          0x00000000001037e5       0xb7 binaries/wait.o
                0x00000000001037e5                wait
 .text          0x000000000010389c       0x6d binaries/wakeup.o
                0x000000000010389c                wakeup
 .text          0x0000000000103909       0x5e binaries/write.o
                0x0000000000103909                write
 .text          0x0000000000103967       0x16 binaries/xdone.o
                0x0000000000103967                xdone
 .text          0x000000000010397d       0x6b binaries/xts_dequeue.o
                0x000000000010397d                xts_dequeue
 .text          0x00000000001039e8       0x51 binaries/xts_enqueue.o
                0x00000000001039e8                xts_enqueue
 .text          0x0000000000103a39       0x26 binaries/xts_priochk.o
                0x0000000000103a39                xts_priochk
 .text          0x0000000000103a5f       0x23 binaries/yield.o
                0x0000000000103a5f                yield
 .text          0x0000000000103a82        0xe binaries/abs.o
                0x0000000000103a82                abs
 .text          0x0000000000103a90       0x7d binaries/atoi.o
                0x0000000000103a90                atoi
 .text          0x0000000000103b0d       0x7d binaries/atol.o
                0x0000000000103b0d                atol
 .text          0x0000000000103b8a       0x18 binaries/bzero.o
                0x0000000000103b8a                bzero
 .text          0x0000000000103ba2        0x0 binaries/ctype_.o
 .text          0x0000000000103ba2      0x6e7 binaries/doprnt.o
                0x0000000000103cf6                _doprnt
 .text          0x0000000000104289      0x678 binaries/doscan.o
                0x0000000000104289                _doscan
 .text          0x0000000000104901      0x6a9 binaries/fdoprnt.o
                0x0000000000104985                _fdoprnt
 .text          0x0000000000104faa       0x1c binaries/fgetc.o
                0x0000000000104faa                fgetc
 .text          0x0000000000104fc6       0x5c binaries/fgets.o
                0x0000000000104fc6                fgets
 .text          0x0000000000105022       0x23 binaries/fprintf.o
                0x0000000000105022                fprintf
 .text          0x0000000000105045       0x29 binaries/fputc.o
                0x0000000000105045                fputc
 .text          0x000000000010506e       0x3b binaries/fputs.o
                0x000000000010506e                fputs
 .text          0x00000000001050a9       0x6a binaries/fscanf.o
                0x00000000001050e3                fscanf
 .text          0x0000000000105113       0x25 binaries/getchar.o
                0x0000000000105113                getchar
 .text          0x0000000000105138        0xe binaries/labs.o
                0x0000000000105138                labs
 .text          0x0000000000105146       0x32 binaries/memchr.o
                0x0000000000105146                memchr
 .text          0x0000000000105178       0x49 binaries/memcmp.o
                0x0000000000105178                memcmp
 .text          0x00000000001051c1       0x25 binaries/memcpy.o
                0x00000000001051c1                memcpy
 .text          0x00000000001051e6       0x1e binaries/memset.o
                0x00000000001051e6                memset
 .text          0x0000000000105204       0x38 binaries/printf.o
                0x0000000000105204                printf
 .text          0x000000000010523c       0x29 binaries/putchar.o
                0x000000000010523c                putchar
 .text          0x0000000000105265      0x1cb binaries/qsort.o
                0x0000000000105405                qsort
 .text          0x0000000000105430       0x45 binaries/rand.o
                0x0000000000105430                srand
                0x000000000010543a                rand
 .text          0x0000000000105475       0x49 binaries/sprintf.o
                0x000000000010548c                sprintf
 .text          0x00000000001054be       0x57 binaries/sscanf.o
                0x00000000001054e7                sscanf
 .text          0x0000000000105515       0x2d binaries/strchr.o
                0x0000000000105515                strchr
 .text          0x0000000000105542       0x43 binaries/strcmp.o
                0x0000000000105542                strcmp
 .text          0x0000000000105585       0x1a binaries/strcpy.o
                0x0000000000105585                strcpy
 .text          0x000000000010559f       0x1c binaries/strlen.o
                0x000000000010559f                strlen
 .text          0x00000000001055bb       0x3c binaries/strncat.o
                0x00000000001055bb                strncat
 .text          0x00000000001055f7       0x3a binaries/strncmp.o
                0x00000000001055f7                strncmp
 .text          0x0000000000105631       0x58 binaries/strncpy.o
                0x0000000000105631                strncpy
 .text          0x0000000000105689       0x36 binaries/strnlen.o
                0x0000000000105689                strnlen
 .text          0x00000000001056bf       0x30 binaries/strrchr.o
                0x00000000001056bf                strrchr
 .text          0x00000000001056ef       0x66 binaries/strstr.o
                0x00000000001056ef                strstr
 .text          0x0000000000105755      0x10a binaries/ttycontrol.o
                0x0000000000105755                ttycontrol
 .text          0x000000000010585f       0xaa binaries/ttygetc.o
                0x000000000010585f                ttygetc
 .text          0x0000000000105909      0x48a binaries/ttyhandle_in.o
                0x00000000001059bf                ttyhandle_in
 .text          0x0000000000105d93      0x14c binaries/ttyhandle_out.o
                0x0000000000105d93                ttyhandle_out
 .text          0x0000000000105edf       0x84 binaries/ttyhandler.o
                0x0000000000105edf                ttyhandler
 .text          0x0000000000105f63      0x15a binaries/ttyinit.o
                0x0000000000105f63                ttyinit
 .text          0x00000000001060bd        0xc binaries/ttykickout.o
                0x00000000001060bd                ttykickout
 .text          0x00000000001060c9       0xac binaries/ttyputc.o
                0x00000000001060c9                ttyputc
 .text          0x0000000000106175       0xf3 binaries/ttyread.o
                0x0000000000106175                ttyread
 .text          0x0000000000106268       0x46 binaries/ttywrite.o
                0x0000000000106268                ttywrite
 .text          0x00000000001062ae      0x125 binaries/mount.o
                0x00000000001062ae                namlen
                0x00000000001062e6                mount
 .text          0x00000000001063d3      0x196 binaries/naminit.o
                0x00000000001063d3                naminit
 .text          0x0000000000106569      0x1ff binaries/nammap.o
                0x0000000000106569                namrepl
                0x000000000010668a                namcpy
                0x00000000001066d7                nammap
 .text          0x0000000000106768       0x4e binaries/namopen.o
                0x0000000000106768                namopen
 .text          0x00000000001067b6       0xce binaries/colon2mac.o
                0x00000000001067b6                colon2mac
 .text          0x0000000000106884       0x81 binaries/ethcontrol.o
                0x0000000000106884                ethcontrol
 .text          0x0000000000106905      0x162 binaries/ethhandler.o
                0x0000000000106905                ethhandler
 .text          0x0000000000106a67      0x500 binaries/ethinit.o
                0x0000000000106a67                eth_phy_read
                0x0000000000106aa4                eth_phy_write
                0x0000000000106ae4                eth_phy_reset
                0x0000000000106bbe                ethinit
 .text          0x0000000000106f67       0xee binaries/ethmcast.o
                0x0000000000106f67                ethmcast_add
                0x0000000000106fb4                ethmcast_remove
 .text          0x0000000000107055      0x14f binaries/ethread.o
                0x0000000000107055                ethread
 .text          0x00000000001071a4       0xc3 binaries/ethwrite.o
                0x00000000001071a4                ethwrite
 .text          0x0000000000107267       0x66 binaries/rdsbufalloc.o
                0x0000000000107267                rdsbufalloc
 .text          0x00000000001072cd       0xc2 binaries/rdsclose.o
                0x00000000001072cd                rdsclose
 .text          0x000000000010738f      0x1ea binaries/rdscomm.o
                0x000000000010738f                rdscomm
 .text          0x0000000000107579      0x1c2 binaries/rdscontrol.o
                0x0000000000107579                rdscontrol
 .text          0x000000000010773b      0x1e3 binaries/rdsinit.o
                0x000000000010773b                rdsinit
 .text          0x000000000010791e      0x1a1 binaries/rdsopen.o
                0x000000000010791e                rdsopen
 .text          0x0000000000107abf      0x2ab binaries/rdsprocess.o
                0x0000000000107abf                rdsprocess
 .text          0x0000000000107d6a      0x1e2 binaries/rdsread.o
                0x0000000000107d6a                rdsread
 .text          0x0000000000107f4c      0x1ac binaries/rdswrite.o
                0x0000000000107f4c                rdswrite
 .text          0x00000000001080f8        0x6 binaries/ramclose.o
                0x00000000001080f8                ramclose
 .text          0x00000000001080fe       0x34 binaries/raminit.o
                0x00000000001080fe                raminit
 .text          0x0000000000108132        0x7 binaries/ramopen.o
                0x0000000000108132                ramopen
 .text          0x0000000000108139       0x27 binaries/ramread.o
                0x0000000000108139                ramread
 .text          0x0000000000108160       0x27 binaries/ramwrite.o
                0x0000000000108160                ramwrite
 .text          0x0000000000108187       0x87 binaries/lfdballoc.o
                0x0000000000108187                lfdballoc
 .text          0x000000000010820e       0x4d binaries/lfdbfree.o
                0x000000000010820e                lfdbfree
 .text          0x000000000010825b       0x9f binaries/lfflush.o
                0x000000000010825b                lfflush
 .text          0x00000000001082fa       0x7a binaries/lfgetmode.o
                0x00000000001082fa                lfgetmode
 .text          0x0000000000108374       0x5f binaries/lfiballoc.o
                0x0000000000108374                lfiballoc
 .text          0x00000000001083d3       0x25 binaries/lfibclear.o
                0x00000000001083d3                lfibclear
 .text          0x00000000001083f8       0x74 binaries/lfibget.o
                0x00000000001083f8                lfibget
 .text          0x000000000010846c       0x91 binaries/lfibput.o
                0x000000000010846c                lfibput
 .text          0x00000000001084fd       0xa1 binaries/lflclose.o
                0x00000000001084fd                lflclose
 .text          0x000000000010859e       0xbe binaries/lflcontrol.o
                0x000000000010859e                lflcontrol
 .text          0x000000000010865c       0xf8 binaries/lflgetc.o
                0x000000000010865c                lflgetc
 .text          0x0000000000108754       0xe4 binaries/lflinit.o
                0x0000000000108754                lflinit
 .text          0x0000000000108838      0x123 binaries/lflputc.o
                0x0000000000108838                lflputc
 .text          0x000000000010895b       0x6a binaries/lflread.o
                0x000000000010895b                lflread
 .text          0x00000000001089c5       0xb8 binaries/lflseek.o
                0x00000000001089c5                lflseek
 .text          0x0000000000108a7d       0x4e binaries/lflwrite.o
                0x0000000000108a7d                lflwrite
 .text          0x0000000000108acb      0x11a binaries/lfsckfmt.o
                0x0000000000108acb                lfsckfmt
 .text          0x0000000000108be5      0x1bd binaries/lfscreate.o
                0x0000000000108be5                lfscreate
 .text          0x0000000000108da2      0x1a4 binaries/lfsetup.o
                0x0000000000108da2                lfsetup
 .text          0x0000000000108f46       0x44 binaries/lfsinit.o
                0x0000000000108f46                lfsinit
 .text          0x0000000000108f8a      0x2ff binaries/lfsopen.o
                0x0000000000108f8a                lfsopen
 .text          0x0000000000109289      0x11d binaries/lftruncate.o
                0x0000000000109289                lftruncate
 .text          0x00000000001093a6       0x69 binaries/rflclose.o
                0x00000000001093a6                rflclose
 .text          0x000000000010940f       0x2b binaries/rflgetc.o
                0x000000000010940f                rflgetc
 .text          0x000000000010943a       0x69 binaries/rflinit.o
                0x000000000010943a                rflinit
 .text          0x00000000001094a3       0x2c binaries/rflputc.o
                0x00000000001094a3                rflputc
 .text          0x00000000001094cf      0x2ce binaries/rflread.o
                0x00000000001094cf                rflread
 .text          0x000000000010979d       0x69 binaries/rflseek.o
                0x000000000010979d                rflseek
 .text          0x0000000000109806      0x2ec binaries/rflwrite.o
                0x0000000000109806                rflwrite
 .text          0x0000000000109af2      0x17c binaries/rfscomm.o
                0x0000000000109af2                rfscomm
 .text          0x0000000000109c6e      0x246 binaries/rfscontrol.o
                0x0000000000109c6e                rfscontrol
 .text          0x0000000000109eb4       0x7a binaries/rfsgetmode.o
                0x0000000000109eb4                rfsgetmode
 .text          0x0000000000109f2e       0x7d binaries/rfsinit.o
                0x0000000000109f2e                rfsinit
 .text          0x0000000000109fab       0xb7 binaries/rfsndmsg.o
                0x0000000000109fab                rfsndmsg
 .text          0x000000000010a062      0x24f binaries/rfsopen.o
                0x000000000010a062                rfsopen
 .text          0x000000000010a2b1      0x619 binaries/arp.o
                0x000000000010a2b1                arp_init
                0x000000000010a2c9                arp_alloc
                0x000000000010a36d                arp_ntoh
                0x000000000010a3d7                arp_hton
                0x000000000010a441                arp_resolve
                0x000000000010a693                arp_in
 .text          0x000000000010a8ca      0x59d binaries/dhcp.o
                0x000000000010a8ca                dhcp_get_opt_val
                0x000000000010a91d                dhcp_bld_bootp_msg
                0x000000000010a9eb                dhcp_bld_disc
                0x000000000010aa3b                dhcp_bld_req
                0x000000000010aad5                getlocalip
 .text          0x000000000010ae67       0xd7 binaries/dot2ip.o
                0x000000000010ae67                dot2ip
 .text          0x000000000010af3e      0x379 binaries/hexdump.o
                0x000000000010af3e                hexdump
                0x000000000010b08e                hexadump
 .text          0x000000000010b2b7      0x6dc binaries/icmp.o
                0x000000000010b2b7                icmp_init
                0x000000000010b2cf                icmp_register
                0x000000000010b38d                icmp_recv
                0x000000000010b530                icmp_mkpkt
                0x000000000010b601                icmp_in
                0x000000000010b794                icmp_send
                0x000000000010b803                icmp_release
                0x000000000010b912                icmp_cksum
                0x000000000010b96b                icmp_hton
                0x000000000010b97f                icmp_ntoh
 .text          0x000000000010b993      0x5ca binaries/ip.o
                0x000000000010b993                ip_local
                0x000000000010b9d3                ipcksum
                0x000000000010ba20                ip_ntoh
                0x000000000010ba8a                ip_in
                0x000000000010bbad                ip_hton
                0x000000000010bc17                ip_out
                0x000000000010bcca                ip_send
                0x000000000010bdd6                ipout
                0x000000000010bec6                ip_enqueue
 .text          0x000000000010bf5d      0x1a8 binaries/net.o
                0x000000000010bf5d                net_init
                0x000000000010c053                eth_hton
                0x000000000010c05d                eth_ntoh
                0x000000000010c067                netin
 .text          0x000000000010c105       0xb3 binaries/netstart.o
                0x000000000010c105                netstart
 .text          0x000000000010c1b8      0xa2d binaries/pdump.o
                0x000000000010c1b8                pdump
                0x000000000010c79c                pdumph
 .text          0x000000000010cbe5      0x5c8 binaries/tftp.o
                0x000000000010cbe5                tftp_send1
                0x000000000010cd01                tftpget_mb
                0x000000000010d186                tftpget
 .text          0x000000000010d1ad      0x9fe binaries/udp.o
                0x000000000010d1ad                udp_init
                0x000000000010d1ea                udp_in
                0x000000000010d309                udp_register
                0x000000000010d426                udp_recv
                0x000000000010d5b3                udp_recvaddr
                0x000000000010d754                udp_send
                0x000000000010d90f                udp_sendto
                0x000000000010da82                udp_release
                0x000000000010db83                udp_ntoh
                0x000000000010db97                udp_hton
 .text          0x000000000010dbab      0x12c binaries/addargs.o
                0x000000000010dbab                addargs
 .text          0x000000000010dcd7      0x1e2 binaries/lexan.o
                0x000000000010dcd7                lexan
 .text          0x000000000010deb9      0x5b8 binaries/shell.o
                0x000000000010deb9                shell
 .text          0x000000000010e471       0x57 binaries/xsh_argecho.o
                0x000000000010e471                xsh_argecho
 .text          0x000000000010e4c8      0x1f8 binaries/xsh_arp.o
                0x000000000010e4c8                xsh_arp
 .text          0x000000000010e6c0      0x211 binaries/xsh_cat.o
                0x000000000010e6c0                xsh_cat
 .text          0x000000000010e8d1       0x59 binaries/xsh_clear.o
                0x000000000010e8d1                xsh_clear
 .text          0x000000000010e92a      0x28f binaries/xsh_date.o
                0x000000000010e92a                xsh_date
 .text          0x000000000010ebb9       0x89 binaries/xsh_devdump.o
                0x000000000010ebb9                xsh_devdump
 .text          0x000000000010ec42       0x5e binaries/xsh_echo.o
                0x000000000010ec42                xsh_echo
 .text          0x000000000010eca0        0x6 binaries/xsh_exit.o
                0x000000000010eca0                xsh_exit
 .text          0x000000000010eca6      0x332 binaries/xsh_help.o
                0x000000000010eca6                xsh_help
 .text          0x000000000010efd8      0x391 binaries/xsh_ipaddr.o
                0x000000000010efd8                xsh_ipaddr
 .text          0x000000000010f369      0x1df binaries/xsh_kill.o
                0x000000000010f369                xsh_kill
 .text          0x000000000010f548      0x3f5 binaries/xsh_memdump.o
                0x000000000010f60a                xsh_memdump
 .text          0x000000000010f93d      0x1d7 binaries/xsh_memstat.o
                0x000000000010f93d                xsh_memstat
 .text          0x000000000010fb14      0x2cb binaries/xsh_ping.o
                0x000000000010fb14                xsh_ping
 .text          0x000000000010fddf      0x1ac binaries/xsh_ps.o
                0x000000000010fddf                xsh_ps
 .text          0x000000000010ff8b      0x1cc binaries/xsh_sleep.o
                0x000000000010ff8b                xsh_sleep
 .text          0x0000000000110157      0x1d8 binaries/xsh_udpdump.o
                0x0000000000110157                xsh_udpdump
 .text          0x000000000011032f      0x406 binaries/xsh_udpecho.o
                0x000000000011032f                xsh_udpecho
 .text          0x0000000000110735      0x243 binaries/xsh_udpeserver.o
                0x0000000000110735                xsh_udpeserver
 .text          0x0000000000110978      0x1c0 binaries/xsh_uptime.o
                0x0000000000110978                xsh_uptime
 .text          0x0000000000110b38        0xe binaries/clkdisp.o
                0x0000000000110b38                clkdisp
 .text          0x0000000000110b46       0x19 binaries/ctxsw.o
                0x0000000000110b46                ctxsw
 .text          0x0000000000110b5f      0x368 binaries/intr.o
                0x0000000000110b5f                disable
                0x0000000000110b68                restore
                0x0000000000110b76                enable
                0x0000000000110b78                pause
                0x0000000000110b7f                halt
                0x0000000000110b82                spurious_irq7
                0x0000000000110b87                spurious_irq15
                0x0000000000110b96                _Xint0
                0x0000000000110ba1                _Xint1
                0x0000000000110bac                _Xint2
                0x0000000000110bb7                _Xint3
                0x0000000000110bc2                _Xint4
                0x0000000000110bcd                _Xint5
                0x0000000000110bd8                _Xint6
                0x0000000000110be3                _Xint7
                0x0000000000110bee                _Xint8
                0x0000000000110bf9                _Xint9
                0x0000000000110c04                _Xint10
                0x0000000000110c0f                _Xint11
                0x0000000000110c1d                _Xint12
                0x0000000000110c2b                _Xint13
                0x0000000000110c39                _Xint14
                0x0000000000110c47                _Xint15
                0x0000000000110c55                _Xint16
                0x0000000000110c63                _Xint17
                0x0000000000110c71                _Xint18
                0x0000000000110c7f                _Xint19
                0x0000000000110c8d                _Xint20
                0x0000000000110c9b                _Xint21
                0x0000000000110ca9                _Xint22
                0x0000000000110cb7                _Xint23
                0x0000000000110cc5                _Xint24
                0x0000000000110cd3                _Xint25
                0x0000000000110ce1                _Xint26
                0x0000000000110cef                _Xint27
                0x0000000000110cfd                _Xint28
                0x0000000000110d0b                _Xint29
                0x0000000000110d19                _Xint30
                0x0000000000110d27                _Xint31
                0x0000000000110d35                _Xint32
                0x0000000000110d43                _Xint33
                0x0000000000110d51                _Xint34
                0x0000000000110d5f                _Xint35
                0x0000000000110d6d                _Xint36
                0x0000000000110d7b                _Xint37
                0x0000000000110d89                _Xint38
                0x0000000000110d97                _Xint39
                0x0000000000110da5                _Xint40
                0x0000000000110db3                _Xint41
                0x0000000000110dc1                _Xint42
                0x0000000000110dcf                _Xint43
                0x0000000000110ddd                _Xint44
                0x0000000000110deb                _Xint45
                0x0000000000110df9                _Xint46
                0x0000000000110e07                defevec
 .text          0x0000000000110ec7        0xf binaries/ttydispatch.o
                0x0000000000110ec7                ttydispatch
 .text          0x0000000000110ed6       0x13 binaries/ethdispatch.o
                0x0000000000110ed6                ethdispatch
 *(.rodata .rodata.*)
 .rodata.str1.1
                0x0000000000110ee9       0x54 binaries/ascdate.o
 *fill*         0x0000000000110f3d        0x3 
 .rodata.str1.4
                0x0000000000110f40       0x22 binaries/ascdate.o
 .rodata.str1.1
                0x0000000000110f62       0x5f binaries/conf.o
 *fill*         0x0000000000110fc1        0x3 
 .rodata.str1.4
                0x0000000000110fc4       0x4f binaries/early_imr.o
 *fill*         0x0000000000111013        0x1 
 .rodata        0x0000000000111014       0x33 binaries/early_imr.o
 .rodata.str1.1
                0x0000000000111047      0x20c binaries/evec.o
 *fill*         0x0000000000111253        0x1 
 .rodata.str1.4
                0x0000000000111254       0x23 binaries/evec.o
 .rodata.str1.1
                0x0000000000111277        0xb binaries/getutime.o
 *fill*         0x0000000000111282        0x2 
 .rodata.str1.4
                0x0000000000111284       0x54 binaries/getutime.o
 .rodata.str1.1
                0x00000000001112d8       0x92 binaries/initialize.o
                                         0x96 (size before relaxing)
 *fill*         0x000000000011136a        0x2 
 .rodata.str1.4
                0x000000000011136c       0xd4 binaries/initialize.o
 .rodata        0x0000000000111440       0x20 binaries/kill.o
 .rodata.str1.1
                0x0000000000111460       0x2b binaries/main.o
 *fill*         0x000000000011148b        0x1 
 .rodata.str1.4
                0x000000000011148c      0x18e binaries/main.o
 *fill*         0x000000000011161a        0x2 
 .rodata.str1.4
                0x000000000011161c       0x23 binaries/meminit.o
 .rodata.str1.1
                0x000000000011163f       0x1b binaries/meminit.o
 .rodata.str1.1
                0x000000000011165a        0xf binaries/panic.o
 .rodata.str1.1
                0x0000000000111669       0x1c binaries/ptinit.o
 *fill*         0x0000000000111685        0x3 
 .rodata.str1.4
                0x0000000000111688       0x25 binaries/ptsend.o
 .rodata.str1.1
                0x00000000001116ad       0x22 binaries/quark_pdat.o
 *fill*         0x00000000001116cf        0x1 
 .rodata.str1.4
                0x00000000001116d0       0x27 binaries/xdone.o
 *fill*         0x00000000001116f7        0x9 
 .rodata        0x0000000000111700       0x81 binaries/ctype_.o
                0x0000000000111700                _ctype_
 .rodata.str1.1
                0x0000000000111781       0x29 binaries/doprnt.o
 *fill*         0x00000000001117aa        0x2 
 .rodata        0x00000000001117ac       0xc4 binaries/doprnt.o
 .rodata        0x0000000000111870       0x98 binaries/doscan.o
 .rodata.str1.1
                0x0000000000111908       0x29 binaries/fdoprnt.o
 .rodata        0x0000000000111908       0x84 binaries/fdoprnt.o
 .rodata        0x000000000011198c       0x20 binaries/ttycontrol.o
 .rodata.str1.4
                0x00000000001119ac       0x4c binaries/naminit.o
 .rodata.str1.1
                0x00000000001119f8       0x32 binaries/naminit.o
                                         0x35 (size before relaxing)
 .rodata.str1.1
                0x0000000000111a2a       0x15 binaries/ethinit.o
 *fill*         0x0000000000111a3f        0x1 
 .rodata.str1.4
                0x0000000000111a40       0x2e binaries/ethinit.o
 *fill*         0x0000000000111a6e        0x2 
 .rodata.str1.4
                0x0000000000111a70       0x2c binaries/rdsbufalloc.o
 .rodata.str1.4
                0x0000000000111a9c       0x76 binaries/rdscomm.o
 *fill*         0x0000000000111b12        0x2 
 .rodata.str1.4
                0x0000000000111b14       0x48 binaries/rdscontrol.o
 .rodata.str1.4
                0x0000000000111b5c       0x7e binaries/rdsinit.o
 .rodata.str1.1
                0x0000000000111bda       0x18 binaries/rdsinit.o
 *fill*         0x0000000000111bf2        0x2 
 .rodata.str1.4
                0x0000000000111bf4       0x22 binaries/rdsopen.o
 *fill*         0x0000000000111c16        0x2 
 .rodata.str1.4
                0x0000000000111c18       0x4d binaries/rdsprocess.o
 .rodata.str1.1
                0x0000000000111c65        0x9 binaries/raminit.o
 .rodata.str1.1
                0x0000000000111c6e       0x13 binaries/lfdballoc.o
 *fill*         0x0000000000111c81        0x3 
 .rodata.str1.4
                0x0000000000111c84       0x23 binaries/lfdballoc.o
 .rodata.str1.1
                0x0000000000111ca7       0x14 binaries/lfiballoc.o
 *fill*         0x0000000000111cbb        0x1 
 .rodata.str1.4
                0x0000000000111cbc       0x23 binaries/lflcontrol.o
 .rodata.str1.1
                0x0000000000111cdf       0x64 binaries/lfsckfmt.o
 *fill*         0x0000000000111d43        0x1 
 .rodata.str1.4
                0x0000000000111d44       0x51 binaries/lfsckfmt.o
 *fill*         0x0000000000111d95        0x3 
 .rodata.str1.4
                0x0000000000111d98       0x21 binaries/rflread.o
 .rodata.str1.4
                0x0000000000111db9       0x21 binaries/rflwrite.o
 *fill*         0x0000000000111db9        0x3 
 .rodata.str1.4
                0x0000000000111dbc       0x75 binaries/rfscomm.o
 *fill*         0x0000000000111e31        0x3 
 .rodata.str1.4
                0x0000000000111e34       0x23 binaries/rfscontrol.o
 *fill*         0x0000000000111e57        0x1 
 .rodata        0x0000000000111e58       0x18 binaries/rfscontrol.o
 .rodata.str1.1
                0x0000000000111e70       0x10 binaries/rfsinit.o
 .rodata.str1.4
                0x0000000000111e70       0x57 binaries/rfsinit.o
 *fill*         0x0000000000111ec7        0x1 
 .rodata.str1.4
                0x0000000000111ec8       0x2a binaries/rfsndmsg.o
 .rodata.str1.4
                0x0000000000111ef2       0x22 binaries/rfsopen.o
 .rodata.str1.1
                0x0000000000111ef2       0x19 binaries/arp.o
 *fill*         0x0000000000111f0b        0x1 
 .rodata.str1.4
                0x0000000000111f0c       0x21 binaries/arp.o
 *fill*         0x0000000000111f2d        0x3 
 .rodata.str1.4
                0x0000000000111f30       0xa6 binaries/dhcp.o
 .rodata.str1.1
                0x0000000000111fd6       0x4a binaries/dhcp.o
 .rodata.str1.1
                0x0000000000112020       0x5a binaries/hexdump.o
                                         0x61 (size before relaxing)
 *fill*         0x000000000011207a        0x2 
 .rodata.str1.4
                0x000000000011207c       0x67 binaries/hexdump.o
 *fill*         0x00000000001120e3        0x1 
 .rodata.str1.4
                0x00000000001120e4       0x29 binaries/icmp.o
 .rodata.str1.1
                0x000000000011210d       0x4e binaries/ip.o
 *fill*         0x000000000011215b        0x1 
 .rodata.str1.4
                0x000000000011215c       0x20 binaries/ip.o
 .rodata.str1.4
                0x000000000011217c       0x28 binaries/net.o
 .rodata.str1.1
                0x00000000001121a4       0x27 binaries/net.o
 *fill*         0x00000000001121cb        0x1 
 .rodata.str1.4
                0x00000000001121cc       0xcf binaries/netstart.o
 .rodata.str1.1
                0x000000000011229b      0x141 binaries/pdump.o
                                        0x14b (size before relaxing)
 .rodata.str1.4
                0x00000000001123dc      0x126 binaries/pdump.o
 *fill*         0x0000000000112502        0x2 
 .rodata.str1.4
                0x0000000000112504      0x148 binaries/tftp.o
 .rodata.str1.1
                0x000000000011264c        0x6 binaries/tftp.o
                                          0xa (size before relaxing)
 .rodata.str1.1
                0x0000000000112652       0xe3 binaries/shell.o
                                         0xff (size before relaxing)
 *fill*         0x0000000000112735        0x3 
 .rodata.str1.4
                0x0000000000112738      0x1c4 binaries/shell.o
 *fill*         0x00000000001128fc        0x4 
 .rodata        0x0000000000112900       0xfc binaries/shell.o
                0x0000000000112900                cmdtab
 .rodata.str1.1
                0x00000000001129fc       0x26 binaries/xsh_argecho.o
                                         0x28 (size before relaxing)
 .rodata.str1.1
                0x0000000000112a22       0x70 binaries/xsh_arp.o
                                         0x72 (size before relaxing)
 *fill*         0x0000000000112a92        0x2 
 .rodata.str1.4
                0x0000000000112a94       0xb4 binaries/xsh_arp.o
 .rodata.str1.1
                0x0000000000112b48       0x2d binaries/xsh_cat.o
                                         0x4f (size before relaxing)
 *fill*         0x0000000000112b75        0x3 
 .rodata.str1.4
                0x0000000000112b78       0x52 binaries/xsh_cat.o
                                         0x79 (size before relaxing)
 .rodata.str1.1
                0x0000000000112bca       0x15 binaries/xsh_clear.o
 .rodata.str1.1
                0x0000000000112bdf       0x46 binaries/xsh_date.o
                                         0x5f (size before relaxing)
 *fill*         0x0000000000112c25        0x3 
 .rodata.str1.4
                0x0000000000112c28      0x163 binaries/xsh_date.o
 .rodata.str1.1
                0x0000000000112d8b       0x5d binaries/xsh_devdump.o
 .rodata.str1.1
                0x0000000000112de8        0x4 binaries/xsh_echo.o
                                          0x9 (size before relaxing)
 .rodata.str1.1
                0x0000000000112dec       0x65 binaries/xsh_help.o
                                         0xa3 (size before relaxing)
 *fill*         0x0000000000112e51        0x3 
 .rodata.str1.4
                0x0000000000112e54       0x7c binaries/xsh_help.o
                                         0xc6 (size before relaxing)
 .rodata.str1.1
                0x0000000000112ed0       0x9c binaries/xsh_ipaddr.o
                                         0xf8 (size before relaxing)
 .rodata.str1.4
                0x0000000000112f6c       0x4d binaries/xsh_ipaddr.o
                                         0x99 (size before relaxing)
 .rodata.str1.1
                0x0000000000112fb9       0x78 binaries/xsh_kill.o
                                         0x97 (size before relaxing)
 *fill*         0x0000000000113031        0x3 
 .rodata.str1.4
                0x0000000000113034       0x4a binaries/xsh_kill.o
                                         0x96 (size before relaxing)
 .rodata.str1.1
                0x000000000011307e       0x84 binaries/xsh_memdump.o
                                         0xa8 (size before relaxing)
 *fill*         0x0000000000113102        0x2 
 .rodata.str1.4
                0x0000000000113104      0x15a binaries/xsh_memdump.o
                                        0x1aa (size before relaxing)
 .rodata.str1.1
                0x000000000011325e       0x40 binaries/xsh_memstat.o
                                         0x79 (size before relaxing)
 *fill*         0x000000000011329e        0x2 
 .rodata.str1.4
                0x00000000001132a0      0x187 binaries/xsh_memstat.o
                                        0x1af (size before relaxing)
 .rodata.str1.1
                0x0000000000113427       0x90 binaries/xsh_ping.o
                                         0xaf (size before relaxing)
 *fill*         0x00000000001134b7        0x1 
 .rodata.str1.4
                0x00000000001134b8       0x77 binaries/xsh_ping.o
                                         0xc6 (size before relaxing)
 .rodata.str1.1
                0x000000000011352f       0x74 binaries/xsh_ps.o
                                         0xd5 (size before relaxing)
 *fill*         0x00000000001135a3        0x1 
 .rodata.str1.4
                0x00000000001135a4       0x80 binaries/xsh_ps.o
                                         0xd0 (size before relaxing)
 *fill*         0x0000000000113624       0x1c 
 .rodata        0x0000000000113640       0x20 binaries/xsh_ps.o
 .rodata.str1.1
                0x0000000000113660       0x31 binaries/xsh_sleep.o
                                         0x72 (size before relaxing)
 *fill*         0x0000000000113691        0x3 
 .rodata.str1.4
                0x0000000000113694       0x2a binaries/xsh_sleep.o
                                         0x7a (size before relaxing)
 .rodata.str1.1
                0x00000000001136be       0x6b binaries/xsh_udpdump.o
                                         0xd2 (size before relaxing)
 *fill*         0x0000000000113729        0x3 
 .rodata.str1.4
                0x000000000011372c       0x94 binaries/xsh_udpdump.o
                                         0xe4 (size before relaxing)
 .rodata.str1.1
                0x00000000001137c0       0xdb binaries/xsh_udpecho.o
                                         0xfa (size before relaxing)
 *fill*         0x000000000011389b        0x1 
 .rodata.str1.4
                0x000000000011389c       0xc7 binaries/xsh_udpecho.o
                                        0x116 (size before relaxing)
 .rodata.str1.1
                0x0000000000113963       0x66 binaries/xsh_udpeserver.o
                                         0x8f (size before relaxing)
 *fill*         0x00000000001139c9        0x3 
 .rodata.str1.4
                0x00000000001139cc       0x29 binaries/xsh_udpeserver.o
                                         0x9f (size before relaxing)
 .rodata.str1.1
                0x00000000001139f5       0x49 binaries/xsh_uptime.o
                                         0x8c (size before relaxing)
 *fill*         0x0000000000113a3e        0x2 
 .rodata.str1.4
                0x0000000000113a40       0x28 binaries/xsh_uptime.o
                                         0x76 (size before relaxing)
                0x0000000000113a68                etext = ABSOLUTE (.)
                0x0000000000114000                . = ALIGN (0x1000)
 *fill*         0x0000000000113a68      0x598 

.eh_frame       0x0000000000114000     0x6670
 .eh_frame      0x0000000000114000       0x78 binaries/ascdate.o
 .eh_frame      0x0000000000114078       0x14 binaries/bufinit.o
                                         0x2c (size before relaxing)
 .eh_frame      0x000000000011408c       0x40 binaries/chprio.o
                                         0x58 (size before relaxing)
 .eh_frame      0x00000000001140cc       0x18 binaries/clkhandler.o
                                         0x30 (size before relaxing)
 .eh_frame      0x00000000001140e4       0x3c binaries/clkinit.o
                                         0x54 (size before relaxing)
 .eh_frame      0x0000000000114120       0x3c binaries/close.o
                                         0x54 (size before relaxing)
 .eh_frame      0x000000000011415c       0x44 binaries/control.o
                                         0x5c (size before relaxing)
 .eh_frame      0x00000000001141a0       0x5c binaries/create.o
                                         0x74 (size before relaxing)
 .eh_frame      0x00000000001141fc      0x148 binaries/early_imr.o
                                        0x160 (size before relaxing)
 .eh_frame      0x0000000000114344      0x1a8 binaries/evec.o
                                        0x1c0 (size before relaxing)
 .eh_frame      0x00000000001144ec       0x50 binaries/freebuf.o
                                         0x68 (size before relaxing)
 .eh_frame      0x000000000011453c       0x58 binaries/freemem.o
                                         0x70 (size before relaxing)
 .eh_frame      0x0000000000114594       0x40 binaries/getbuf.o
                                         0x58 (size before relaxing)
 .eh_frame      0x00000000001145d4       0x3c binaries/getc.o
                                         0x54 (size before relaxing)
 .eh_frame      0x0000000000114610       0x5c binaries/getdev.o
                                         0x74 (size before relaxing)
 .eh_frame      0x000000000011466c       0x4c binaries/getitem.o
                                         0x64 (size before relaxing)
 .eh_frame      0x00000000001146b8       0x50 binaries/getmem.o
                                         0x68 (size before relaxing)
 .eh_frame      0x0000000000114708       0x14 binaries/getpid.o
                                         0x2c (size before relaxing)
 .eh_frame      0x000000000011471c       0x34 binaries/getprio.o
                                         0x4c (size before relaxing)
 .eh_frame      0x0000000000114750       0x58 binaries/getstk.o
                                         0x70 (size before relaxing)
 .eh_frame      0x00000000001147a8       0x20 binaries/gettime.o
                                         0x38 (size before relaxing)
 .eh_frame      0x00000000001147c8       0x8c binaries/getutime.o
                                         0xa4 (size before relaxing)
 .eh_frame      0x0000000000114854       0x3c binaries/init.o
                                         0x54 (size before relaxing)
 .eh_frame      0x0000000000114890       0xe0 binaries/initialize.o
                                         0xf8 (size before relaxing)
 .eh_frame      0x0000000000114970       0x24 binaries/insert.o
                                         0x3c (size before relaxing)
 .eh_frame      0x0000000000114994       0x38 binaries/insertd.o
                                         0x50 (size before relaxing)
 .eh_frame      0x00000000001149cc       0x14 binaries/ioerr.o
                                         0x2c (size before relaxing)
 .eh_frame      0x00000000001149e0       0x14 binaries/ionull.o
                                         0x2c (size before relaxing)
 .eh_frame      0x00000000001149f4       0x78 binaries/kill.o
                                         0x90 (size before relaxing)
 .eh_frame      0x0000000000114a6c       0x80 binaries/kprintf.o
                                         0x98 (size before relaxing)
 .eh_frame      0x0000000000114aec       0x24 binaries/main.o
                                         0x3c (size before relaxing)
 .eh_frame      0x0000000000114b10       0x4c binaries/mark.o
                                         0x64 (size before relaxing)
 .eh_frame      0x0000000000114b5c       0x74 binaries/meminit.o
                                         0x8c (size before relaxing)
 .eh_frame      0x0000000000114bd0       0x74 binaries/mkbufpool.o
                                         0x8c (size before relaxing)
 .eh_frame      0x0000000000114c44       0x14 binaries/newqueue.o
                                         0x2c (size before relaxing)
 .eh_frame      0x0000000000114c58       0x44 binaries/open.o
                                         0x5c (size before relaxing)
 .eh_frame      0x0000000000114c9c       0x20 binaries/panic.o
                                         0x38 (size before relaxing)
 .eh_frame      0x0000000000114cbc       0xec binaries/pci.o
                                        0x104 (size before relaxing)
 .eh_frame      0x0000000000114da8       0x38 binaries/platinit.o
                                         0x50 (size before relaxing)
 .eh_frame      0x0000000000114de0       0x68 binaries/ptclear.o
                                         0x80 (size before relaxing)
 .eh_frame      0x0000000000114e48       0x50 binaries/ptcount.o
                                         0x68 (size before relaxing)
 .eh_frame      0x0000000000114e98       0x60 binaries/ptcreate.o
                                         0x78 (size before relaxing)
 .eh_frame      0x0000000000114ef8       0x44 binaries/ptdelete.o
                                         0x5c (size before relaxing)
 .eh_frame      0x0000000000114f3c       0x3c binaries/ptinit.o
                                         0x54 (size before relaxing)
 .eh_frame      0x0000000000114f78       0x54 binaries/ptrecv.o
                                         0x6c (size before relaxing)
 .eh_frame      0x0000000000114fcc       0x44 binaries/ptreset.o
                                         0x5c (size before relaxing)
 .eh_frame      0x0000000000115010       0x5c binaries/ptsend.o
                                         0x74 (size before relaxing)
 .eh_frame      0x000000000011506c       0x44 binaries/putc.o
                                         0x5c (size before relaxing)
 .eh_frame      0x00000000001150b0       0x60 binaries/quark_irq.o
                                         0x78 (size before relaxing)
 .eh_frame      0x0000000000115110       0xd0 binaries/quark_pdat.o
                                         0xe8 (size before relaxing)
 .eh_frame      0x00000000001151e0       0x3c binaries/queue.o
                                         0x54 (size before relaxing)
 .eh_frame      0x000000000011521c       0x44 binaries/read.o
                                         0x5c (size before relaxing)
 .eh_frame      0x0000000000115260       0x28 binaries/ready.o
                                         0x40 (size before relaxing)
 .eh_frame      0x0000000000115288       0x38 binaries/receive.o
                                         0x50 (size before relaxing)
 .eh_frame      0x00000000001152c0       0x28 binaries/recvclr.o
                                         0x40 (size before relaxing)
 .eh_frame      0x00000000001152e8       0x50 binaries/recvtime.o
                                         0x68 (size before relaxing)
 .eh_frame      0x0000000000115338       0x5c binaries/resched.o
                                         0x74 (size before relaxing)
 .eh_frame      0x0000000000115394       0x48 binaries/resume.o
                                         0x60 (size before relaxing)
 .eh_frame      0x00000000001153dc       0x40 binaries/seek.o
                                         0x58 (size before relaxing)
 .eh_frame      0x000000000011541c       0x34 binaries/semcount.o
                                         0x4c (size before relaxing)
 .eh_frame      0x0000000000115450       0x40 binaries/semcreate.o
                                         0x58 (size before relaxing)
 .eh_frame      0x0000000000115490       0x5c binaries/semdelete.o
                                         0x74 (size before relaxing)
 .eh_frame      0x00000000001154ec       0x68 binaries/semreset.o
                                         0x80 (size before relaxing)
 .eh_frame      0x0000000000115554       0x58 binaries/send.o
                                         0x70 (size before relaxing)
 .eh_frame      0x00000000001155ac       0x50 binaries/signal.o
                                         0x68 (size before relaxing)
 .eh_frame      0x00000000001155fc       0x5c binaries/signaln.o
                                         0x74 (size before relaxing)
 .eh_frame      0x0000000000115658       0x74 binaries/sleep.o
                                         0x8c (size before relaxing)
 .eh_frame      0x00000000001156cc       0x50 binaries/suspend.o
                                         0x68 (size before relaxing)
 .eh_frame      0x000000000011571c       0x44 binaries/unsleep.o
                                         0x5c (size before relaxing)
 .eh_frame      0x0000000000115760       0x20 binaries/userret.o
                                         0x38 (size before relaxing)
 .eh_frame      0x0000000000115780       0x54 binaries/wait.o
                                         0x6c (size before relaxing)
 .eh_frame      0x00000000001157d4       0x2c binaries/wakeup.o
                                         0x44 (size before relaxing)
 .eh_frame      0x0000000000115800       0x44 binaries/write.o
                                         0x5c (size before relaxing)
 .eh_frame      0x0000000000115844       0x1c binaries/xdone.o
                                         0x34 (size before relaxing)
 .eh_frame      0x0000000000115860       0x2c binaries/xts_dequeue.o
                                         0x44 (size before relaxing)
 .eh_frame      0x000000000011588c       0x2c binaries/xts_enqueue.o
                                         0x44 (size before relaxing)
 .eh_frame      0x00000000001158b8       0x14 binaries/xts_priochk.o
                                         0x2c (size before relaxing)
 .eh_frame      0x00000000001158cc       0x28 binaries/yield.o
                                         0x40 (size before relaxing)
 .eh_frame      0x00000000001158f4       0x14 binaries/abs.o
                                         0x2c (size before relaxing)
 .eh_frame      0x0000000000115908       0x24 binaries/atoi.o
                                         0x3c (size before relaxing)
 .eh_frame      0x000000000011592c       0x24 binaries/atol.o
                                         0x3c (size before relaxing)
 .eh_frame      0x0000000000115950       0x14 binaries/bzero.o
                                         0x2c (size before relaxing)
 .eh_frame      0x0000000000115964      0x130 binaries/doprnt.o
                                        0x148 (size before relaxing)
 .eh_frame      0x0000000000115a94      0x104 binaries/doscan.o
                                        0x11c (size before relaxing)
 .eh_frame      0x0000000000115b98       0xf4 binaries/fdoprnt.o
                                        0x10c (size before relaxing)
 .eh_frame      0x0000000000115c8c       0x20 binaries/fgetc.o
                                         0x38 (size before relaxing)
 .eh_frame      0x0000000000115cac       0x44 binaries/fgets.o
                                         0x5c (size before relaxing)
 .eh_frame      0x0000000000115cf0       0x24 binaries/fprintf.o
                                         0x3c (size before relaxing)
 .eh_frame      0x0000000000115d14       0x20 binaries/fputc.o
                                         0x38 (size before relaxing)
 .eh_frame      0x0000000000115d34       0x38 binaries/fputs.o
                                         0x50 (size before relaxing)
 .eh_frame      0x0000000000115d6c       0x6c binaries/fscanf.o
                                         0x84 (size before relaxing)
 .eh_frame      0x0000000000115dd8       0x1c binaries/getchar.o
                                         0x34 (size before relaxing)
 .eh_frame      0x0000000000115df4       0x14 binaries/labs.o
                                         0x2c (size before relaxing)
 .eh_frame      0x0000000000115e08       0x14 binaries/memchr.o
                                         0x2c (size before relaxing)
 .eh_frame      0x0000000000115e1c       0x24 binaries/memcmp.o
                                         0x3c (size before relaxing)
 .eh_frame      0x0000000000115e40       0x24 binaries/memcpy.o
                                         0x3c (size before relaxing)
 .eh_frame      0x0000000000115e64       0x1c binaries/memset.o
                                         0x34 (size before relaxing)
 .eh_frame      0x0000000000115e80       0x24 binaries/printf.o
                                         0x3c (size before relaxing)
 .eh_frame      0x0000000000115ea4       0x20 binaries/putchar.o
                                         0x38 (size before relaxing)
 .eh_frame      0x0000000000115ec4       0xc0 binaries/qsort.o
                                         0xd8 (size before relaxing)
 .eh_frame      0x0000000000115f84       0x28 binaries/rand.o
                                         0x40 (size before relaxing)
 .eh_frame      0x0000000000115fac       0x48 binaries/sprintf.o
                                         0x60 (size before relaxing)
 .eh_frame      0x0000000000115ff4       0x54 binaries/sscanf.o
                                         0x6c (size before relaxing)
 .eh_frame      0x0000000000116048       0x1c binaries/strchr.o
                                         0x34 (size before relaxing)
 .eh_frame      0x0000000000116064       0x1c binaries/strcmp.o
                                         0x34 (size before relaxing)
 .eh_frame      0x0000000000116080       0x14 binaries/strcpy.o
                                         0x2c (size before relaxing)
 .eh_frame      0x0000000000116094       0x14 binaries/strlen.o
                                         0x2c (size before relaxing)
 .eh_frame      0x00000000001160a8       0x2c binaries/strncat.o
                                         0x44 (size before relaxing)
 .eh_frame      0x00000000001160d4       0x1c binaries/strncmp.o
                                         0x34 (size before relaxing)
 .eh_frame      0x00000000001160f0       0x30 binaries/strncpy.o
                                         0x48 (size before relaxing)
 .eh_frame      0x0000000000116120       0x1c binaries/strnlen.o
                                         0x34 (size before relaxing)
 .eh_frame      0x000000000011613c       0x1c binaries/strrchr.o
                                         0x34 (size before relaxing)
 .eh_frame      0x0000000000116158       0x38 binaries/strstr.o
                                         0x50 (size before relaxing)
 .eh_frame      0x0000000000116190       0x48 binaries/ttycontrol.o
                                         0x60 (size before relaxing)
 .eh_frame      0x00000000001161d8       0x38 binaries/ttygetc.o
                                         0x50 (size before relaxing)
 .eh_frame      0x0000000000116210       0xd8 binaries/ttyhandle_in.o
                                         0xf0 (size before relaxing)
 .eh_frame      0x00000000001162e8       0x64 binaries/ttyhandle_out.o
                                         0x7c (size before relaxing)
 .eh_frame      0x000000000011634c       0x54 binaries/ttyhandler.o
                                         0x6c (size before relaxing)
 .eh_frame      0x00000000001163a0       0x48 binaries/ttyinit.o
                                         0x60 (size before relaxing)
 .eh_frame      0x00000000001163e8       0x14 binaries/ttykickout.o
                                         0x2c (size before relaxing)
 .eh_frame      0x00000000001163fc       0x58 binaries/ttyputc.o
                                         0x70 (size before relaxing)
 .eh_frame      0x0000000000116454       0x60 binaries/ttyread.o
                                         0x78 (size before relaxing)
 .eh_frame      0x00000000001164b4       0x38 binaries/ttywrite.o
                                         0x50 (size before relaxing)
 .eh_frame      0x00000000001164ec       0x78 binaries/mount.o
                                         0x90 (size before relaxing)
 .eh_frame      0x0000000000116564       0xe4 binaries/naminit.o
                                         0xfc (size before relaxing)
 .eh_frame      0x0000000000116648       0xe8 binaries/nammap.o
                                        0x100 (size before relaxing)
 .eh_frame      0x0000000000116730       0x3c binaries/namopen.o
                                         0x54 (size before relaxing)
 .eh_frame      0x000000000011676c       0x3c binaries/colon2mac.o
                                         0x54 (size before relaxing)
 .eh_frame      0x00000000001167a8       0x40 binaries/ethcontrol.o
                                         0x58 (size before relaxing)
 .eh_frame      0x00000000001167e8       0x58 binaries/ethhandler.o
                                         0x70 (size before relaxing)
 .eh_frame      0x0000000000116840      0x14c binaries/ethinit.o
                                        0x164 (size before relaxing)
 .eh_frame      0x000000000011698c       0xa0 binaries/ethmcast.o
                                         0xb8 (size before relaxing)
 .eh_frame      0x0000000000116a2c       0x80 binaries/ethread.o
                                         0x98 (size before relaxing)
 .eh_frame      0x0000000000116aac       0x44 binaries/ethwrite.o
                                         0x5c (size before relaxing)
 .eh_frame      0x0000000000116af0       0x30 binaries/rdsbufalloc.o
                                         0x48 (size before relaxing)
 .eh_frame      0x0000000000116b20       0x38 binaries/rdsclose.o
                                         0x50 (size before relaxing)
 .eh_frame      0x0000000000116b58       0x8c binaries/rdscomm.o
                                         0xa4 (size before relaxing)
 .eh_frame      0x0000000000116be4       0xb0 binaries/rdscontrol.o
                                         0xc8 (size before relaxing)
 .eh_frame      0x0000000000116c94       0x90 binaries/rdsinit.o
                                         0xa8 (size before relaxing)
 .eh_frame      0x0000000000116d24       0x74 binaries/rdsopen.o
                                         0x8c (size before relaxing)
 .eh_frame      0x0000000000116d98       0xf8 binaries/rdsprocess.o
                                        0x110 (size before relaxing)
 .eh_frame      0x0000000000116e90       0x7c binaries/rdsread.o
                                         0x94 (size before relaxing)
 .eh_frame      0x0000000000116f0c       0x80 binaries/rdswrite.o
                                         0x98 (size before relaxing)
 .eh_frame      0x0000000000116f8c       0x14 binaries/ramclose.o
                                         0x2c (size before relaxing)
 .eh_frame      0x0000000000116fa0       0x2c binaries/raminit.o
                                         0x44 (size before relaxing)
 .eh_frame      0x0000000000116fcc       0x14 binaries/ramopen.o
                                         0x2c (size before relaxing)
 .eh_frame      0x0000000000116fe0       0x20 binaries/ramread.o
                                         0x38 (size before relaxing)
 .eh_frame      0x0000000000117000       0x20 binaries/ramwrite.o
                                         0x38 (size before relaxing)
 .eh_frame      0x0000000000117020       0x64 binaries/lfdballoc.o
                                         0x7c (size before relaxing)
 .eh_frame      0x0000000000117084       0x40 binaries/lfdbfree.o
                                         0x58 (size before relaxing)
 .eh_frame      0x00000000001170c4       0x50 binaries/lfflush.o
                                         0x68 (size before relaxing)
 .eh_frame      0x0000000000117114       0x14 binaries/lfgetmode.o
                                         0x2c (size before relaxing)
 .eh_frame      0x0000000000117128       0x44 binaries/lfiballoc.o
                                         0x5c (size before relaxing)
 .eh_frame      0x000000000011716c       0x14 binaries/lfibclear.o
                                         0x2c (size before relaxing)
 .eh_frame      0x0000000000117180       0x4c binaries/lfibget.o
                                         0x64 (size before relaxing)
 .eh_frame      0x00000000001171cc       0x68 binaries/lfibput.o
                                         0x80 (size before relaxing)
 .eh_frame      0x0000000000117234       0x4c binaries/lflclose.o
                                         0x64 (size before relaxing)
 .eh_frame      0x0000000000117280       0x68 binaries/lflcontrol.o
                                         0x80 (size before relaxing)
 .eh_frame      0x00000000001172e8       0x54 binaries/lflgetc.o
                                         0x6c (size before relaxing)
 .eh_frame      0x000000000011733c       0x50 binaries/lflinit.o
                                         0x68 (size before relaxing)
 .eh_frame      0x000000000011738c       0x68 binaries/lflputc.o
                                         0x80 (size before relaxing)
 .eh_frame      0x00000000001173f4       0x44 binaries/lflread.o
                                         0x5c (size before relaxing)
 .eh_frame      0x0000000000117438       0x50 binaries/lflseek.o
                                         0x68 (size before relaxing)
 .eh_frame      0x0000000000117488       0x48 binaries/lflwrite.o
                                         0x60 (size before relaxing)
 .eh_frame      0x00000000001174d0       0xc8 binaries/lfsckfmt.o
                                         0xe0 (size before relaxing)
 .eh_frame      0x0000000000117598       0xd4 binaries/lfscreate.o
                                         0xec (size before relaxing)
 .eh_frame      0x000000000011766c       0xbc binaries/lfsetup.o
                                         0xd4 (size before relaxing)
 .eh_frame      0x0000000000117728       0x28 binaries/lfsinit.o
                                         0x40 (size before relaxing)
 .eh_frame      0x0000000000117750       0x90 binaries/lfsopen.o
                                         0xa8 (size before relaxing)
 .eh_frame      0x00000000001177e0       0x84 binaries/lftruncate.o
                                         0x9c (size before relaxing)
 .eh_frame      0x0000000000117864       0x30 binaries/rflclose.o
                                         0x48 (size before relaxing)
 .eh_frame      0x0000000000117894       0x24 binaries/rflgetc.o
                                         0x3c (size before relaxing)
 .eh_frame      0x00000000001178b8       0x1c binaries/rflinit.o
                                         0x34 (size before relaxing)
 .eh_frame      0x00000000001178d4       0x24 binaries/rflputc.o
                                         0x3c (size before relaxing)
 .eh_frame      0x00000000001178f8       0xd8 binaries/rflread.o
                                         0xf0 (size before relaxing)
 .eh_frame      0x00000000001179d0       0x30 binaries/rflseek.o
                                         0x48 (size before relaxing)
 .eh_frame      0x0000000000117a00       0xcc binaries/rflwrite.o
                                         0xe4 (size before relaxing)
 .eh_frame      0x0000000000117acc       0x88 binaries/rfscomm.o
                                         0xa0 (size before relaxing)
 .eh_frame      0x0000000000117b54      0x110 binaries/rfscontrol.o
                                        0x128 (size before relaxing)
 .eh_frame      0x0000000000117c64       0x14 binaries/rfsgetmode.o
                                         0x2c (size before relaxing)
 .eh_frame      0x0000000000117c78       0x3c binaries/rfsinit.o
                                         0x54 (size before relaxing)
 .eh_frame      0x0000000000117cb4       0x3c binaries/rfsndmsg.o
                                         0x54 (size before relaxing)
 .eh_frame      0x0000000000117cf0       0xd0 binaries/rfsopen.o
                                         0xe8 (size before relaxing)
 .eh_frame      0x0000000000117dc0      0x244 binaries/arp.o
                                        0x25c (size before relaxing)
 .eh_frame      0x0000000000118004      0x264 binaries/dhcp.o
                                        0x27c (size before relaxing)
 .eh_frame      0x0000000000118268       0x3c binaries/dot2ip.o
                                         0x54 (size before relaxing)
 .eh_frame      0x00000000001182a4      0x1b0 binaries/hexdump.o
                                        0x1c8 (size before relaxing)
 .eh_frame      0x0000000000118454      0x2e0 binaries/icmp.o
                                        0x2f8 (size before relaxing)
 .eh_frame      0x0000000000118734      0x2a4 binaries/ip.o
                                        0x2bc (size before relaxing)
 .eh_frame      0x00000000001189d8      0x114 binaries/net.o
                                        0x12c (size before relaxing)
 .eh_frame      0x0000000000118aec       0x64 binaries/netstart.o
                                         0x7c (size before relaxing)
 .eh_frame      0x0000000000118b50      0x380 binaries/pdump.o
                                        0x398 (size before relaxing)
 .eh_frame      0x0000000000118ed0      0x25c binaries/tftp.o
                                        0x274 (size before relaxing)
 .eh_frame      0x000000000011912c      0x34c binaries/udp.o
                                        0x364 (size before relaxing)
 .eh_frame      0x0000000000119478       0x68 binaries/addargs.o
                                         0x80 (size before relaxing)
 .eh_frame      0x00000000001194e0       0x38 binaries/lexan.o
                                         0x50 (size before relaxing)
 .eh_frame      0x0000000000119518      0x24c binaries/shell.o
                                        0x264 (size before relaxing)
 .eh_frame      0x0000000000119764       0x50 binaries/xsh_argecho.o
                                         0x68 (size before relaxing)
 .eh_frame      0x00000000001197b4       0xe0 binaries/xsh_arp.o
                                         0xf8 (size before relaxing)
 .eh_frame      0x0000000000119894       0xac binaries/xsh_cat.o
                                         0xc4 (size before relaxing)
 .eh_frame      0x0000000000119940       0x30 binaries/xsh_clear.o
                                         0x48 (size before relaxing)
 .eh_frame      0x0000000000119970       0xe4 binaries/xsh_date.o
[...]
 .comment       0x0000000000000034       0x35 binaries/icmp.o
 .comment       0x0000000000000034       0x35 binaries/ip.o
 .comment       0x0000000000000034       0x35 binaries/net.o
 .comment       0x0000000000000034       0x35 binaries/netstart.o
 .comment       0x0000000000000034       0x35 binaries/pdump.o
 .comment       0x0000000000000034       0x35 binaries/tftp.o
 .comment       0x0000000000000034       0x35 binaries/udp.o
 .comment       0x0000000000000034       0x35 binaries/addargs.o
 .comment       0x0000000000000034       0x35 binaries/lexan.o
 .comment       0x0000000000000034       0x35 binaries/shell.o
 .comment       0x0000000000000034       0x35 binaries/xsh_argecho.o
 .comment       0x0000000000000034       0x35 binaries/xsh_arp.o
 .comment       0x0000000000000034       0x35 binaries/xsh_cat.o
 .comment       0x0000000000000034       0x35 binaries/xsh_clear.o
 .comment       0x0000000000000034       0x35 binaries/xsh_date.o
 .comment       0x0000000000000034       0x35 binaries/xsh_devdump.o
 .comment       0x0000000000000034       0x35 binaries/xsh_echo.o
 .comment       0x0000000000000034       0x35 binaries/xsh_exit.o
 .comment       0x0000000000000034       0x35 binaries/xsh_help.o
 .comment       0x0000000000000034       0x35 binaries/xsh_ipaddr.o
 .comment       0x0000000000000034       0x35 binaries/xsh_kill.o
 .comment       0x0000000000000034       0x35 binaries/xsh_memdump.o
 .comment       0x0000000000000034       0x35 binaries/xsh_memstat.o
 .comment       0x0000000000000034       0x35 binaries/xsh_ping.o
 .comment       0x0000000000000034       0x35 binaries/xsh_ps.o
 .comment       0x0000000000000034       0x35 binaries/xsh_sleep.o
 .comment       0x0000000000000034       0x35 binaries/xsh_udpdump.o
 .comment       0x0000000000000034       0x35 binaries/xsh_udpecho.o
 .comment       0x0000000000000034       0x35 binaries/xsh_udpeserver.o
 .comment       0x0000000000000034       0x35 binaries/xsh_uptime.o

.note.GNU-stack
                0x0000000000000000        0x0
 .note.GNU-stack
                0x0000000000000000        0x0 binaries/ascdate.o
 .note.GNU-stack
                0x0000000000000000        0x0 binaries/bufinit.o
 .note.GNU-stack
                0x0000000000000000        0x0 binaries/chprio.o
 .note.GNU-stack
                0x0000000000000000        0x0 binaries/clkhandler.o
 .note.GNU-stack
                0x0000000000000000        0x0 binaries/clkinit.o
 .note.GNU-stack
                0x0000000000000000        0x0 binaries/close.o
 .note.GNU-stack
                0x0000000000000000        0x0 binaries/conf.o
 .note.GNU-stack
                0x0000000000000000        0x0 binaries/control.o
 .note.GNU-stack
                0x0000000000000000        0x0 binaries/create.o
 .note.GNU-stack
                0x0000000000000000        0x0 binaries/early_imr.o
 .note.GNU-stack
                0x0000000000000000        0x0 binaries/evec.o
 .note.GNU-stack
                0x0000000000000000        0x0 binaries/freebuf.o
 .note.GNU-stack
                0x0000000000000000        0x0 binaries/freemem.o
 .note.GNU-stack
                0x0000000000000000        0x0 binaries/getbuf.o
 .note.GNU-stack
                0x0000000000000000        0x0 binaries/getc.o
 .note.GNU-stack
                0x0000000000000000        0x0 binaries/getdev.o
 .note.GNU-stack
                0x0000000000000000        0x0 binaries/getitem.o
 .note.GNU-stack
                0x0000000000000000        0x0 binaries/getmem.o
 .note.GNU-stack
                0x0000000000000000        0x0 binaries/getpid.o
 .note.GNU-stack
                0x0000000000000000        0x0 binaries/getprio.o
 .note.GNU-stack
                0x0000000000000000        0x0 binaries/getstk.o
 .note.GNU-stack
                0x0000000000000000        0x0 binaries/gettime.o
 .note.GNU-stack
                0x0000000000000000        0x0 binaries/getutime.o
 .note.GNU-stack
                0x0000000000000000        0x0 binaries/init.o
 .note.GNU-stack
                0x0000000000000000        0x0 binaries/initialize.o
 .note.GNU-stack
                0x0000000000000000        0x0 binaries/insert.o
 .note.GNU-stack
                0x0000000000000000        0x0 binaries/insertd.o
 .note.GNU-stack
                0x0000000000000000        0x0 binaries/ioerr.o
 .note.GNU-stack
                0x0000000000000000        0x0 binaries/ionull.o
 .note.GNU-stack
                0x0000000000000000        0x0 binaries/kill.o
 .note.GNU-stack
                0x0000000000000000        0x0 binaries/kprintf.o
 .note.GNU-stack
                0x0000000000000000        0x0 binaries/main.o
 .note.GNU-stack
                0x0000000000000000        0x0 binaries/mark.o
 .note.GNU-stack
                0x0000000000000000        0x0 binaries/meminit.o
 .note.GNU-stack
                0x0000000000000000        0x0 binaries/mkbufpool.o
 .note.GNU-stack
                0x0000000000000000        0x0 binaries/newqueue.o
 .note.GNU-stack
                0x0000000000000000        0x0 binaries/open.o
 .note.GNU-stack
                0x0000000000000000        0x0 binaries/panic.o
 .note.GNU-stack
                0x0000000000000000        0x0 binaries/pci.o
 .note.GNU-stack
                0x0000000000000000        0x0 binaries/platinit.o
 .note.GNU-stack
                0x0000000000000000        0x0 binaries/ptclear.o
 .note.GNU-stack
                0x0000000000000000        0x0 binaries/ptcount.o
 .note.GNU-stack
                0x0000000000000000        0x0 binaries/ptcreate.o
 .note.GNU-stack
                0x0000000000000000        0x0 binaries/ptdelete.o
 .note.GNU-stack
                0x0000000000000000        0x0 binaries/ptinit.o
 .note.GNU-stack
                0x0000000000000000        0x0 binaries/ptrecv.o
 .note.GNU-stack
                0x0000000000000000        0x0 binaries/ptreset.o
 .note.GNU-stack
                0x0000000000000000        0x0 binaries/ptsend.o
 .note.GNU-stack
                0x0000000000000000        0x0 binaries/putc.o
 .note.GNU-stack
                0x0000000000000000        0x0 binaries/quark_irq.o
 .note.GNU-stack
                0x0000000000000000        0x0 binaries/quark_pdat.o
 .note.GNU-stack
                0x0000000000000000        0x0 binaries/queue.o
 .note.GNU-stack
                0x0000000000000000        0x0 binaries/read.o
 .note.GNU-stack
                0x0000000000000000        0x0 binaries/ready.o
 .note.GNU-stack
                0x0000000000000000        0x0 binaries/receive.o
 .note.GNU-stack
                0x0000000000000000        0x0 binaries/recvclr.o
 .note.GNU-stack
                0x0000000000000000        0x0 binaries/recvtime.o
 .note.GNU-stack
                0x0000000000000000        0x0 binaries/resched.o
 .note.GNU-stack
                0x0000000000000000        0x0 binaries/resume.o
 .note.GNU-stack
                0x0000000000000000        0x0 binaries/seek.o
 .note.GNU-stack
                0x0000000000000000        0x0 binaries/semcount.o
 .note.GNU-stack
                0x0000000000000000        0x0 binaries/semcreate.o
 .note.GNU-stack
                0x0000000000000000        0x0 binaries/semdelete.o
 .note.GNU-stack
                0x0000000000000000        0x0 binaries/semreset.o
 .note.GNU-stack
                0x0000000000000000        0x0 binaries/send.o
 .note.GNU-stack
                0x0000000000000000        0x0 binaries/signal.o
 .note.GNU-stack
                0x0000000000000000        0x0 binaries/signaln.o
 .note.GNU-stack
                0x0000000000000000        0x0 binaries/sleep.o
 .note.GNU-stack
                0x0000000000000000        0x0 binaries/suspend.o
 .note.GNU-stack
                0x0000000000000000        0x0 binaries/unsleep.o
 .note.GNU-stack
                0x0000000000000000        0x0 binaries/userret.o
 .note.GNU-stack
                0x0000000000000000        0x0 binaries/wait.o
 .note.GNU-stack
                0x0000000000000000        0x0 binaries/wakeup.o
 .note.GNU-stack
                0x0000000000000000        0x0 binaries/write.o
 .note.GNU-stack
                0x0000000000000000        0x0 binaries/xdone.o
 .note.GNU-stack
                0x0000000000000000        0x0 binaries/xts_dequeue.o
 .note.GNU-stack
                0x0000000000000000        0x0 binaries/xts_enqueue.o
 .note.GNU-stack
                0x0000000000000000        0x0 binaries/xts_priochk.o
 .note.GNU-stack
                0x0000000000000000        0x0 binaries/yield.o
 .note.GNU-stack
                0x0000000000000000        0x0 binaries/abs.o
 .note.GNU-stack
                0x0000000000000000        0x0 binaries/atoi.o
 .note.GNU-stack
                0x0000000000000000        0x0 binaries/atol.o
 .note.GNU-stack
                0x0000000000000000        0x0 binaries/bzero.o
 .note.GNU-stack
                0x0000000000000000        0x0 binaries/ctype_.o
 .note.GNU-stack
                0x0000000000000000        0x0 binaries/doprnt.o
 .note.GNU-stack
                0x0000000000000000        0x0 binaries/doscan.o
 .note.GNU-stack
                0x0000000000000000        0x0 binaries/fdoprnt.o
 .note.GNU-stack
                0x0000000000000000        0x0 binaries/fgetc.o
 .note.GNU-stack
                0x0000000000000000        0x0 binaries/fgets.o
 .note.GNU-stack
                0x0000000000000000        0x0 binaries/fprintf.o
 .note.GNU-stack
                0x0000000000000000        0x0 binaries/fputc.o
 .note.GNU-stack
                0x0000000000000000        0x0 binaries/fputs.o
 .note.GNU-stack
                0x0000000000000000        0x0 binaries/fscanf.o
 .note.GNU-stack
                0x0000000000000000        0x0 binaries/getchar.o
 .note.GNU-stack
                0x0000000000000000        0x0 binaries/labs.o
 .note.GNU-stack
                0x0000000000000000        0x0 binaries/memchr.o
 .note.GNU-stack
                0x0000000000000000        0x0 binaries/memcmp.o
 .note.GNU-stack
                0x0000000000000000        0x0 binaries/memcpy.o
 .note.GNU-stack
                0x0000000000000000        0x0 binaries/memset.o
 .note.GNU-stack
                0x0000000000000000        0x0 binaries/printf.o
 .note.GNU-stack
                0x0000000000000000        0x0 binaries/putchar.o
 .note.GNU-stack
                0x0000000000000000        0x0 binaries/qsort.o
 .note.GNU-stack
                0x0000000000000000        0x0 binaries/rand.o
 .note.GNU-stack
                0x0000000000000000        0x0 binaries/sprintf.o
 .note.GNU-stack
                0x0000000000000000        0x0 binaries/sscanf.o
 .note.GNU-stack
                0x0000000000000000        0x0 binaries/strchr.o
 .note.GNU-stack
                0x0000000000000000        0x0 binaries/strcmp.o
 .note.GNU-stack
                0x0000000000000000        0x0 binaries/strcpy.o
 .note.GNU-stack
                0x0000000000000000        0x0 binaries/strlen.o
 .note.GNU-stack
                0x0000000000000000        0x0 binaries/strncat.o
 .note.GNU-stack
                0x0000000000000000        0x0 binaries/strncmp.o
 .note.GNU-stack
                0x0000000000000000        0x0 binaries/strncpy.o
 .note.GNU-stack
                0x0000000000000000        0x0 binaries/strnlen.o
 .note.GNU-stack
                0x0000000000000000        0x0 binaries/strrchr.o
 .note.GNU-stack
                0x0000000000000000        0x0 binaries/strstr.o
 .note.GNU-stack
                0x0000000000000000        0x0 binaries/ttycontrol.o
 .note.GNU-stack
                0x0000000000000000        0x0 binaries/ttygetc.o
 .note.GNU-stack
                0x0000000000000000        0x0 binaries/ttyhandle_in.o
 .note.GNU-stack
                0x0000000000000000        0x0 binaries/ttyhandle_out.o
 .note.GNU-stack
                0x0000000000000000        0x0 binaries/ttyhandler.o
 .note.GNU-stack
                0x0000000000000000        0x0 binaries/ttyinit.o
 .note.GNU-stack
                0x0000000000000000        0x0 binaries/ttykickout.o
 .note.GNU-stack
                0x0000000000000000        0x0 binaries/ttyputc.o
 .note.GNU-stack
                0x0000000000000000        0x0 binaries/ttyread.o
 .note.GNU-stack
                0x0000000000000000        0x0 binaries/ttywrite.o
 .note.GNU-stack
                0x0000000000000000        0x0 binaries/mount.o
 .note.GNU-stack
                0x0000000000000000        0x0 binaries/naminit.o
 .note.GNU-stack
                0x0000000000000000        0x0 binaries/nammap.o
 .note.GNU-stack
                0x0000000000000000        0x0 binaries/namopen.o
 .note.GNU-stack
                0x0000000000000000        0x0 binaries/colon2mac.o
 .note.GNU-stack
                0x0000000000000000        0x0 binaries/ethcontrol.o
 .note.GNU-stack
                0x0000000000000000        0x0 binaries/ethhandler.o
 .note.GNU-stack
                0x0000000000000000        0x0 binaries/ethinit.o
 .note.GNU-stack
                0x0000000000000000        0x0 binaries/ethmcast.o
 .note.GNU-stack
                0x0000000000000000        0x0 binaries/ethread.o
 .note.GNU-stack
                0x0000000000000000        0x0 binaries/ethwrite.o
 .note.GNU-stack
                0x0000000000000000        0x0 binaries/rdsbufalloc.o
 .note.GNU-stack
                0x0000000000000000        0x0 binaries/rdsclose.o
 .note.GNU-stack
                0x0000000000000000        0x0 binaries/rdscomm.o
 .note.GNU-stack
                0x0000000000000000        0x0 binaries/rdscontrol.o
 .note.GNU-stack
                0x0000000000000000        0x0 binaries/rdsinit.o
 .note.GNU-stack
                0x0000000000000000        0x0 binaries/rdsopen.o
 .note.GNU-stack
                0x0000000000000000        0x0 binaries/rdsprocess.o
 .note.GNU-stack
                0x0000000000000000        0x0 binaries/rdsread.o
 .note.GNU-stack
                0x0000000000000000        0x0 binaries/rdswrite.o
 .note.GNU-stack
                0x0000000000000000        0x0 binaries/ramclose.o
 .note.GNU-stack
                0x0000000000000000        0x0 binaries/raminit.o
 .note.GNU-stack
                0x0000000000000000        0x0 binaries/ramopen.o
 .note.GNU-stack
                0x0000000000000000        0x0 binaries/ramread.o
 .note.GNU-stack
                0x0000000000000000        0x0 binaries/ramwrite.o
 .note.GNU-stack
                0x0000000000000000        0x0 binaries/lfdballoc.o
 .note.GNU-stack
                0x0000000000000000        0x0 binaries/lfdbfree.o
 .note.GNU-stack
                0x0000000000000000        0x0 binaries/lfflush.o
 .note.GNU-stack
                0x0000000000000000        0x0 binaries/lfgetmode.o
 .note.GNU-stack
                0x0000000000000000        0x0 binaries/lfiballoc.o
 .note.GNU-stack
                0x0000000000000000        0x0 binaries/lfibclear.o
 .note.GNU-stack
                0x0000000000000000        0x0 binaries/lfibget.o
 .note.GNU-stack
                0x0000000000000000        0x0 binaries/lfibput.o
 .note.GNU-stack
                0x0000000000000000        0x0 binaries/lflclose.o
 .note.GNU-stack
                0x0000000000000000        0x0 binaries/lflcontrol.o
 .note.GNU-stack
                0x0000000000000000        0x0 binaries/lflgetc.o
 .note.GNU-stack
                0x0000000000000000        0x0 binaries/lflinit.o
 .note.GNU-stack
                0x0000000000000000        0x0 binaries/lflputc.o
 .note.GNU-stack
                0x0000000000000000        0x0 binaries/lflread.o
 .note.GNU-stack
                0x0000000000000000        0x0 binaries/lflseek.o
 .note.GNU-stack
                0x0000000000000000        0x0 binaries/lflwrite.o
 .note.GNU-stack
                0x0000000000000000        0x0 binaries/lfsckfmt.o
 .note.GNU-stack
                0x0000000000000000        0x0 binaries/lfscreate.o
 .note.GNU-stack
                0x0000000000000000        0x0 binaries/lfsetup.o
 .note.GNU-stack
                0x0000000000000000        0x0 binaries/lfsinit.o
 .note.GNU-stack
                0x0000000000000000        0x0 binaries/lfsopen.o
 .note.GNU-stack
                0x0000000000000000        0x0 binaries/lftruncate.o
 .note.GNU-stack
                0x0000000000000000        0x0 binaries/rflclose.o
 .note.GNU-stack
                0x0000000000000000        0x0 binaries/rflgetc.o
 .note.GNU-stack
                0x0000000000000000        0x0 binaries/rflinit.o
 .note.GNU-stack
                0x0000000000000000        0x0 binaries/rflputc.o
 .note.GNU-stack
                0x0000000000000000        0x0 binaries/rflread.o
 .note.GNU-stack
                0x0000000000000000        0x0 binaries/rflseek.o
 .note.GNU-stack
                0x0000000000000000        0x0 binaries/rflwrite.o
 .note.GNU-stack
                0x0000000000000000        0x0 binaries/rfscomm.o
 .note.GNU-stack
                0x0000000000000000        0x0 binaries/rfscontrol.o
 .note.GNU-stack
                0x0000000000000000        0x0 binaries/rfsgetmode.o
 .note.GNU-stack
                0x0000000000000000        0x0 binaries/rfsinit.o
 .note.GNU-stack
                0x0000000000000000        0x0 binaries/rfsndmsg.o
 .note.GNU-stack
                0x0000000000000000        0x0 binaries/rfsopen.o
 .note.GNU-stack
                0x0000000000000000        0x0 binaries/arp.o
 .note.GNU-stack
                0x0000000000000000        0x0 binaries/dhcp.o
 .note.GNU-stack
                0x0000000000000000        0x0 binaries/dot2ip.o
 .note.GNU-stack
                0x0000000000000000        0x0 binaries/hexdump.o
 .note.GNU-stack
                0x0000000000000000        0x0 binaries/icmp.o
 .note.GNU-stack
                0x0000000000000000        0x0 binaries/ip.o
 .note.GNU-stack
                0x0000000000000000        0x0 binaries/net.o
 .note.GNU-stack
                0x0000000000000000        0x0 binaries/netstart.o
 .note.GNU-stack
                0x0000000000000000        0x0 binaries/pdump.o
 .note.GNU-stack
                0x0000000000000000        0x0 binaries/tftp.o
 .note.GNU-stack
                0x0000000000000000        0x0 binaries/udp.o
 .note.GNU-stack
                0x0000000000000000        0x0 binaries/addargs.o
 .note.GNU-stack
                0x0000000000000000        0x0 binaries/lexan.o
 .note.GNU-stack
                0x0000000000000000        0x0 binaries/shell.o
 .note.GNU-stack
                0x0000000000000000        0x0 binaries/xsh_argecho.o
 .note.GNU-stack
                0x0000000000000000        0x0 binaries/xsh_arp.o
 .note.GNU-stack
                0x0000000000000000        0x0 binaries/xsh_cat.o
 .note.GNU-stack
                0x0000000000000000        0x0 binaries/xsh_clear.o
 .note.GNU-stack
                0x0000000000000000        0x0 binaries/xsh_date.o
 .note.GNU-stack
                0x0000000000000000        0x0 binaries/xsh_devdump.o
 .note.GNU-stack
                0x0000000000000000        0x0 binaries/xsh_echo.o
 .note.GNU-stack
                0x0000000000000000        0x0 binaries/xsh_exit.o
 .note.GNU-stack
                0x0000000000000000        0x0 binaries/xsh_help.o
 .note.GNU-stack
                0x0000000000000000        0x0 binaries/xsh_ipaddr.o
 .note.GNU-stack
                0x0000000000000000        0x0 binaries/xsh_kill.o
 .note.GNU-stack
                0x0000000000000000        0x0 binaries/xsh_memdump.o
 .note.GNU-stack
                0x0000000000000000        0x0 binaries/xsh_memstat.o
 .note.GNU-stack
                0x0000000000000000        0x0 binaries/xsh_ping.o
 .note.GNU-stack
                0x0000000000000000        0x0 binaries/xsh_ps.o
 .note.GNU-stack
                0x0000000000000000        0x0 binaries/xsh_sleep.o
 .note.GNU-stack
                0x0000000000000000        0x0 binaries/xsh_udpdump.o
 .note.GNU-stack
                0x0000000000000000        0x0 binaries/xsh_udpecho.o
 .note.GNU-stack
                0x0000000000000000        0x0 binaries/xsh_udpeserver.o
 .note.GNU-stack
                0x0000000000000000        0x0 binaries/xsh_uptime.o
