
Allocating common symbols
Common symbol       size              file

netbufpool          0x4               binaries/net.o
readylist           0x2               binaries/ready.o
rfltab              0x5a0             binaries/rflinit.o
sleepq              0x2               binaries/clkinit.o
nnames              0x4               binaries/naminit.o
udptab              0x168             binaries/udp.o
minheap             0x4               binaries/meminit.o
marks               0x50              binaries/mark.o
currpid             0x4               binaries/initialize.o
Lf_data             0x20c             binaries/lfsinit.o
porttab             0x2d0             binaries/ptinit.o
girmask             0x2               binaries/evec.o
ttytab              0x10c             binaries/ttyinit.o
proctab             0x1900            binaries/initialize.o
prcount             0x4               binaries/initialize.o
lfltab              0xf00             binaries/lflinit.o
clkmilli            0x4               binaries/clkinit.o
rdstab              0x8c              binaries/rdsinit.o
ethertab            0x138             binaries/ethinit.o
NetData             0xa8              binaries/net.o
nmarks              0x4               binaries/mark.o
xts_conf            0x2d0             binaries/initialize.o
Defer               0x8               binaries/resched.o
semtab              0x4b0             binaries/initialize.o
maxheap             0x4               binaries/meminit.o
preempt             0x4               binaries/clkinit.o
buftab              0xf0              binaries/bufinit.o
Rf_data             0x18              binaries/rfsinit.o
mkmutex             0x4               binaries/mark.o
xts_ready           0x1e0             binaries/initialize.o
clktime             0x4               binaries/clkinit.o
arpcache            0x140             binaries/arp.o
icmptab             0x230             binaries/icmp.o
nbpools             0x4               binaries/bufinit.o
queuetab            0x980             binaries/queue.o
ptnextid            0x4               binaries/ptinit.o
Ram                 0x19000           binaries/raminit.o
ipoqueue            0x2c              binaries/ip.o
memlist             0x8               binaries/initialize.o
nametab             0x19a0            binaries/naminit.o
ptfree              0x4               binaries/ptinit.o

Memory Configuration

Name             Origin             Length             Attributes
*default*        0x0000000000000000 0xffffffffffffffff

Linker script and memory map

                0x0000000000100000                physbase = 0x100000
                0x0000000000100000                . = physbase
                0x0000000000100000                . = ALIGN (0x1000)

.text           0x0000000000100000    0x14000
                0x0000000000100000                text = ABSOLUTE (.)
 *(.text .text.*)
 .text          0x0000000000100000      0x1a8 binaries/start.o
                0x0000000000100024                start
                0x00000000001000f6                inb
                0x00000000001000fe                inw
                0x0000000000100107                inl
                0x000000000010010f                outb
                0x0000000000100119                outw
                0x0000000000100124                outl
                0x000000000010012e                _rtcin
                0x0000000000100139                ___udivsi3
                0x0000000000100144                ___divsi3
                0x0000000000100150                sbzero
                0x0000000000100160                bcopy
                0x0000000000100174                insw
                0x000000000010018a                outsw
                0x00000000001001a0                lidt
 .text          0x00000000001001a8      0x2d5 binaries/ascdate.o
                0x00000000001001a8                ascdate
 .text          0x000000000010047d       0x10 binaries/bufinit.o
                0x000000000010047d                bufinit
 .text          0x000000000010048d       0x5a binaries/chprio.o
                0x000000000010048d                chprio
 .text          0x00000000001004e7       0x84 binaries/clkhandler.o
                0x00000000001004e7                clkhandler
 .text          0x000000000010056b       0x63 binaries/clkinit.o
                0x000000000010056b                clkinit
 .text          0x00000000001005ce       0x56 binaries/close.o
                0x00000000001005ce                close
 .text          0x0000000000100624        0x0 binaries/conf.o
 .text          0x0000000000100624       0x5f binaries/control.o
                0x0000000000100624                control
 .text          0x0000000000100683      0x255 binaries/create.o
                0x0000000000100683                create
 .text          0x00000000001008d8      0x205 binaries/early_imr.o
                0x00000000001008d8                intel_cln_early_sb_read_reg
                0x0000000000100930                intel_cln_early_sb_write_reg
                0x00000000001009df                remove_irm_protections
 .text          0x0000000000100add      0x2d4 binaries/evec.o
                0x0000000000100add                setirmask
                0x0000000000100b11                set_evec
                0x0000000000100b6d                initevec
                0x0000000000100c3c                trap
 .text          0x0000000000100db1       0x78 binaries/freebuf.o
                0x0000000000100db1                freebuf
 .text          0x0000000000100e29      0x107 binaries/freemem.o
                0x0000000000100e29                freemem
 .text          0x0000000000100f30       0x65 binaries/getbuf.o
                0x0000000000100f30                getbuf
 .text          0x0000000000100f95       0x56 binaries/getc.o
                0x0000000000100f95                getc
 .text          0x0000000000100feb       0x63 binaries/getdev.o
                0x0000000000100feb                getdev
 .text          0x000000000010104e       0x77 binaries/getitem.o
                0x000000000010104e                getitem
                0x000000000010107a                getfirst
                0x000000000010109d                getlast
 .text          0x00000000001010c5       0xc2 binaries/getmem.o
                0x00000000001010c5                getmem
 .text          0x0000000000101187        0x6 binaries/getpid.o
                0x0000000000101187                getpid
 .text          0x000000000010118d       0x52 binaries/getprio.o
                0x000000000010118d                getprio
 .text          0x00000000001011df       0xa5 binaries/getstk.o
                0x00000000001011df                getstk
 .text          0x0000000000101284       0x34 binaries/gettime.o
                0x0000000000101284                gettime
 .text          0x00000000001012b8      0x18b binaries/getutime.o
                0x00000000001012b8                getutime
 .text          0x0000000000101443       0x56 binaries/init.o
                0x0000000000101443                init
 .text          0x0000000000101499      0x371 binaries/initialize.o
                0x0000000000101499                nulluser
                0x00000000001017c5                stop
                0x00000000001017e7                delay
 .text          0x000000000010180a       0x97 binaries/insert.o
                0x000000000010180a                insert
 .text          0x00000000001018a1       0xe0 binaries/insertd.o
                0x00000000001018a1                insertd
 .text          0x0000000000101981        0x6 binaries/ioerr.o
                0x0000000000101981                ioerr
 .text          0x0000000000101987        0x6 binaries/ionull.o
                0x0000000000101987                ionull
 .text          0x000000000010198d      0x152 binaries/kill.o
                0x000000000010198d                kill
 .text          0x0000000000101adf       0xa5 binaries/kprintf.o
                0x0000000000101adf                kputc
                0x0000000000101b0e                console_init
                0x0000000000101b40                kgetc
                0x0000000000101b62                kprintf
 .text          0x0000000000101b84       0xda binaries/main.o
                0x0000000000101b84                main
 .text          0x0000000000101c5e       0x93 binaries/mark.o
                0x0000000000101c5e                markinit
                0x0000000000101c7b                mark
 .text          0x0000000000101cf1      0x1d7 binaries/meminit.o
                0x0000000000101cf1                meminit
                0x0000000000101e5a                setsegs
 .text          0x0000000000101ec8      0x12a binaries/mkbufpool.o
                0x0000000000101ec8                mkbufpool
 .text          0x0000000000101ff2       0x5e binaries/newqueue.o
                0x0000000000101ff2                newqueue
 .text          0x0000000000102050       0x5e binaries/open.o
                0x0000000000102050                open
 .text          0x00000000001020ae       0x1e binaries/panic.o
                0x00000000001020ae                panic
 .text          0x00000000001020cc      0x27c binaries/pci.o
                0x00000000001020cc                pci_init
                0x00000000001020d2                find_pci_device
                0x0000000000102190                pci_read_config_byte
                0x00000000001021cd                pci_read_config_word
                0x000000000010220c                pci_read_config_dword
                0x0000000000102249                pci_write_config_byte
                0x0000000000102284                pci_write_config_word
                0x00000000001022c0                pci_write_config_dword
                0x00000000001022fb                pci_get_dev_mmio_base_addr
 .text          0x0000000000102348       0x4f binaries/platinit.o
                0x0000000000102348                platinit
 .text          0x0000000000102397       0xa3 binaries/ptclear.o
                0x0000000000102397                _ptclear
 .text          0x000000000010243a       0x7c binaries/ptcount.o
                0x000000000010243a                ptcount
 .text          0x00000000001024b6       0xeb binaries/ptcreate.o
                0x00000000001024b6                ptcreate
 .text          0x00000000001025a1       0x64 binaries/ptdelete.o
                0x00000000001025a1                ptdelete
 .text          0x0000000000102605       0x88 binaries/ptinit.o
                0x0000000000102605                ptinit
 .text          0x000000000010268d       0xec binaries/ptrecv.o
                0x000000000010268d                ptrecv
 .text          0x0000000000102779       0x67 binaries/ptreset.o
                0x0000000000102779                ptreset
 .text          0x00000000001027e0      0x10d binaries/ptsend.o
                0x00000000001027e0                ptsend
 .text          0x00000000001028ed       0x5c binaries/putc.o
                0x00000000001028ed                putc
 .text          0x0000000000102949       0xb6 binaries/quark_irq.o
                0x0000000000102949                quark_irq_routing
 .text          0x00000000001029ff      0x19d binaries/quark_pdat.o
                0x00000000001029ff                get_quark_pdat_entry_data_by_id
                0x0000000000102acc                get_quark_pdat_entry_data_by_desc
 .text          0x0000000000102b9c       0xaa binaries/queue.o
                0x0000000000102b9c                enqueue
                0x0000000000102bfb                dequeue
 .text          0x0000000000102c46       0x5e binaries/read.o
                0x0000000000102c46                read
 .text          0x0000000000102ca4       0x61 binaries/ready.o
                0x0000000000102ca4                ready
 .text          0x0000000000102d05       0x53 binaries/receive.o
                0x0000000000102d05                receive
 .text          0x0000000000102d58       0x3f binaries/recvclr.o
                0x0000000000102d58                recvclr
 .text          0x0000000000102d97       0xa4 binaries/recvtime.o
                0x0000000000102d97                recvtime
 .text          0x0000000000102e3b      0x1a0 binaries/resched.o
                0x0000000000102e3b                resched
                0x0000000000102f68                resched_cntl
 .text          0x0000000000102fdb       0x75 binaries/resume.o
                0x0000000000102fdb                resume
 .text          0x0000000000103050       0x5a binaries/seek.o
                0x0000000000103050                seek
 .text          0x00000000001030aa       0x4f binaries/semcount.o
                0x00000000001030aa                semcount
 .text          0x00000000001030f9       0x86 binaries/semcreate.o
                0x00000000001030f9                semcreate
 .text          0x000000000010317f       0xc3 binaries/semdelete.o
                0x000000000010317f                semdelete
 .text          0x0000000000103242       0xa7 binaries/semreset.o
                0x0000000000103242                semreset
 .text          0x00000000001032e9       0xb4 binaries/send.o
                0x00000000001032e9                send
 .text          0x000000000010339d       0x95 binaries/signal.o
                0x000000000010339d                signal
 .text          0x0000000000103432       0xb2 binaries/signaln.o
                0x0000000000103432                signaln
 .text          0x00000000001034e4       0xc0 binaries/sleep.o
                0x00000000001034e4                sleepms
                0x000000000010356e                sleep
 .text          0x00000000001035a4       0xac binaries/suspend.o
                0x00000000001035a4                suspend
 .text          0x0000000000103650       0x91 binaries/unsleep.o
                0x0000000000103650                unsleep
 .text          0x00000000001036e1       0x15 binaries/userret.o
                0x00000000001036e1                userret
 .text          0x00000000001036f6       0xaa binaries/wait.o
                0x00000000001036f6                wait
 .text          0x00000000001037a0       0x6d binaries/wakeup.o
                0x00000000001037a0                wakeup
 .text          0x000000000010380d       0x5e binaries/write.o
                0x000000000010380d                write
 .text          0x000000000010386b       0x16 binaries/xdone.o
                0x000000000010386b                xdone
 .text          0x0000000000103881       0x7b binaries/xts_dequeue.o
                0x0000000000103881                xts_dequeue
 .text          0x00000000001038fc       0x51 binaries/xts_enqueue.o
                0x00000000001038fc                xts_enqueue
 .text          0x000000000010394d       0x26 binaries/xts_priochk.o
                0x000000000010394d                xts_priochk
 .text          0x0000000000103973       0x23 binaries/yield.o
                0x0000000000103973                yield
 .text          0x0000000000103996        0xe binaries/abs.o
                0x0000000000103996                abs
 .text          0x00000000001039a4       0x7d binaries/atoi.o
                0x00000000001039a4                atoi
 .text          0x0000000000103a21       0x7d binaries/atol.o
                0x0000000000103a21                atol
 .text          0x0000000000103a9e       0x18 binaries/bzero.o
                0x0000000000103a9e                bzero
 .text          0x0000000000103ab6        0x0 binaries/ctype_.o
 .text          0x0000000000103ab6      0x6e7 binaries/doprnt.o
                0x0000000000103c0a                _doprnt
 .text          0x000000000010419d      0x678 binaries/doscan.o
                0x000000000010419d                _doscan
 .text          0x0000000000104815      0x6a9 binaries/fdoprnt.o
                0x0000000000104899                _fdoprnt
 .text          0x0000000000104ebe       0x1c binaries/fgetc.o
                0x0000000000104ebe                fgetc
 .text          0x0000000000104eda       0x5c binaries/fgets.o
                0x0000000000104eda                fgets
 .text          0x0000000000104f36       0x23 binaries/fprintf.o
                0x0000000000104f36                fprintf
 .text          0x0000000000104f59       0x29 binaries/fputc.o
                0x0000000000104f59                fputc
 .text          0x0000000000104f82       0x3b binaries/fputs.o
                0x0000000000104f82                fputs
 .text          0x0000000000104fbd       0x6a binaries/fscanf.o
                0x0000000000104ff7                fscanf
 .text          0x0000000000105027       0x1c binaries/getchar.o
                0x0000000000105027                getchar
 .text          0x0000000000105043        0xe binaries/labs.o
                0x0000000000105043                labs
 .text          0x0000000000105051       0x32 binaries/memchr.o
                0x0000000000105051                memchr
 .text          0x0000000000105083       0x49 binaries/memcmp.o
                0x0000000000105083                memcmp
 .text          0x00000000001050cc       0x25 binaries/memcpy.o
                0x00000000001050cc                memcpy
 .text          0x00000000001050f1       0x1e binaries/memset.o
                0x00000000001050f1                memset
 .text          0x000000000010510f       0x2f binaries/printf.o
                0x000000000010510f                printf
 .text          0x000000000010513e       0x20 binaries/putchar.o
                0x000000000010513e                putchar
 .text          0x000000000010515e      0x1cb binaries/qsort.o
                0x00000000001052fe                qsort
 .text          0x0000000000105329       0x45 binaries/rand.o
                0x0000000000105329                srand
                0x0000000000105333                rand
 .text          0x000000000010536e       0x49 binaries/sprintf.o
                0x0000000000105385                sprintf
 .text          0x00000000001053b7       0x57 binaries/sscanf.o
                0x00000000001053e0                sscanf
 .text          0x000000000010540e       0x2d binaries/strchr.o
                0x000000000010540e                strchr
 .text          0x000000000010543b       0x43 binaries/strcmp.o
                0x000000000010543b                strcmp
 .text          0x000000000010547e       0x1a binaries/strcpy.o
                0x000000000010547e                strcpy
 .text          0x0000000000105498       0x1c binaries/strlen.o
                0x0000000000105498                strlen
 .text          0x00000000001054b4       0x3c binaries/strncat.o
                0x00000000001054b4                strncat
 .text          0x00000000001054f0       0x3a binaries/strncmp.o
                0x00000000001054f0                strncmp
 .text          0x000000000010552a       0x58 binaries/strncpy.o
                0x000000000010552a                strncpy
 .text          0x0000000000105582       0x36 binaries/strnlen.o
                0x0000000000105582                strnlen
 .text          0x00000000001055b8       0x30 binaries/strrchr.o
                0x00000000001055b8                strrchr
 .text          0x00000000001055e8       0x66 binaries/strstr.o
                0x00000000001055e8                strstr
 .text          0x000000000010564e      0x10a binaries/ttycontrol.o
                0x000000000010564e                ttycontrol
 .text          0x0000000000105758       0xaa binaries/ttygetc.o
                0x0000000000105758                ttygetc
 .text          0x0000000000105802      0x48a binaries/ttyhandle_in.o
                0x00000000001058b8                ttyhandle_in
 .text          0x0000000000105c8c      0x14c binaries/ttyhandle_out.o
                0x0000000000105c8c                ttyhandle_out
 .text          0x0000000000105dd8       0x84 binaries/ttyhandler.o
                0x0000000000105dd8                ttyhandler
 .text          0x0000000000105e5c      0x15a binaries/ttyinit.o
                0x0000000000105e5c                ttyinit
 .text          0x0000000000105fb6        0xc binaries/ttykickout.o
                0x0000000000105fb6                ttykickout
 .text          0x0000000000105fc2       0xac binaries/ttyputc.o
                0x0000000000105fc2                ttyputc
 .text          0x000000000010606e       0xf3 binaries/ttyread.o
                0x000000000010606e                ttyread
 .text          0x0000000000106161       0x46 binaries/ttywrite.o
                0x0000000000106161                ttywrite
 .text          0x00000000001061a7      0x125 binaries/mount.o
                0x00000000001061a7                namlen
                0x00000000001061df                mount
 .text          0x00000000001062cc      0x196 binaries/naminit.o
                0x00000000001062cc                naminit
 .text          0x0000000000106462      0x1ff binaries/nammap.o
                0x0000000000106462                namrepl
                0x0000000000106583                namcpy
                0x00000000001065d0                nammap
 .text          0x0000000000106661       0x4e binaries/namopen.o
                0x0000000000106661                namopen
 .text          0x00000000001066af       0xce binaries/colon2mac.o
                0x00000000001066af                colon2mac
 .text          0x000000000010677d       0x81 binaries/ethcontrol.o
                0x000000000010677d                ethcontrol
 .text          0x00000000001067fe      0x162 binaries/ethhandler.o
                0x00000000001067fe                ethhandler
 .text          0x0000000000106960      0x500 binaries/ethinit.o
                0x0000000000106960                eth_phy_read
                0x000000000010699d                eth_phy_write
                0x00000000001069dd                eth_phy_reset
                0x0000000000106ab7                ethinit
 .text          0x0000000000106e60       0xee binaries/ethmcast.o
                0x0000000000106e60                ethmcast_add
                0x0000000000106ead                ethmcast_remove
 .text          0x0000000000106f4e      0x14f binaries/ethread.o
                0x0000000000106f4e                ethread
 .text          0x000000000010709d       0xc3 binaries/ethwrite.o
                0x000000000010709d                ethwrite
 .text          0x0000000000107160       0x66 binaries/rdsbufalloc.o
                0x0000000000107160                rdsbufalloc
 .text          0x00000000001071c6       0xc2 binaries/rdsclose.o
                0x00000000001071c6                rdsclose
 .text          0x0000000000107288      0x1ea binaries/rdscomm.o
                0x0000000000107288                rdscomm
 .text          0x0000000000107472      0x1c2 binaries/rdscontrol.o
                0x0000000000107472                rdscontrol
 .text          0x0000000000107634      0x1e3 binaries/rdsinit.o
                0x0000000000107634                rdsinit
 .text          0x0000000000107817      0x1a1 binaries/rdsopen.o
                0x0000000000107817                rdsopen
 .text          0x00000000001079b8      0x2ab binaries/rdsprocess.o
                0x00000000001079b8                rdsprocess
 .text          0x0000000000107c63      0x1e2 binaries/rdsread.o
                0x0000000000107c63                rdsread
 .text          0x0000000000107e45      0x1ac binaries/rdswrite.o
                0x0000000000107e45                rdswrite
 .text          0x0000000000107ff1        0x6 binaries/ramclose.o
                0x0000000000107ff1                ramclose
 .text          0x0000000000107ff7       0x34 binaries/raminit.o
                0x0000000000107ff7                raminit
 .text          0x000000000010802b        0x7 binaries/ramopen.o
                0x000000000010802b                ramopen
 .text          0x0000000000108032       0x27 binaries/ramread.o
                0x0000000000108032                ramread
 .text          0x0000000000108059       0x27 binaries/ramwrite.o
                0x0000000000108059                ramwrite
 .text          0x0000000000108080       0x87 binaries/lfdballoc.o
                0x0000000000108080                lfdballoc
 .text          0x0000000000108107       0x4d binaries/lfdbfree.o
                0x0000000000108107                lfdbfree
 .text          0x0000000000108154       0x9f binaries/lfflush.o
                0x0000000000108154                lfflush
 .text          0x00000000001081f3       0x7a binaries/lfgetmode.o
                0x00000000001081f3                lfgetmode
 .text          0x000000000010826d       0x5f binaries/lfiballoc.o
                0x000000000010826d                lfiballoc
 .text          0x00000000001082cc       0x25 binaries/lfibclear.o
                0x00000000001082cc                lfibclear
 .text          0x00000000001082f1       0x74 binaries/lfibget.o
                0x00000000001082f1                lfibget
 .text          0x0000000000108365       0x91 binaries/lfibput.o
                0x0000000000108365                lfibput
 .text          0x00000000001083f6       0xa1 binaries/lflclose.o
                0x00000000001083f6                lflclose
 .text          0x0000000000108497       0xbe binaries/lflcontrol.o
                0x0000000000108497                lflcontrol
 .text          0x0000000000108555       0xf8 binaries/lflgetc.o
                0x0000000000108555                lflgetc
 .text          0x000000000010864d       0xe4 binaries/lflinit.o
                0x000000000010864d                lflinit
 .text          0x0000000000108731      0x123 binaries/lflputc.o
                0x0000000000108731                lflputc
 .text          0x0000000000108854       0x6a binaries/lflread.o
                0x0000000000108854                lflread
 .text          0x00000000001088be       0xb8 binaries/lflseek.o
                0x00000000001088be                lflseek
 .text          0x0000000000108976       0x4e binaries/lflwrite.o
                0x0000000000108976                lflwrite
 .text          0x00000000001089c4      0x11a binaries/lfsckfmt.o
                0x00000000001089c4                lfsckfmt
 .text          0x0000000000108ade      0x1bd binaries/lfscreate.o
                0x0000000000108ade                lfscreate
 .text          0x0000000000108c9b      0x1a4 binaries/lfsetup.o
                0x0000000000108c9b                lfsetup
 .text          0x0000000000108e3f       0x44 binaries/lfsinit.o
                0x0000000000108e3f                lfsinit
 .text          0x0000000000108e83      0x2ff binaries/lfsopen.o
                0x0000000000108e83                lfsopen
 .text          0x0000000000109182      0x11d binaries/lftruncate.o
                0x0000000000109182                lftruncate
 .text          0x000000000010929f       0x69 binaries/rflclose.o
                0x000000000010929f                rflclose
 .text          0x0000000000109308       0x2b binaries/rflgetc.o
                0x0000000000109308                rflgetc
 .text          0x0000000000109333       0x69 binaries/rflinit.o
                0x0000000000109333                rflinit
 .text          0x000000000010939c       0x2c binaries/rflputc.o
                0x000000000010939c                rflputc
 .text          0x00000000001093c8      0x2ce binaries/rflread.o
                0x00000000001093c8                rflread
 .text          0x0000000000109696       0x69 binaries/rflseek.o
                0x0000000000109696                rflseek
 .text          0x00000000001096ff      0x2ec binaries/rflwrite.o
                0x00000000001096ff                rflwrite
 .text          0x00000000001099eb      0x17c binaries/rfscomm.o
                0x00000000001099eb                rfscomm
 .text          0x0000000000109b67      0x246 binaries/rfscontrol.o
                0x0000000000109b67                rfscontrol
 .text          0x0000000000109dad       0x7a binaries/rfsgetmode.o
                0x0000000000109dad                rfsgetmode
 .text          0x0000000000109e27       0x7d binaries/rfsinit.o
                0x0000000000109e27                rfsinit
 .text          0x0000000000109ea4       0xb7 binaries/rfsndmsg.o
                0x0000000000109ea4                rfsndmsg
 .text          0x0000000000109f5b      0x24f binaries/rfsopen.o
                0x0000000000109f5b                rfsopen
 .text          0x000000000010a1aa      0x619 binaries/arp.o
                0x000000000010a1aa                arp_init
                0x000000000010a1c2                arp_alloc
                0x000000000010a266                arp_ntoh
                0x000000000010a2d0                arp_hton
                0x000000000010a33a                arp_resolve
                0x000000000010a58c                arp_in
 .text          0x000000000010a7c3      0x59d binaries/dhcp.o
                0x000000000010a7c3                dhcp_get_opt_val
                0x000000000010a816                dhcp_bld_bootp_msg
                0x000000000010a8e4                dhcp_bld_disc
                0x000000000010a934                dhcp_bld_req
                0x000000000010a9ce                getlocalip
 .text          0x000000000010ad60       0xd7 binaries/dot2ip.o
                0x000000000010ad60                dot2ip
 .text          0x000000000010ae37      0x379 binaries/hexdump.o
                0x000000000010ae37                hexdump
                0x000000000010af87                hexadump
 .text          0x000000000010b1b0      0x6dc binaries/icmp.o
                0x000000000010b1b0                icmp_init
                0x000000000010b1c8                icmp_register
                0x000000000010b286                icmp_recv
                0x000000000010b429                icmp_mkpkt
                0x000000000010b4fa                icmp_in
                0x000000000010b68d                icmp_send
                0x000000000010b6fc                icmp_release
                0x000000000010b80b                icmp_cksum
                0x000000000010b864                icmp_hton
                0x000000000010b878                icmp_ntoh
 .text          0x000000000010b88c      0x5ca binaries/ip.o
                0x000000000010b88c                ip_local
                0x000000000010b8cc                ipcksum
                0x000000000010b919                ip_ntoh
                0x000000000010b983                ip_in
                0x000000000010baa6                ip_hton
                0x000000000010bb10                ip_out
                0x000000000010bbc3                ip_send
                0x000000000010bccf                ipout
                0x000000000010bdbf                ip_enqueue
 .text          0x000000000010be56      0x1a8 binaries/net.o
                0x000000000010be56                net_init
                0x000000000010bf4c                eth_hton
                0x000000000010bf56                eth_ntoh
                0x000000000010bf60                netin
 .text          0x000000000010bffe       0xb3 binaries/netstart.o
                0x000000000010bffe                netstart
 .text          0x000000000010c0b1      0xa2d binaries/pdump.o
                0x000000000010c0b1                pdump
                0x000000000010c695                pdumph
 .text          0x000000000010cade      0x5c8 binaries/tftp.o
                0x000000000010cade                tftp_send1
                0x000000000010cbfa                tftpget_mb
                0x000000000010d07f                tftpget
 .text          0x000000000010d0a6      0x9fe binaries/udp.o
                0x000000000010d0a6                udp_init
                0x000000000010d0e3                udp_in
                0x000000000010d202                udp_register
                0x000000000010d31f                udp_recv
                0x000000000010d4ac                udp_recvaddr
                0x000000000010d64d                udp_send
                0x000000000010d808                udp_sendto
                0x000000000010d97b                udp_release
                0x000000000010da7c                udp_ntoh
                0x000000000010da90                udp_hton
 .text          0x000000000010daa4      0x11a binaries/addargs.o
                0x000000000010daa4                addargs
 .text          0x000000000010dbbe      0x1e2 binaries/lexan.o
                0x000000000010dbbe                lexan
 .text          0x000000000010dda0      0x5af binaries/shell.o
                0x000000000010dda0                shell
 .text          0x000000000010e34f       0x57 binaries/xsh_argecho.o
                0x000000000010e34f                xsh_argecho
 .text          0x000000000010e3a6      0x1f8 binaries/xsh_arp.o
                0x000000000010e3a6                xsh_arp
 .text          0x000000000010e59e      0x1d8 binaries/xsh_cat.o
                0x000000000010e59e                xsh_cat
 .text          0x000000000010e776       0x50 binaries/xsh_clear.o
                0x000000000010e776                xsh_clear
 .text          0x000000000010e7c6      0x25f binaries/xsh_date.o
                0x000000000010e7c6                xsh_date
 .text          0x000000000010ea25       0x80 binaries/xsh_devdump.o
                0x000000000010ea25                xsh_devdump
 .text          0x000000000010eaa5       0x5e binaries/xsh_echo.o
                0x000000000010eaa5                xsh_echo
 .text          0x000000000010eb03        0x6 binaries/xsh_exit.o
                0x000000000010eb03                xsh_exit
 .text          0x000000000010eb09      0x320 binaries/xsh_help.o
                0x000000000010eb09                xsh_help
 .text          0x000000000010ee29      0x36d binaries/xsh_ipaddr.o
                0x000000000010ee29                xsh_ipaddr
 .text          0x000000000010f196      0x1ab binaries/xsh_kill.o
                0x000000000010f196                xsh_kill
 .text          0x000000000010f341      0x3bf binaries/xsh_memdump.o
                0x000000000010f403                xsh_memdump
 .text          0x000000000010f700      0x1c5 binaries/xsh_memstat.o
                0x000000000010f700                xsh_memstat
 .text          0x000000000010f8c5      0x283 binaries/xsh_ping.o
                0x000000000010f8c5                xsh_ping
 .text          0x000000000010fb48      0x19a binaries/xsh_ps.o
                0x000000000010fb48                xsh_ps
 .text          0x000000000010fce2      0x19c binaries/xsh_sleep.o
                0x000000000010fce2                xsh_sleep
 .text          0x000000000010fe7e      0x1c6 binaries/xsh_udpdump.o
                0x000000000010fe7e                xsh_udpdump
 .text          0x0000000000110044      0x3ac binaries/xsh_udpecho.o
                0x0000000000110044                xsh_udpecho
 .text          0x00000000001103f0      0x209 binaries/xsh_udpeserver.o
                0x00000000001103f0                xsh_udpeserver
 .text          0x00000000001105f9      0x1ae binaries/xsh_uptime.o
                0x00000000001105f9                xsh_uptime
 .text          0x00000000001107a7        0xe binaries/clkdisp.o
                0x00000000001107a7                clkdisp
 .text          0x00000000001107b5       0x19 binaries/ctxsw.o
                0x00000000001107b5                ctxsw
 .text          0x00000000001107ce      0x368 binaries/intr.o
                0x00000000001107ce                disable
                0x00000000001107d7                restore
                0x00000000001107e5                enable
                0x00000000001107e7                pause
                0x00000000001107ee                halt
                0x00000000001107f1                spurious_irq7
                0x00000000001107f6                spurious_irq15
                0x0000000000110805                _Xint0
                0x0000000000110810                _Xint1
                0x000000000011081b                _Xint2
                0x0000000000110826                _Xint3
                0x0000000000110831                _Xint4
                0x000000000011083c                _Xint5
                0x0000000000110847                _Xint6
                0x0000000000110852                _Xint7
                0x000000000011085d                _Xint8
                0x0000000000110868                _Xint9
                0x0000000000110873                _Xint10
                0x000000000011087e                _Xint11
                0x000000000011088c                _Xint12
                0x000000000011089a                _Xint13
                0x00000000001108a8                _Xint14
                0x00000000001108b6                _Xint15
                0x00000000001108c4                _Xint16
                0x00000000001108d2                _Xint17
                0x00000000001108e0                _Xint18
                0x00000000001108ee                _Xint19
                0x00000000001108fc                _Xint20
                0x000000000011090a                _Xint21
                0x0000000000110918                _Xint22
                0x0000000000110926                _Xint23
                0x0000000000110934                _Xint24
                0x0000000000110942                _Xint25
                0x0000000000110950                _Xint26
                0x000000000011095e                _Xint27
                0x000000000011096c                _Xint28
                0x000000000011097a                _Xint29
                0x0000000000110988                _Xint30
                0x0000000000110996                _Xint31
                0x00000000001109a4                _Xint32
                0x00000000001109b2                _Xint33
                0x00000000001109c0                _Xint34
                0x00000000001109ce                _Xint35
                0x00000000001109dc                _Xint36
                0x00000000001109ea                _Xint37
                0x00000000001109f8                _Xint38
                0x0000000000110a06                _Xint39
                0x0000000000110a14                _Xint40
                0x0000000000110a22                _Xint41
                0x0000000000110a30                _Xint42
                0x0000000000110a3e                _Xint43
                0x0000000000110a4c                _Xint44
                0x0000000000110a5a                _Xint45
                0x0000000000110a68                _Xint46
                0x0000000000110a76                defevec
 .text          0x0000000000110b36        0xf binaries/ttydispatch.o
                0x0000000000110b36                ttydispatch
 .text          0x0000000000110b45       0x13 binaries/ethdispatch.o
                0x0000000000110b45                ethdispatch
 *(.rodata .rodata.*)
 .rodata.str1.1
                0x0000000000110b58       0x54 binaries/ascdate.o
 .rodata.str1.4
                0x0000000000110bac       0x22 binaries/ascdate.o
 .rodata.str1.1
                0x0000000000110bce       0x5f binaries/conf.o
 *fill*         0x0000000000110c2d        0x3 
 .rodata.str1.4
                0x0000000000110c30       0x4f binaries/early_imr.o
 *fill*         0x0000000000110c7f        0x1 
 .rodata        0x0000000000110c80       0x33 binaries/early_imr.o
 .rodata.str1.1
                0x0000000000110cb3      0x20c binaries/evec.o
 *fill*         0x0000000000110ebf        0x1 
 .rodata.str1.4
                0x0000000000110ec0       0x23 binaries/evec.o
 .rodata.str1.1
                0x0000000000110ee3        0xb binaries/getutime.o
 *fill*         0x0000000000110eee        0x2 
 .rodata.str1.4
                0x0000000000110ef0       0x54 binaries/getutime.o
 .rodata.str1.1
                0x0000000000110f44       0x63 binaries/initialize.o
                                         0x67 (size before relaxing)
 *fill*         0x0000000000110fa7        0x1 
 .rodata.str1.4
                0x0000000000110fa8       0xd4 binaries/initialize.o
 .rodata        0x000000000011107c       0x20 binaries/kill.o
 .rodata.str1.1
                0x000000000011109c       0x2b binaries/main.o
 *fill*         0x00000000001110c7        0x1 
 .rodata.str1.4
                0x00000000001110c8      0x18e binaries/main.o
 *fill*         0x0000000000111256        0x2 
 .rodata.str1.4
                0x0000000000111258       0x23 binaries/meminit.o
 .rodata.str1.1
                0x000000000011127b       0x1b binaries/meminit.o
 .rodata.str1.1
                0x0000000000111296        0xf binaries/panic.o
 .rodata.str1.1
                0x00000000001112a5       0x1c binaries/ptinit.o
 *fill*         0x00000000001112c1        0x3 
 .rodata.str1.4
                0x00000000001112c4       0x25 binaries/ptsend.o
 .rodata.str1.1
                0x00000000001112e9       0x22 binaries/quark_pdat.o
 *fill*         0x000000000011130b        0x1 
 .rodata.str1.4
                0x000000000011130c       0x27 binaries/xdone.o
 *fill*         0x0000000000111333        0xd 
 .rodata        0x0000000000111340       0x81 binaries/ctype_.o
                0x0000000000111340                _ctype_
 .rodata.str1.1
                0x00000000001113c1       0x29 binaries/doprnt.o
 *fill*         0x00000000001113ea        0x2 
 .rodata        0x00000000001113ec       0xc4 binaries/doprnt.o
 .rodata        0x00000000001114b0       0x98 binaries/doscan.o
 .rodata.str1.1
                0x0000000000111548       0x29 binaries/fdoprnt.o
 .rodata        0x0000000000111548       0x84 binaries/fdoprnt.o
 .rodata        0x00000000001115cc       0x20 binaries/ttycontrol.o
 .rodata.str1.4
                0x00000000001115ec       0x4c binaries/naminit.o
 .rodata.str1.1
                0x0000000000111638       0x32 binaries/naminit.o
                                         0x35 (size before relaxing)
 .rodata.str1.1
                0x000000000011166a       0x15 binaries/ethinit.o
 *fill*         0x000000000011167f        0x1 
 .rodata.str1.4
                0x0000000000111680       0x2e binaries/ethinit.o
 *fill*         0x00000000001116ae        0x2 
 .rodata.str1.4
                0x00000000001116b0       0x2c binaries/rdsbufalloc.o
 .rodata.str1.4
                0x00000000001116dc       0x76 binaries/rdscomm.o
 *fill*         0x0000000000111752        0x2 
 .rodata.str1.4
                0x0000000000111754       0x48 binaries/rdscontrol.o
 .rodata.str1.4
                0x000000000011179c       0x7e binaries/rdsinit.o
 .rodata.str1.1
                0x000000000011181a       0x18 binaries/rdsinit.o
 *fill*         0x0000000000111832        0x2 
 .rodata.str1.4
                0x0000000000111834       0x22 binaries/rdsopen.o
 *fill*         0x0000000000111856        0x2 
 .rodata.str1.4
                0x0000000000111858       0x4d binaries/rdsprocess.o
 .rodata.str1.1
                0x00000000001118a5        0x9 binaries/raminit.o
 .rodata.str1.1
                0x00000000001118ae       0x13 binaries/lfdballoc.o
 *fill*         0x00000000001118c1        0x3 
 .rodata.str1.4
                0x00000000001118c4       0x23 binaries/lfdballoc.o
 .rodata.str1.1
                0x00000000001118e7       0x14 binaries/lfiballoc.o
 *fill*         0x00000000001118fb        0x1 
 .rodata.str1.4
                0x00000000001118fc       0x23 binaries/lflcontrol.o
 .rodata.str1.1
                0x000000000011191f       0x64 binaries/lfsckfmt.o
 *fill*         0x0000000000111983        0x1 
 .rodata.str1.4
                0x0000000000111984       0x51 binaries/lfsckfmt.o
 *fill*         0x00000000001119d5        0x3 
 .rodata.str1.4
                0x00000000001119d8       0x21 binaries/rflread.o
 .rodata.str1.4
                0x00000000001119f9       0x21 binaries/rflwrite.o
 *fill*         0x00000000001119f9        0x3 
 .rodata.str1.4
                0x00000000001119fc       0x75 binaries/rfscomm.o
 *fill*         0x0000000000111a71        0x3 
 .rodata.str1.4
                0x0000000000111a74       0x23 binaries/rfscontrol.o
 *fill*         0x0000000000111a97        0x1 
 .rodata        0x0000000000111a98       0x18 binaries/rfscontrol.o
 .rodata.str1.1
                0x0000000000111ab0       0x10 binaries/rfsinit.o
 .rodata.str1.4
                0x0000000000111ab0       0x57 binaries/rfsinit.o
 *fill*         0x0000000000111b07        0x1 
 .rodata.str1.4
                0x0000000000111b08       0x2a binaries/rfsndmsg.o
 .rodata.str1.4
                0x0000000000111b32       0x22 binaries/rfsopen.o
 .rodata.str1.1
                0x0000000000111b32       0x19 binaries/arp.o
 *fill*         0x0000000000111b4b        0x1 
 .rodata.str1.4
                0x0000000000111b4c       0x21 binaries/arp.o
 *fill*         0x0000000000111b6d        0x3 
 .rodata.str1.4
                0x0000000000111b70       0xa6 binaries/dhcp.o
 .rodata.str1.1
                0x0000000000111c16       0x4a binaries/dhcp.o
 .rodata.str1.1
                0x0000000000111c60       0x5a binaries/hexdump.o
                                         0x61 (size before relaxing)
 *fill*         0x0000000000111cba        0x2 
 .rodata.str1.4
                0x0000000000111cbc       0x67 binaries/hexdump.o
 *fill*         0x0000000000111d23        0x1 
 .rodata.str1.4
                0x0000000000111d24       0x29 binaries/icmp.o
 .rodata.str1.1
                0x0000000000111d4d       0x4e binaries/ip.o
 *fill*         0x0000000000111d9b        0x1 
 .rodata.str1.4
                0x0000000000111d9c       0x20 binaries/ip.o
 .rodata.str1.4
                0x0000000000111dbc       0x28 binaries/net.o
 .rodata.str1.1
                0x0000000000111de4       0x27 binaries/net.o
 *fill*         0x0000000000111e0b        0x1 
 .rodata.str1.4
                0x0000000000111e0c       0xcf binaries/netstart.o
 .rodata.str1.1
                0x0000000000111edb      0x141 binaries/pdump.o
                                        0x14b (size before relaxing)
 .rodata.str1.4
                0x000000000011201c      0x126 binaries/pdump.o
 *fill*         0x0000000000112142        0x2 
 .rodata.str1.4
                0x0000000000112144      0x148 binaries/tftp.o
 .rodata.str1.1
                0x000000000011228c        0x6 binaries/tftp.o
                                          0xa (size before relaxing)
 .rodata.str1.1
                0x0000000000112292       0xe3 binaries/shell.o
                                         0xff (size before relaxing)
 *fill*         0x0000000000112375        0x3 
 .rodata.str1.4
                0x0000000000112378      0x1c4 binaries/shell.o
 *fill*         0x000000000011253c        0x4 
 .rodata        0x0000000000112540       0xfc binaries/shell.o
                0x0000000000112540                cmdtab
 .rodata.str1.1
                0x000000000011263c       0x26 binaries/xsh_argecho.o
                                         0x28 (size before relaxing)
 .rodata.str1.1
                0x0000000000112662       0x70 binaries/xsh_arp.o
                                         0x72 (size before relaxing)
 *fill*         0x00000000001126d2        0x2 
 .rodata.str1.4
                0x00000000001126d4       0xb4 binaries/xsh_arp.o
 .rodata.str1.1
                0x0000000000112788       0x2d binaries/xsh_cat.o
                                         0x4f (size before relaxing)
 *fill*         0x00000000001127b5        0x3 
 .rodata.str1.4
                0x00000000001127b8       0x52 binaries/xsh_cat.o
                                         0x79 (size before relaxing)
 .rodata.str1.1
                0x000000000011280a       0x15 binaries/xsh_clear.o
 .rodata.str1.1
                0x000000000011281f       0x46 binaries/xsh_date.o
                                         0x5f (size before relaxing)
 *fill*         0x0000000000112865        0x3 
 .rodata.str1.4
                0x0000000000112868      0x163 binaries/xsh_date.o
 .rodata.str1.1
                0x00000000001129cb       0x5d binaries/xsh_devdump.o
 .rodata.str1.1
                0x0000000000112a28        0x4 binaries/xsh_echo.o
                                          0x9 (size before relaxing)
 .rodata.str1.1
                0x0000000000112a2c       0x65 binaries/xsh_help.o
                                         0xa3 (size before relaxing)
 *fill*         0x0000000000112a91        0x3 
 .rodata.str1.4
                0x0000000000112a94       0x7c binaries/xsh_help.o
                                         0xc6 (size before relaxing)
 .rodata.str1.1
                0x0000000000112b10       0x9c binaries/xsh_ipaddr.o
                                         0xf8 (size before relaxing)
 .rodata.str1.4
                0x0000000000112bac       0x4d binaries/xsh_ipaddr.o
                                         0x99 (size before relaxing)
 .rodata.str1.1
                0x0000000000112bf9       0x78 binaries/xsh_kill.o
                                         0x97 (size before relaxing)
 *fill*         0x0000000000112c71        0x3 
 .rodata.str1.4
                0x0000000000112c74       0x4a binaries/xsh_kill.o
                                         0x96 (size before relaxing)
 .rodata.str1.1
                0x0000000000112cbe       0x84 binaries/xsh_memdump.o
                                         0xa8 (size before relaxing)
 *fill*         0x0000000000112d42        0x2 
 .rodata.str1.4
                0x0000000000112d44      0x15a binaries/xsh_memdump.o
                                        0x1aa (size before relaxing)
 .rodata.str1.1
                0x0000000000112e9e       0x40 binaries/xsh_memstat.o
                                         0x79 (size before relaxing)
 *fill*         0x0000000000112ede        0x2 
 .rodata.str1.4
                0x0000000000112ee0      0x187 binaries/xsh_memstat.o
                                        0x1af (size before relaxing)
 .rodata.str1.1
                0x0000000000113067       0x90 binaries/xsh_ping.o
                                         0xaf (size before relaxing)
 *fill*         0x00000000001130f7        0x1 
 .rodata.str1.4
                0x00000000001130f8       0x77 binaries/xsh_ping.o
                                         0xc6 (size before relaxing)
 .rodata.str1.1
                0x000000000011316f       0x74 binaries/xsh_ps.o
                                         0xd5 (size before relaxing)
 *fill*         0x00000000001131e3        0x1 
 .rodata.str1.4
                0x00000000001131e4       0x80 binaries/xsh_ps.o
                                         0xd0 (size before relaxing)
 *fill*         0x0000000000113264       0x1c 
 .rodata        0x0000000000113280       0x20 binaries/xsh_ps.o
 .rodata.str1.1
                0x00000000001132a0       0x31 binaries/xsh_sleep.o
                                         0x72 (size before relaxing)
 *fill*         0x00000000001132d1        0x3 
 .rodata.str1.4
                0x00000000001132d4       0x2a binaries/xsh_sleep.o
                                         0x7a (size before relaxing)
 .rodata.str1.1
                0x00000000001132fe       0x6b binaries/xsh_udpdump.o
                                         0xd2 (size before relaxing)
 *fill*         0x0000000000113369        0x3 
 .rodata.str1.4
                0x000000000011336c       0x94 binaries/xsh_udpdump.o
                                         0xe4 (size before relaxing)
 .rodata.str1.1
                0x0000000000113400       0xdb binaries/xsh_udpecho.o
                                         0xfa (size before relaxing)
 *fill*         0x00000000001134db        0x1 
 .rodata.str1.4
                0x00000000001134dc       0xc7 binaries/xsh_udpecho.o
                                        0x116 (size before relaxing)
 .rodata.str1.1
                0x00000000001135a3       0x66 binaries/xsh_udpeserver.o
                                         0x8f (size before relaxing)
 *fill*         0x0000000000113609        0x3 
 .rodata.str1.4
                0x000000000011360c       0x29 binaries/xsh_udpeserver.o
                                         0x9f (size before relaxing)
 .rodata.str1.1
                0x0000000000113635       0x49 binaries/xsh_uptime.o
                                         0x8c (size before relaxing)
 *fill*         0x000000000011367e        0x2 
 .rodata.str1.4
                0x0000000000113680       0x28 binaries/xsh_uptime.o
                                         0x76 (size before relaxing)
                0x00000000001136a8                etext = ABSOLUTE (.)
                0x0000000000114000                . = ALIGN (0x1000)
 *fill*         0x00000000001136a8      0x958 

.eh_frame       0x0000000000114000     0x6668
 .eh_frame      0x0000000000114000       0x78 binaries/ascdate.o
 .eh_frame      0x0000000000114078       0x14 binaries/bufinit.o
                                         0x2c (size before relaxing)
 .eh_frame      0x000000000011408c       0x40 binaries/chprio.o
                                         0x58 (size before relaxing)
 .eh_frame      0x00000000001140cc       0x18 binaries/clkhandler.o
                                         0x30 (size before relaxing)
 .eh_frame      0x00000000001140e4       0x3c binaries/clkinit.o
                                         0x54 (size before relaxing)
 .eh_frame      0x0000000000114120       0x3c binaries/close.o
                                         0x54 (size before relaxing)
 .eh_frame      0x000000000011415c       0x44 binaries/control.o
                                         0x5c (size before relaxing)
 .eh_frame      0x00000000001141a0       0x64 binaries/create.o
                                         0x7c (size before relaxing)
 .eh_frame      0x0000000000114204      0x148 binaries/early_imr.o
                                        0x160 (size before relaxing)
 .eh_frame      0x000000000011434c      0x1a8 binaries/evec.o
                                        0x1c0 (size before relaxing)
 .eh_frame      0x00000000001144f4       0x50 binaries/freebuf.o
                                         0x68 (size before relaxing)
 .eh_frame      0x0000000000114544       0x58 binaries/freemem.o
                                         0x70 (size before relaxing)
 .eh_frame      0x000000000011459c       0x40 binaries/getbuf.o
                                         0x58 (size before relaxing)
 .eh_frame      0x00000000001145dc       0x3c binaries/getc.o
                                         0x54 (size before relaxing)
 .eh_frame      0x0000000000114618       0x5c binaries/getdev.o
                                         0x74 (size before relaxing)
 .eh_frame      0x0000000000114674       0x4c binaries/getitem.o
                                         0x64 (size before relaxing)
 .eh_frame      0x00000000001146c0       0x50 binaries/getmem.o
                                         0x68 (size before relaxing)
 .eh_frame      0x0000000000114710       0x14 binaries/getpid.o
                                         0x2c (size before relaxing)
 .eh_frame      0x0000000000114724       0x34 binaries/getprio.o
                                         0x4c (size before relaxing)
 .eh_frame      0x0000000000114758       0x58 binaries/getstk.o
                                         0x70 (size before relaxing)
 .eh_frame      0x00000000001147b0       0x20 binaries/gettime.o
                                         0x38 (size before relaxing)
 .eh_frame      0x00000000001147d0       0x8c binaries/getutime.o
                                         0xa4 (size before relaxing)
 .eh_frame      0x000000000011485c       0x3c binaries/init.o
                                         0x54 (size before relaxing)
 .eh_frame      0x0000000000114898       0xe0 binaries/initialize.o
                                         0xf8 (size before relaxing)
 .eh_frame      0x0000000000114978       0x24 binaries/insert.o
                                         0x3c (size before relaxing)
 .eh_frame      0x000000000011499c       0x38 binaries/insertd.o
                                         0x50 (size before relaxing)
 .eh_frame      0x00000000001149d4       0x14 binaries/ioerr.o
                                         0x2c (size before relaxing)
 .eh_frame      0x00000000001149e8       0x14 binaries/ionull.o
                                         0x2c (size before relaxing)
 .eh_frame      0x00000000001149fc       0x78 binaries/kill.o
                                         0x90 (size before relaxing)
 .eh_frame      0x0000000000114a74       0x80 binaries/kprintf.o
                                         0x98 (size before relaxing)
 .eh_frame      0x0000000000114af4       0x24 binaries/main.o
                                         0x3c (size before relaxing)
 .eh_frame      0x0000000000114b18       0x4c binaries/mark.o
                                         0x64 (size before relaxing)
 .eh_frame      0x0000000000114b64       0x74 binaries/meminit.o
                                         0x8c (size before relaxing)
 .eh_frame      0x0000000000114bd8       0x74 binaries/mkbufpool.o
                                         0x8c (size before relaxing)
 .eh_frame      0x0000000000114c4c       0x14 binaries/newqueue.o
                                         0x2c (size before relaxing)
 .eh_frame      0x0000000000114c60       0x44 binaries/open.o
                                         0x5c (size before relaxing)
 .eh_frame      0x0000000000114ca4       0x20 binaries/panic.o
                                         0x38 (size before relaxing)
 .eh_frame      0x0000000000114cc4       0xec binaries/pci.o
                                        0x104 (size before relaxing)
 .eh_frame      0x0000000000114db0       0x38 binaries/platinit.o
                                         0x50 (size before relaxing)
 .eh_frame      0x0000000000114de8       0x68 binaries/ptclear.o
                                         0x80 (size before relaxing)
 .eh_frame      0x0000000000114e50       0x50 binaries/ptcount.o
                                         0x68 (size before relaxing)
 .eh_frame      0x0000000000114ea0       0x60 binaries/ptcreate.o
                                         0x78 (size before relaxing)
 .eh_frame      0x0000000000114f00       0x44 binaries/ptdelete.o
                                         0x5c (size before relaxing)
 .eh_frame      0x0000000000114f44       0x3c binaries/ptinit.o
                                         0x54 (size before relaxing)
 .eh_frame      0x0000000000114f80       0x54 binaries/ptrecv.o
                                         0x6c (size before relaxing)
 .eh_frame      0x0000000000114fd4       0x44 binaries/ptreset.o
                                         0x5c (size before relaxing)
 .eh_frame      0x0000000000115018       0x5c binaries/ptsend.o
                                         0x74 (size before relaxing)
 .eh_frame      0x0000000000115074       0x44 binaries/putc.o
                                         0x5c (size before relaxing)
 .eh_frame      0x00000000001150b8       0x60 binaries/quark_irq.o
                                         0x78 (size before relaxing)
 .eh_frame      0x0000000000115118       0xd0 binaries/quark_pdat.o
                                         0xe8 (size before relaxing)
 .eh_frame      0x00000000001151e8       0x34 binaries/queue.o
                                         0x4c (size before relaxing)
 .eh_frame      0x000000000011521c       0x44 binaries/read.o
                                         0x5c (size before relaxing)
 .eh_frame      0x0000000000115260       0x28 binaries/ready.o
                                         0x40 (size before relaxing)
 .eh_frame      0x0000000000115288       0x38 binaries/receive.o
                                         0x50 (size before relaxing)
 .eh_frame      0x00000000001152c0       0x28 binaries/recvclr.o
                                         0x40 (size before relaxing)
 .eh_frame      0x00000000001152e8       0x50 binaries/recvtime.o
                                         0x68 (size before relaxing)
 .eh_frame      0x0000000000115338       0x5c binaries/resched.o
                                         0x74 (size before relaxing)
 .eh_frame      0x0000000000115394       0x48 binaries/resume.o
                                         0x60 (size before relaxing)
 .eh_frame      0x00000000001153dc       0x40 binaries/seek.o
                                         0x58 (size before relaxing)
 .eh_frame      0x000000000011541c       0x34 binaries/semcount.o
                                         0x4c (size before relaxing)
 .eh_frame      0x0000000000115450       0x40 binaries/semcreate.o
                                         0x58 (size before relaxing)
 .eh_frame      0x0000000000115490       0x5c binaries/semdelete.o
                                         0x74 (size before relaxing)
 .eh_frame      0x00000000001154ec       0x68 binaries/semreset.o
                                         0x80 (size before relaxing)
 .eh_frame      0x0000000000115554       0x58 binaries/send.o
                                         0x70 (size before relaxing)
 .eh_frame      0x00000000001155ac       0x50 binaries/signal.o
                                         0x68 (size before relaxing)
 .eh_frame      0x00000000001155fc       0x5c binaries/signaln.o
                                         0x74 (size before relaxing)
 .eh_frame      0x0000000000115658       0x74 binaries/sleep.o
                                         0x8c (size before relaxing)
 .eh_frame      0x00000000001156cc       0x50 binaries/suspend.o
                                         0x68 (size before relaxing)
 .eh_frame      0x000000000011571c       0x44 binaries/unsleep.o
                                         0x5c (size before relaxing)
 .eh_frame      0x0000000000115760       0x20 binaries/userret.o
                                         0x38 (size before relaxing)
 .eh_frame      0x0000000000115780       0x50 binaries/wait.o
                                         0x68 (size before relaxing)
 .eh_frame      0x00000000001157d0       0x2c binaries/wakeup.o
                                         0x44 (size before relaxing)
 .eh_frame      0x00000000001157fc       0x44 binaries/write.o
                                         0x5c (size before relaxing)
 .eh_frame      0x0000000000115840       0x1c binaries/xdone.o
                                         0x34 (size before relaxing)
 .eh_frame      0x000000000011585c       0x2c binaries/xts_dequeue.o
                                         0x44 (size before relaxing)
 .eh_frame      0x0000000000115888       0x2c binaries/xts_enqueue.o
                                         0x44 (size before relaxing)
 .eh_frame      0x00000000001158b4       0x14 binaries/xts_priochk.o
                                         0x2c (size before relaxing)
 .eh_frame      0x00000000001158c8       0x28 binaries/yield.o
                                         0x40 (size before relaxing)
 .eh_frame      0x00000000001158f0       0x14 binaries/abs.o
                                         0x2c (size before relaxing)
 .eh_frame      0x0000000000115904       0x24 binaries/atoi.o
                                         0x3c (size before relaxing)
 .eh_frame      0x0000000000115928       0x24 binaries/atol.o
                                         0x3c (size before relaxing)
 .eh_frame      0x000000000011594c       0x14 binaries/bzero.o
                                         0x2c (size before relaxing)
 .eh_frame      0x0000000000115960      0x130 binaries/doprnt.o
                                        0x148 (size before relaxing)
 .eh_frame      0x0000000000115a90      0x104 binaries/doscan.o
                                        0x11c (size before relaxing)
 .eh_frame      0x0000000000115b94       0xf4 binaries/fdoprnt.o
                                        0x10c (size before relaxing)
 .eh_frame      0x0000000000115c88       0x20 binaries/fgetc.o
                                         0x38 (size before relaxing)
 .eh_frame      0x0000000000115ca8       0x44 binaries/fgets.o
                                         0x5c (size before relaxing)
 .eh_frame      0x0000000000115cec       0x24 binaries/fprintf.o
                                         0x3c (size before relaxing)
 .eh_frame      0x0000000000115d10       0x20 binaries/fputc.o
                                         0x38 (size before relaxing)
 .eh_frame      0x0000000000115d30       0x38 binaries/fputs.o
                                         0x50 (size before relaxing)
 .eh_frame      0x0000000000115d68       0x6c binaries/fscanf.o
                                         0x84 (size before relaxing)
 .eh_frame      0x0000000000115dd4       0x1c binaries/getchar.o
                                         0x34 (size before relaxing)
 .eh_frame      0x0000000000115df0       0x14 binaries/labs.o
                                         0x2c (size before relaxing)
 .eh_frame      0x0000000000115e04       0x14 binaries/memchr.o
                                         0x2c (size before relaxing)
 .eh_frame      0x0000000000115e18       0x24 binaries/memcmp.o
                                         0x3c (size before relaxing)
 .eh_frame      0x0000000000115e3c       0x24 binaries/memcpy.o
                                         0x3c (size before relaxing)
 .eh_frame      0x0000000000115e60       0x1c binaries/memset.o
                                         0x34 (size before relaxing)
 .eh_frame      0x0000000000115e7c       0x24 binaries/printf.o
                                         0x3c (size before relaxing)
 .eh_frame      0x0000000000115ea0       0x20 binaries/putchar.o
                                         0x38 (size before relaxing)
 .eh_frame      0x0000000000115ec0       0xc0 binaries/qsort.o
                                         0xd8 (size before relaxing)
 .eh_frame      0x0000000000115f80       0x28 binaries/rand.o
                                         0x40 (size before relaxing)
 .eh_frame      0x0000000000115fa8       0x48 binaries/sprintf.o
                                         0x60 (size before relaxing)
 .eh_frame      0x0000000000115ff0       0x54 binaries/sscanf.o
                                         0x6c (size before relaxing)
 .eh_frame      0x0000000000116044       0x1c binaries/strchr.o
                                         0x34 (size before relaxing)
 .eh_frame      0x0000000000116060       0x1c binaries/strcmp.o
                                         0x34 (size before relaxing)
 .eh_frame      0x000000000011607c       0x14 binaries/strcpy.o
                                         0x2c (size before relaxing)
 .eh_frame      0x0000000000116090       0x14 binaries/strlen.o
                                         0x2c (size before relaxing)
 .eh_frame      0x00000000001160a4       0x2c binaries/strncat.o
                                         0x44 (size before relaxing)
 .eh_frame      0x00000000001160d0       0x1c binaries/strncmp.o
                                         0x34 (size before relaxing)
 .eh_frame      0x00000000001160ec       0x30 binaries/strncpy.o
                                         0x48 (size before relaxing)
 .eh_frame      0x000000000011611c       0x1c binaries/strnlen.o
                                         0x34 (size before relaxing)
 .eh_frame      0x0000000000116138       0x1c binaries/strrchr.o
                                         0x34 (size before relaxing)
 .eh_frame      0x0000000000116154       0x38 binaries/strstr.o
                                         0x50 (size before relaxing)
 .eh_frame      0x000000000011618c       0x48 binaries/ttycontrol.o
                                         0x60 (size before relaxing)
 .eh_frame      0x00000000001161d4       0x38 binaries/ttygetc.o
                                         0x50 (size before relaxing)
 .eh_frame      0x000000000011620c       0xd8 binaries/ttyhandle_in.o
                                         0xf0 (size before relaxing)
 .eh_frame      0x00000000001162e4       0x64 binaries/ttyhandle_out.o
                                         0x7c (size before relaxing)
 .eh_frame      0x0000000000116348       0x54 binaries/ttyhandler.o
                                         0x6c (size before relaxing)
 .eh_frame      0x000000000011639c       0x48 binaries/ttyinit.o
                                         0x60 (size before relaxing)
 .eh_frame      0x00000000001163e4       0x14 binaries/ttykickout.o
                                         0x2c (size before relaxing)
 .eh_frame      0x00000000001163f8       0x58 binaries/ttyputc.o
                                         0x70 (size before relaxing)
 .eh_frame      0x0000000000116450       0x60 binaries/ttyread.o
                                         0x78 (size before relaxing)
 .eh_frame      0x00000000001164b0       0x38 binaries/ttywrite.o
                                         0x50 (size before relaxing)
 .eh_frame      0x00000000001164e8       0x78 binaries/mount.o
                                         0x90 (size before relaxing)
 .eh_frame      0x0000000000116560       0xe4 binaries/naminit.o
                                         0xfc (size before relaxing)
 .eh_frame      0x0000000000116644       0xe8 binaries/nammap.o
                                        0x100 (size before relaxing)
 .eh_frame      0x000000000011672c       0x3c binaries/namopen.o
                                         0x54 (size before relaxing)
 .eh_frame      0x0000000000116768       0x3c binaries/colon2mac.o
                                         0x54 (size before relaxing)
 .eh_frame      0x00000000001167a4       0x40 binaries/ethcontrol.o
                                         0x58 (size before relaxing)
 .eh_frame      0x00000000001167e4       0x58 binaries/ethhandler.o
                                         0x70 (size before relaxing)
 .eh_frame      0x000000000011683c      0x14c binaries/ethinit.o
                                        0x164 (size before relaxing)
 .eh_frame      0x0000000000116988       0xa0 binaries/ethmcast.o
                                         0xb8 (size before relaxing)
 .eh_frame      0x0000000000116a28       0x80 binaries/ethread.o
                                         0x98 (size before relaxing)
 .eh_frame      0x0000000000116aa8       0x44 binaries/ethwrite.o
                                         0x5c (size before relaxing)
 .eh_frame      0x0000000000116aec       0x30 binaries/rdsbufalloc.o
                                         0x48 (size before relaxing)
 .eh_frame      0x0000000000116b1c       0x38 binaries/rdsclose.o
                                         0x50 (size before relaxing)
 .eh_frame      0x0000000000116b54       0x8c binaries/rdscomm.o
                                         0xa4 (size before relaxing)
 .eh_frame      0x0000000000116be0       0xb0 binaries/rdscontrol.o
                                         0xc8 (size before relaxing)
 .eh_frame      0x0000000000116c90       0x90 binaries/rdsinit.o
                                         0xa8 (size before relaxing)
 .eh_frame      0x0000000000116d20       0x74 binaries/rdsopen.o
                                         0x8c (size before relaxing)
 .eh_frame      0x0000000000116d94       0xf8 binaries/rdsprocess.o
                                        0x110 (size before relaxing)
 .eh_frame      0x0000000000116e8c       0x7c binaries/rdsread.o
                                         0x94 (size before relaxing)
 .eh_frame      0x0000000000116f08       0x80 binaries/rdswrite.o
                                         0x98 (size before relaxing)
 .eh_frame      0x0000000000116f88       0x14 binaries/ramclose.o
                                         0x2c (size before relaxing)
 .eh_frame      0x0000000000116f9c       0x2c binaries/raminit.o
                                         0x44 (size before relaxing)
 .eh_frame      0x0000000000116fc8       0x14 binaries/ramopen.o
                                         0x2c (size before relaxing)
 .eh_frame      0x0000000000116fdc       0x20 binaries/ramread.o
                                         0x38 (size before relaxing)
 .eh_frame      0x0000000000116ffc       0x20 binaries/ramwrite.o
                                         0x38 (size before relaxing)
 .eh_frame      0x000000000011701c       0x64 binaries/lfdballoc.o
                                         0x7c (size before relaxing)
 .eh_frame      0x0000000000117080       0x40 binaries/lfdbfree.o
                                         0x58 (size before relaxing)
 .eh_frame      0x00000000001170c0       0x50 binaries/lfflush.o
                                         0x68 (size before relaxing)
 .eh_frame      0x0000000000117110       0x14 binaries/lfgetmode.o
                                         0x2c (size before relaxing)
 .eh_frame      0x0000000000117124       0x44 binaries/lfiballoc.o
                                         0x5c (size before relaxing)
 .eh_frame      0x0000000000117168       0x14 binaries/lfibclear.o
                                         0x2c (size before relaxing)
 .eh_frame      0x000000000011717c       0x4c binaries/lfibget.o
                                         0x64 (size before relaxing)
 .eh_frame      0x00000000001171c8       0x68 binaries/lfibput.o
                                         0x80 (size before relaxing)
 .eh_frame      0x0000000000117230       0x4c binaries/lflclose.o
                                         0x64 (size before relaxing)
 .eh_frame      0x000000000011727c       0x68 binaries/lflcontrol.o
                                         0x80 (size before relaxing)
 .eh_frame      0x00000000001172e4       0x54 binaries/lflgetc.o
                                         0x6c (size before relaxing)
 .eh_frame      0x0000000000117338       0x50 binaries/lflinit.o
                                         0x68 (size before relaxing)
 .eh_frame      0x0000000000117388       0x68 binaries/lflputc.o
                                         0x80 (size before relaxing)
 .eh_frame      0x00000000001173f0       0x44 binaries/lflread.o
                                         0x5c (size before relaxing)
 .eh_frame      0x0000000000117434       0x50 binaries/lflseek.o
                                         0x68 (size before relaxing)
 .eh_frame      0x0000000000117484       0x48 binaries/lflwrite.o
                                         0x60 (size before relaxing)
 .eh_frame      0x00000000001174cc       0xc8 binaries/lfsckfmt.o
                                         0xe0 (size before relaxing)
 .eh_frame      0x0000000000117594       0xd4 binaries/lfscreate.o
                                         0xec (size before relaxing)
 .eh_frame      0x0000000000117668       0xbc binaries/lfsetup.o
                                         0xd4 (size before relaxing)
 .eh_frame      0x0000000000117724       0x28 binaries/lfsinit.o
                                         0x40 (size before relaxing)
 .eh_frame      0x000000000011774c       0x90 binaries/lfsopen.o
                                         0xa8 (size before relaxing)
 .eh_frame      0x00000000001177dc       0x84 binaries/lftruncate.o
                                         0x9c (size before relaxing)
 .eh_frame      0x0000000000117860       0x30 binaries/rflclose.o
                                         0x48 (size before relaxing)
 .eh_frame      0x0000000000117890       0x24 binaries/rflgetc.o
                                         0x3c (size before relaxing)
 .eh_frame      0x00000000001178b4       0x1c binaries/rflinit.o
                                         0x34 (size before relaxing)
 .eh_frame      0x00000000001178d0       0x24 binaries/rflputc.o
                                         0x3c (size before relaxing)
 .eh_frame      0x00000000001178f4       0xd8 binaries/rflread.o
                                         0xf0 (size before relaxing)
 .eh_frame      0x00000000001179cc       0x30 binaries/rflseek.o
                                         0x48 (size before relaxing)
 .eh_frame      0x00000000001179fc       0xcc binaries/rflwrite.o
                                         0xe4 (size before relaxing)
 .eh_frame      0x0000000000117ac8       0x88 binaries/rfscomm.o
                                         0xa0 (size before relaxing)
 .eh_frame      0x0000000000117b50      0x110 binaries/rfscontrol.o
                                        0x128 (size before relaxing)
 .eh_frame      0x0000000000117c60       0x14 binaries/rfsgetmode.o
                                         0x2c (size before relaxing)
 .eh_frame      0x0000000000117c74       0x3c binaries/rfsinit.o
                                         0x54 (size before relaxing)
 .eh_frame      0x0000000000117cb0       0x3c binaries/rfsndmsg.o
                                         0x54 (size before relaxing)
 .eh_frame      0x0000000000117cec       0xd0 binaries/rfsopen.o
                                         0xe8 (size before relaxing)
 .eh_frame      0x0000000000117dbc      0x244 binaries/arp.o
                                        0x25c (size before relaxing)
 .eh_frame      0x0000000000118000      0x264 binaries/dhcp.o
                                        0x27c (size before relaxing)
 .eh_frame      0x0000000000118264       0x3c binaries/dot2ip.o
                                         0x54 (size before relaxing)
 .eh_frame      0x00000000001182a0      0x1b0 binaries/hexdump.o
                                        0x1c8 (size before relaxing)
 .eh_frame      0x0000000000118450      0x2e0 binaries/icmp.o
                                        0x2f8 (size before relaxing)
 .eh_frame      0x0000000000118730      0x2a4 binaries/ip.o
                                        0x2bc (size before relaxing)
 .eh_frame      0x00000000001189d4      0x114 binaries/net.o
                                        0x12c (size before relaxing)
 .eh_frame      0x0000000000118ae8       0x64 binaries/netstart.o
                                         0x7c (size before relaxing)
 .eh_frame      0x0000000000118b4c      0x380 binaries/pdump.o
                                        0x398 (size before relaxing)
 .eh_frame      0x0000000000118ecc      0x25c binaries/tftp.o
                                        0x274 (size before relaxing)
 .eh_frame      0x0000000000119128      0x34c binaries/udp.o
                                        0x364 (size before relaxing)
 .eh_frame      0x0000000000119474       0x68 binaries/addargs.o
                                         0x80 (size before relaxing)
 .eh_frame      0x00000000001194dc       0x38 binaries/lexan.o
                                         0x50 (size before relaxing)
 .eh_frame      0x0000000000119514      0x24c binaries/shell.o
                                        0x264 (size before relaxing)
 .eh_frame      0x0000000000119760       0x50 binaries/xsh_argecho.o
                                         0x68 (size before relaxing)
 .eh_frame      0x00000000001197b0       0xe0 binaries/xsh_arp.o
                                         0xf8 (size before relaxing)
 .eh_frame      0x0000000000119890       0xa8 binaries/xsh_cat.o
                                         0xc0 (size before relaxing)
 .eh_frame      0x0000000000119938       0x30 binaries/xsh_clear.o
                                         0x48 (size before relaxing)
 .eh_frame      0x0000000000119968       0xe4 binaries/xsh_date.o
                                         0xfc (size before relaxing)
[...]
 .comment       0x0000000000000034       0x35 binaries/icmp.o
 .comment       0x0000000000000034       0x35 binaries/ip.o
 .comment       0x0000000000000034       0x35 binaries/net.o
 .comment       0x0000000000000034       0x35 binaries/netstart.o
 .comment       0x0000000000000034       0x35 binaries/pdump.o
 .comment       0x0000000000000034       0x35 binaries/tftp.o
 .comment       0x0000000000000034       0x35 binaries/udp.o
 .comment       0x0000000000000034       0x35 binaries/addargs.o
 .comment       0x0000000000000034       0x35 binaries/lexan.o
 .comment       0x0000000000000034       0x35 binaries/shell.o
 .comment       0x0000000000000034       0x35 binaries/xsh_argecho.o
 .comment       0x0000000000000034       0x35 binaries/xsh_arp.o
 .comment       0x0000000000000034       0x35 binaries/xsh_cat.o
 .comment       0x0000000000000034       0x35 binaries/xsh_clear.o
 .comment       0x0000000000000034       0x35 binaries/xsh_date.o
 .comment       0x0000000000000034       0x35 binaries/xsh_devdump.o
 .comment       0x0000000000000034       0x35 binaries/xsh_echo.o
 .comment       0x0000000000000034       0x35 binaries/xsh_exit.o
 .comment       0x0000000000000034       0x35 binaries/xsh_help.o
 .comment       0x0000000000000034       0x35 binaries/xsh_ipaddr.o
 .comment       0x0000000000000034       0x35 binaries/xsh_kill.o
 .comment       0x0000000000000034       0x35 binaries/xsh_memdump.o
 .comment       0x0000000000000034       0x35 binaries/xsh_memstat.o
 .comment       0x0000000000000034       0x35 binaries/xsh_ping.o
 .comment       0x0000000000000034       0x35 binaries/xsh_ps.o
 .comment       0x0000000000000034       0x35 binaries/xsh_sleep.o
 .comment       0x0000000000000034       0x35 binaries/xsh_udpdump.o
 .comment       0x0000000000000034       0x35 binaries/xsh_udpecho.o
 .comment       0x0000000000000034       0x35 binaries/xsh_udpeserver.o
 .comment       0x0000000000000034       0x35 binaries/xsh_uptime.o

.note.GNU-stack
                0x0000000000000000        0x0
 .note.GNU-stack
                0x0000000000000000        0x0 binaries/ascdate.o
 .note.GNU-stack
                0x0000000000000000        0x0 binaries/bufinit.o
 .note.GNU-stack
                0x0000000000000000        0x0 binaries/chprio.o
 .note.GNU-stack
                0x0000000000000000        0x0 binaries/clkhandler.o
 .note.GNU-stack
                0x0000000000000000        0x0 binaries/clkinit.o
 .note.GNU-stack
                0x0000000000000000        0x0 binaries/close.o
 .note.GNU-stack
                0x0000000000000000        0x0 binaries/conf.o
 .note.GNU-stack
                0x0000000000000000        0x0 binaries/control.o
 .note.GNU-stack
                0x0000000000000000        0x0 binaries/create.o
 .note.GNU-stack
                0x0000000000000000        0x0 binaries/early_imr.o
 .note.GNU-stack
                0x0000000000000000        0x0 binaries/evec.o
 .note.GNU-stack
                0x0000000000000000        0x0 binaries/freebuf.o
 .note.GNU-stack
                0x0000000000000000        0x0 binaries/freemem.o
 .note.GNU-stack
                0x0000000000000000        0x0 binaries/getbuf.o
 .note.GNU-stack
                0x0000000000000000        0x0 binaries/getc.o
 .note.GNU-stack
                0x0000000000000000        0x0 binaries/getdev.o
 .note.GNU-stack
                0x0000000000000000        0x0 binaries/getitem.o
 .note.GNU-stack
                0x0000000000000000        0x0 binaries/getmem.o
 .note.GNU-stack
                0x0000000000000000        0x0 binaries/getpid.o
 .note.GNU-stack
                0x0000000000000000        0x0 binaries/getprio.o
 .note.GNU-stack
                0x0000000000000000        0x0 binaries/getstk.o
 .note.GNU-stack
                0x0000000000000000        0x0 binaries/gettime.o
 .note.GNU-stack
                0x0000000000000000        0x0 binaries/getutime.o
 .note.GNU-stack
                0x0000000000000000        0x0 binaries/init.o
 .note.GNU-stack
                0x0000000000000000        0x0 binaries/initialize.o
 .note.GNU-stack
                0x0000000000000000        0x0 binaries/insert.o
 .note.GNU-stack
                0x0000000000000000        0x0 binaries/insertd.o
 .note.GNU-stack
                0x0000000000000000        0x0 binaries/ioerr.o
 .note.GNU-stack
                0x0000000000000000        0x0 binaries/ionull.o
 .note.GNU-stack
                0x0000000000000000        0x0 binaries/kill.o
 .note.GNU-stack
                0x0000000000000000        0x0 binaries/kprintf.o
 .note.GNU-stack
                0x0000000000000000        0x0 binaries/main.o
 .note.GNU-stack
                0x0000000000000000        0x0 binaries/mark.o
 .note.GNU-stack
                0x0000000000000000        0x0 binaries/meminit.o
 .note.GNU-stack
                0x0000000000000000        0x0 binaries/mkbufpool.o
 .note.GNU-stack
                0x0000000000000000        0x0 binaries/newqueue.o
 .note.GNU-stack
                0x0000000000000000        0x0 binaries/open.o
 .note.GNU-stack
                0x0000000000000000        0x0 binaries/panic.o
 .note.GNU-stack
                0x0000000000000000        0x0 binaries/pci.o
 .note.GNU-stack
                0x0000000000000000        0x0 binaries/platinit.o
 .note.GNU-stack
                0x0000000000000000        0x0 binaries/ptclear.o
 .note.GNU-stack
                0x0000000000000000        0x0 binaries/ptcount.o
 .note.GNU-stack
                0x0000000000000000        0x0 binaries/ptcreate.o
 .note.GNU-stack
                0x0000000000000000        0x0 binaries/ptdelete.o
 .note.GNU-stack
                0x0000000000000000        0x0 binaries/ptinit.o
 .note.GNU-stack
                0x0000000000000000        0x0 binaries/ptrecv.o
 .note.GNU-stack
                0x0000000000000000        0x0 binaries/ptreset.o
 .note.GNU-stack
                0x0000000000000000        0x0 binaries/ptsend.o
 .note.GNU-stack
                0x0000000000000000        0x0 binaries/putc.o
 .note.GNU-stack
                0x0000000000000000        0x0 binaries/quark_irq.o
 .note.GNU-stack
                0x0000000000000000        0x0 binaries/quark_pdat.o
 .note.GNU-stack
                0x0000000000000000        0x0 binaries/queue.o
 .note.GNU-stack
                0x0000000000000000        0x0 binaries/read.o
 .note.GNU-stack
                0x0000000000000000        0x0 binaries/ready.o
 .note.GNU-stack
                0x0000000000000000        0x0 binaries/receive.o
 .note.GNU-stack
                0x0000000000000000        0x0 binaries/recvclr.o
 .note.GNU-stack
                0x0000000000000000        0x0 binaries/recvtime.o
 .note.GNU-stack
                0x0000000000000000        0x0 binaries/resched.o
 .note.GNU-stack
                0x0000000000000000        0x0 binaries/resume.o
 .note.GNU-stack
                0x0000000000000000        0x0 binaries/seek.o
 .note.GNU-stack
                0x0000000000000000        0x0 binaries/semcount.o
 .note.GNU-stack
                0x0000000000000000        0x0 binaries/semcreate.o
 .note.GNU-stack
                0x0000000000000000        0x0 binaries/semdelete.o
 .note.GNU-stack
                0x0000000000000000        0x0 binaries/semreset.o
 .note.GNU-stack
                0x0000000000000000        0x0 binaries/send.o
 .note.GNU-stack
                0x0000000000000000        0x0 binaries/signal.o
 .note.GNU-stack
                0x0000000000000000        0x0 binaries/signaln.o
 .note.GNU-stack
                0x0000000000000000        0x0 binaries/sleep.o
 .note.GNU-stack
                0x0000000000000000        0x0 binaries/suspend.o
 .note.GNU-stack
                0x0000000000000000        0x0 binaries/unsleep.o
 .note.GNU-stack
                0x0000000000000000        0x0 binaries/userret.o
 .note.GNU-stack
                0x0000000000000000        0x0 binaries/wait.o
 .note.GNU-stack
                0x0000000000000000        0x0 binaries/wakeup.o
 .note.GNU-stack
                0x0000000000000000        0x0 binaries/write.o
 .note.GNU-stack
                0x0000000000000000        0x0 binaries/xdone.o
 .note.GNU-stack
                0x0000000000000000        0x0 binaries/xts_dequeue.o
 .note.GNU-stack
                0x0000000000000000        0x0 binaries/xts_enqueue.o
 .note.GNU-stack
                0x0000000000000000        0x0 binaries/xts_priochk.o
 .note.GNU-stack
                0x0000000000000000        0x0 binaries/yield.o
 .note.GNU-stack
                0x0000000000000000        0x0 binaries/abs.o
 .note.GNU-stack
                0x0000000000000000        0x0 binaries/atoi.o
 .note.GNU-stack
                0x0000000000000000        0x0 binaries/atol.o
 .note.GNU-stack
                0x0000000000000000        0x0 binaries/bzero.o
 .note.GNU-stack
                0x0000000000000000        0x0 binaries/ctype_.o
 .note.GNU-stack
                0x0000000000000000        0x0 binaries/doprnt.o
 .note.GNU-stack
                0x0000000000000000        0x0 binaries/doscan.o
 .note.GNU-stack
                0x0000000000000000        0x0 binaries/fdoprnt.o
 .note.GNU-stack
                0x0000000000000000        0x0 binaries/fgetc.o
 .note.GNU-stack
                0x0000000000000000        0x0 binaries/fgets.o
 .note.GNU-stack
                0x0000000000000000        0x0 binaries/fprintf.o
 .note.GNU-stack
                0x0000000000000000        0x0 binaries/fputc.o
 .note.GNU-stack
                0x0000000000000000        0x0 binaries/fputs.o
 .note.GNU-stack
                0x0000000000000000        0x0 binaries/fscanf.o
 .note.GNU-stack
                0x0000000000000000        0x0 binaries/getchar.o
 .note.GNU-stack
                0x0000000000000000        0x0 binaries/labs.o
 .note.GNU-stack
                0x0000000000000000        0x0 binaries/memchr.o
 .note.GNU-stack
                0x0000000000000000        0x0 binaries/memcmp.o
 .note.GNU-stack
                0x0000000000000000        0x0 binaries/memcpy.o
 .note.GNU-stack
                0x0000000000000000        0x0 binaries/memset.o
 .note.GNU-stack
                0x0000000000000000        0x0 binaries/printf.o
 .note.GNU-stack
                0x0000000000000000        0x0 binaries/putchar.o
 .note.GNU-stack
                0x0000000000000000        0x0 binaries/qsort.o
 .note.GNU-stack
                0x0000000000000000        0x0 binaries/rand.o
 .note.GNU-stack
                0x0000000000000000        0x0 binaries/sprintf.o
 .note.GNU-stack
                0x0000000000000000        0x0 binaries/sscanf.o
 .note.GNU-stack
                0x0000000000000000        0x0 binaries/strchr.o
 .note.GNU-stack
                0x0000000000000000        0x0 binaries/strcmp.o
 .note.GNU-stack
                0x0000000000000000        0x0 binaries/strcpy.o
 .note.GNU-stack
                0x0000000000000000        0x0 binaries/strlen.o
 .note.GNU-stack
                0x0000000000000000        0x0 binaries/strncat.o
 .note.GNU-stack
                0x0000000000000000        0x0 binaries/strncmp.o
 .note.GNU-stack
                0x0000000000000000        0x0 binaries/strncpy.o
 .note.GNU-stack
                0x0000000000000000        0x0 binaries/strnlen.o
 .note.GNU-stack
                0x0000000000000000        0x0 binaries/strrchr.o
 .note.GNU-stack
                0x0000000000000000        0x0 binaries/strstr.o
 .note.GNU-stack
                0x0000000000000000        0x0 binaries/ttycontrol.o
 .note.GNU-stack
                0x0000000000000000        0x0 binaries/ttygetc.o
 .note.GNU-stack
                0x0000000000000000        0x0 binaries/ttyhandle_in.o
 .note.GNU-stack
                0x0000000000000000        0x0 binaries/ttyhandle_out.o
 .note.GNU-stack
                0x0000000000000000        0x0 binaries/ttyhandler.o
 .note.GNU-stack
                0x0000000000000000        0x0 binaries/ttyinit.o
 .note.GNU-stack
                0x0000000000000000        0x0 binaries/ttykickout.o
 .note.GNU-stack
                0x0000000000000000        0x0 binaries/ttyputc.o
 .note.GNU-stack
                0x0000000000000000        0x0 binaries/ttyread.o
 .note.GNU-stack
                0x0000000000000000        0x0 binaries/ttywrite.o
 .note.GNU-stack
                0x0000000000000000        0x0 binaries/mount.o
 .note.GNU-stack
                0x0000000000000000        0x0 binaries/naminit.o
 .note.GNU-stack
                0x0000000000000000        0x0 binaries/nammap.o
 .note.GNU-stack
                0x0000000000000000        0x0 binaries/namopen.o
 .note.GNU-stack
                0x0000000000000000        0x0 binaries/colon2mac.o
 .note.GNU-stack
                0x0000000000000000        0x0 binaries/ethcontrol.o
 .note.GNU-stack
                0x0000000000000000        0x0 binaries/ethhandler.o
 .note.GNU-stack
                0x0000000000000000        0x0 binaries/ethinit.o
 .note.GNU-stack
                0x0000000000000000        0x0 binaries/ethmcast.o
 .note.GNU-stack
                0x0000000000000000        0x0 binaries/ethread.o
 .note.GNU-stack
                0x0000000000000000        0x0 binaries/ethwrite.o
 .note.GNU-stack
                0x0000000000000000        0x0 binaries/rdsbufalloc.o
 .note.GNU-stack
                0x0000000000000000        0x0 binaries/rdsclose.o
 .note.GNU-stack
                0x0000000000000000        0x0 binaries/rdscomm.o
 .note.GNU-stack
                0x0000000000000000        0x0 binaries/rdscontrol.o
 .note.GNU-stack
                0x0000000000000000        0x0 binaries/rdsinit.o
 .note.GNU-stack
                0x0000000000000000        0x0 binaries/rdsopen.o
 .note.GNU-stack
                0x0000000000000000        0x0 binaries/rdsprocess.o
 .note.GNU-stack
                0x0000000000000000        0x0 binaries/rdsread.o
 .note.GNU-stack
                0x0000000000000000        0x0 binaries/rdswrite.o
 .note.GNU-stack
                0x0000000000000000        0x0 binaries/ramclose.o
 .note.GNU-stack
                0x0000000000000000        0x0 binaries/raminit.o
 .note.GNU-stack
                0x0000000000000000        0x0 binaries/ramopen.o
 .note.GNU-stack
                0x0000000000000000        0x0 binaries/ramread.o
 .note.GNU-stack
                0x0000000000000000        0x0 binaries/ramwrite.o
 .note.GNU-stack
                0x0000000000000000        0x0 binaries/lfdballoc.o
 .note.GNU-stack
                0x0000000000000000        0x0 binaries/lfdbfree.o
 .note.GNU-stack
                0x0000000000000000        0x0 binaries/lfflush.o
 .note.GNU-stack
                0x0000000000000000        0x0 binaries/lfgetmode.o
 .note.GNU-stack
                0x0000000000000000        0x0 binaries/lfiballoc.o
 .note.GNU-stack
                0x0000000000000000        0x0 binaries/lfibclear.o
 .note.GNU-stack
                0x0000000000000000        0x0 binaries/lfibget.o
 .note.GNU-stack
                0x0000000000000000        0x0 binaries/lfibput.o
 .note.GNU-stack
                0x0000000000000000        0x0 binaries/lflclose.o
 .note.GNU-stack
                0x0000000000000000        0x0 binaries/lflcontrol.o
 .note.GNU-stack
                0x0000000000000000        0x0 binaries/lflgetc.o
 .note.GNU-stack
                0x0000000000000000        0x0 binaries/lflinit.o
 .note.GNU-stack
                0x0000000000000000        0x0 binaries/lflputc.o
 .note.GNU-stack
                0x0000000000000000        0x0 binaries/lflread.o
 .note.GNU-stack
                0x0000000000000000        0x0 binaries/lflseek.o
 .note.GNU-stack
                0x0000000000000000        0x0 binaries/lflwrite.o
 .note.GNU-stack
                0x0000000000000000        0x0 binaries/lfsckfmt.o
 .note.GNU-stack
                0x0000000000000000        0x0 binaries/lfscreate.o
 .note.GNU-stack
                0x0000000000000000        0x0 binaries/lfsetup.o
 .note.GNU-stack
                0x0000000000000000        0x0 binaries/lfsinit.o
 .note.GNU-stack
                0x0000000000000000        0x0 binaries/lfsopen.o
 .note.GNU-stack
                0x0000000000000000        0x0 binaries/lftruncate.o
 .note.GNU-stack
                0x0000000000000000        0x0 binaries/rflclose.o
 .note.GNU-stack
                0x0000000000000000        0x0 binaries/rflgetc.o
 .note.GNU-stack
                0x0000000000000000        0x0 binaries/rflinit.o
 .note.GNU-stack
                0x0000000000000000        0x0 binaries/rflputc.o
 .note.GNU-stack
                0x0000000000000000        0x0 binaries/rflread.o
 .note.GNU-stack
                0x0000000000000000        0x0 binaries/rflseek.o
 .note.GNU-stack
                0x0000000000000000        0x0 binaries/rflwrite.o
 .note.GNU-stack
                0x0000000000000000        0x0 binaries/rfscomm.o
 .note.GNU-stack
                0x0000000000000000        0x0 binaries/rfscontrol.o
 .note.GNU-stack
                0x0000000000000000        0x0 binaries/rfsgetmode.o
 .note.GNU-stack
                0x0000000000000000        0x0 binaries/rfsinit.o
 .note.GNU-stack
                0x0000000000000000        0x0 binaries/rfsndmsg.o
 .note.GNU-stack
                0x0000000000000000        0x0 binaries/rfsopen.o
 .note.GNU-stack
                0x0000000000000000        0x0 binaries/arp.o
 .note.GNU-stack
                0x0000000000000000        0x0 binaries/dhcp.o
 .note.GNU-stack
                0x0000000000000000        0x0 binaries/dot2ip.o
 .note.GNU-stack
                0x0000000000000000        0x0 binaries/hexdump.o
 .note.GNU-stack
                0x0000000000000000        0x0 binaries/icmp.o
 .note.GNU-stack
                0x0000000000000000        0x0 binaries/ip.o
 .note.GNU-stack
                0x0000000000000000        0x0 binaries/net.o
 .note.GNU-stack
                0x0000000000000000        0x0 binaries/netstart.o
 .note.GNU-stack
                0x0000000000000000        0x0 binaries/pdump.o
 .note.GNU-stack
                0x0000000000000000        0x0 binaries/tftp.o
 .note.GNU-stack
                0x0000000000000000        0x0 binaries/udp.o
 .note.GNU-stack
                0x0000000000000000        0x0 binaries/addargs.o
 .note.GNU-stack
                0x0000000000000000        0x0 binaries/lexan.o
 .note.GNU-stack
                0x0000000000000000        0x0 binaries/shell.o
 .note.GNU-stack
                0x0000000000000000        0x0 binaries/xsh_argecho.o
 .note.GNU-stack
                0x0000000000000000        0x0 binaries/xsh_arp.o
 .note.GNU-stack
                0x0000000000000000        0x0 binaries/xsh_cat.o
 .note.GNU-stack
                0x0000000000000000        0x0 binaries/xsh_clear.o
 .note.GNU-stack
                0x0000000000000000        0x0 binaries/xsh_date.o
 .note.GNU-stack
                0x0000000000000000        0x0 binaries/xsh_devdump.o
 .note.GNU-stack
                0x0000000000000000        0x0 binaries/xsh_echo.o
 .note.GNU-stack
                0x0000000000000000        0x0 binaries/xsh_exit.o
 .note.GNU-stack
                0x0000000000000000        0x0 binaries/xsh_help.o
 .note.GNU-stack
                0x0000000000000000        0x0 binaries/xsh_ipaddr.o
 .note.GNU-stack
                0x0000000000000000        0x0 binaries/xsh_kill.o
 .note.GNU-stack
                0x0000000000000000        0x0 binaries/xsh_memdump.o
 .note.GNU-stack
                0x0000000000000000        0x0 binaries/xsh_memstat.o
 .note.GNU-stack
                0x0000000000000000        0x0 binaries/xsh_ping.o
 .note.GNU-stack
                0x0000000000000000        0x0 binaries/xsh_ps.o
 .note.GNU-stack
                0x0000000000000000        0x0 binaries/xsh_sleep.o
 .note.GNU-stack
                0x0000000000000000        0x0 binaries/xsh_udpdump.o
 .note.GNU-stack
                0x0000000000000000        0x0 binaries/xsh_udpecho.o
 .note.GNU-stack
                0x0000000000000000        0x0 binaries/xsh_udpeserver.o
 .note.GNU-stack
                0x0000000000000000        0x0 binaries/xsh_uptime.o
